Archive member included to satisfy reference by file (symbol)

c:/progra~2/gnuarm~1/102021~1.10/bin/../lib/gcc/arm-none-eabi/10.3.1/../../../../arm-none-eabi/lib/thumb/v8-m.main+fp/softfp\libm.a(lib_a-wf_sqrt.o)
                              CMakeFiles/projecto_tp.dir/dd8c7786a820e656579efbb0d3f98f54/RTOS_y_arquitecturas/pico-sdk/src/rp2_common/pico_float/float_math.c.obj (sqrtf)
c:/progra~2/gnuarm~1/102021~1.10/bin/../lib/gcc/arm-none-eabi/10.3.1/../../../../arm-none-eabi/lib/thumb/v8-m.main+fp/softfp\libm.a(lib_a-ef_sqrt.o)
                              c:/progra~2/gnuarm~1/102021~1.10/bin/../lib/gcc/arm-none-eabi/10.3.1/../../../../arm-none-eabi/lib/thumb/v8-m.main+fp/softfp\libm.a(lib_a-wf_sqrt.o) (__ieee754_sqrtf)
c:/progra~2/gnuarm~1/102021~1.10/bin/../lib/gcc/arm-none-eabi/10.3.1/thumb/v8-m.main+fp/softfp\libgcc.a(_arm_addsubdf3.o)
                              CMakeFiles/projecto_tp.dir/dd8c7786a820e656579efbb0d3f98f54/RTOS_y_arquitecturas/pico-sdk/src/rp2_common/pico_float/float_math.c.obj (__aeabi_f2d)
c:/progra~2/gnuarm~1/102021~1.10/bin/../lib/gcc/arm-none-eabi/10.3.1/thumb/v8-m.main+fp/softfp\libgcc.a(_aeabi_ldivmod.o)
                              CMakeFiles/projecto_tp.dir/867b3657bfc328e555055c7423ee0319/Especialidad_SEMB/RTOS_y_arquitecturas/pico-sdk/src/common/pico_time/time.c.obj (__aeabi_ldivmod)
c:/progra~2/gnuarm~1/102021~1.10/bin/../lib/gcc/arm-none-eabi/10.3.1/thumb/v8-m.main+fp/softfp\libgcc.a(_aeabi_uldivmod.o)
                              CMakeFiles/projecto_tp.dir/dd8c7786a820e656579efbb0d3f98f54/RTOS_y_arquitecturas/pico-sdk/src/rp2_common/hardware_clocks/clocks.c.obj (__aeabi_uldivmod)
c:/progra~2/gnuarm~1/102021~1.10/bin/../lib/gcc/arm-none-eabi/10.3.1/thumb/v8-m.main+fp/softfp\libgcc.a(_udivmoddi4.o)
                              c:/progra~2/gnuarm~1/102021~1.10/bin/../lib/gcc/arm-none-eabi/10.3.1/thumb/v8-m.main+fp/softfp\libgcc.a(_aeabi_ldivmod.o) (__udivmoddi4)
c:/progra~2/gnuarm~1/102021~1.10/bin/../lib/gcc/arm-none-eabi/10.3.1/thumb/v8-m.main+fp/softfp\libgcc.a(_dvmd_tls.o)
                              c:/progra~2/gnuarm~1/102021~1.10/bin/../lib/gcc/arm-none-eabi/10.3.1/thumb/v8-m.main+fp/softfp\libgcc.a(_aeabi_ldivmod.o) (__aeabi_ldiv0)
c:/progra~2/gnuarm~1/102021~1.10/bin/../lib/gcc/arm-none-eabi/10.3.1/../../../../arm-none-eabi/lib/thumb/v8-m.main+fp/softfp\libg.a(lib_a-calloc.o)
                              CMakeFiles/projecto_tp.dir/dd8c7786a820e656579efbb0d3f98f54/RTOS_y_arquitecturas/pico-sdk/src/rp2_common/pico_malloc/malloc.c.obj (calloc)
c:/progra~2/gnuarm~1/102021~1.10/bin/../lib/gcc/arm-none-eabi/10.3.1/../../../../arm-none-eabi/lib/thumb/v8-m.main+fp/softfp\libg.a(lib_a-callocr.o)
                              c:/progra~2/gnuarm~1/102021~1.10/bin/../lib/gcc/arm-none-eabi/10.3.1/../../../../arm-none-eabi/lib/thumb/v8-m.main+fp/softfp\libg.a(lib_a-calloc.o) (_calloc_r)
c:/progra~2/gnuarm~1/102021~1.10/bin/../lib/gcc/arm-none-eabi/10.3.1/../../../../arm-none-eabi/lib/thumb/v8-m.main+fp/softfp\libg.a(lib_a-errno.o)
                              c:/progra~2/gnuarm~1/102021~1.10/bin/../lib/gcc/arm-none-eabi/10.3.1/../../../../arm-none-eabi/lib/thumb/v8-m.main+fp/softfp\libm.a(lib_a-wf_sqrt.o) (__errno)
c:/progra~2/gnuarm~1/102021~1.10/bin/../lib/gcc/arm-none-eabi/10.3.1/../../../../arm-none-eabi/lib/thumb/v8-m.main+fp/softfp\libg.a(lib_a-impure.o)
                              c:/progra~2/gnuarm~1/102021~1.10/bin/../lib/gcc/arm-none-eabi/10.3.1/../../../../arm-none-eabi/lib/thumb/v8-m.main+fp/softfp\libg.a(lib_a-calloc.o) (_impure_ptr)
c:/progra~2/gnuarm~1/102021~1.10/bin/../lib/gcc/arm-none-eabi/10.3.1/../../../../arm-none-eabi/lib/thumb/v8-m.main+fp/softfp\libg.a(lib_a-init.o)
                              c:/progra~2/gnuarm~1/102021~1.10/bin/../lib/gcc/arm-none-eabi/10.3.1/../../../../arm-none-eabi/lib/thumb/v8-m.main+fp/softfp/crt0.o (__libc_init_array)
c:/progra~2/gnuarm~1/102021~1.10/bin/../lib/gcc/arm-none-eabi/10.3.1/../../../../arm-none-eabi/lib/thumb/v8-m.main+fp/softfp\libg.a(lib_a-lcltime_r.o)
                              CMakeFiles/projecto_tp.dir/dd8c7786a820e656579efbb0d3f98f54/RTOS_y_arquitecturas/pico-sdk/src/common/pico_util/datetime.c.obj (localtime_r)
c:/progra~2/gnuarm~1/102021~1.10/bin/../lib/gcc/arm-none-eabi/10.3.1/../../../../arm-none-eabi/lib/thumb/v8-m.main+fp/softfp\libg.a(lib_a-malloc.o)
                              CMakeFiles/projecto_tp.dir/dd8c7786a820e656579efbb0d3f98f54/RTOS_y_arquitecturas/pico-sdk/src/rp2_common/pico_malloc/malloc.c.obj (malloc)
c:/progra~2/gnuarm~1/102021~1.10/bin/../lib/gcc/arm-none-eabi/10.3.1/../../../../arm-none-eabi/lib/thumb/v8-m.main+fp/softfp\libg.a(lib_a-mallocr.o)
                              c:/progra~2/gnuarm~1/102021~1.10/bin/../lib/gcc/arm-none-eabi/10.3.1/../../../../arm-none-eabi/lib/thumb/v8-m.main+fp/softfp\libg.a(lib_a-callocr.o) (_malloc_r)
[...]
Memory Configuration

Name             Origin             Length             Attributes
FLASH            0x10000000         0x00400000         xr
RAM              0x20000000         0x00080000         xrw
SCRATCH_X        0x20080000         0x00001000         xrw
SCRATCH_Y        0x20081000         0x00001000         xrw
*default*        0x00000000         0xffffffff

Linker script and memory map

LOAD c:/progra~2/gnuarm~1/102021~1.10/bin/../lib/gcc/arm-none-eabi/10.3.1/thumb/v8-m.main+fp/softfp/crti.o
LOAD c:/progra~2/gnuarm~1/102021~1.10/bin/../lib/gcc/arm-none-eabi/10.3.1/thumb/v8-m.main+fp/softfp/crtbegin.o
LOAD c:/progra~2/gnuarm~1/102021~1.10/bin/../lib/gcc/arm-none-eabi/10.3.1/../../../../arm-none-eabi/lib/thumb/v8-m.main+fp/softfp/crt0.o

.flash_begin    0x10000000        0x0
                0x10000000                __flash_binary_start = .

.text           0x10000000     0x9774
                0x10000000                __logical_binary_start = .
 *(.vectors)
 .vectors       0x10000000      0x124 CMakeFiles/projecto_tp.dir/dd8c7786a820e656579efbb0d3f98f54/RTOS_y_arquitecturas/pico-sdk/src/rp2_common/pico_crt0/crt0.S.obj
                0x10000000                __VECTOR_TABLE
                0x10000000                __vectors
                0x10000110                __unhandled_user_irq
                0x10000110                isr_irq49
                0x10000110                isr_irq13
                0x10000110                isr_irq43
                0x10000110                isr_irq45
                0x10000110                isr_irq27
                0x10000110                isr_irq32
                0x10000110                isr_irq31
                0x10000110                isr_irq12
                0x10000110                isr_irq5
                0x10000110                isr_irq11
                0x10000110                isr_irq3
                0x10000110                isr_irq23
                0x10000110                isr_usagefault
                0x10000110                isr_irq48
                0x10000110                isr_irq30
                0x10000110                isr_irq18
                0x10000110                isr_irq50
                0x10000110                isr_irq33
                0x10000110                isr_irq40
                0x10000110                isr_irq28
                0x10000110                isr_irq19
                0x10000110                isr_irq36
                0x10000110                isr_irq41
                0x10000110                isr_irq0
                0x10000110                isr_irq6
                0x10000110                isr_irq26
                0x10000110                isr_irq29
                0x10000110                isr_memmanage
                0x10000110                isr_irq37
                0x10000110                isr_irq42
                0x10000110                isr_irq22
                0x10000110                isr_irq35
                0x10000110                isr_irq17
                0x10000110                isr_irq38
                0x10000110                isr_irq14
                0x10000110                __vectors_end
                0x10000110                __default_isrs_start
                0x10000110                isr_irq2
                0x10000110                isr_irq10
                0x10000110                isr_irq8
                0x10000110                isr_debugmonitor
                0x10000110                isr_irq24
                0x10000110                isr_irq46
                0x10000110                isr_irq1
                0x10000110                isr_irq47
                0x10000110                isr_irq51
                0x10000110                isr_irq7
                0x10000110                isr_irq21
                0x10000110                isr_irq39
                0x10000110                isr_irq20
                0x10000110                isr_irq15
                0x10000110                isr_irq25
                0x10000110                isr_irq34
                0x10000110                isr_irq44
                0x10000110                isr_securefault
                0x10000110                isr_irq4
                0x10000110                isr_busfault
                0x10000110                isr_irq16
                0x10000110                isr_irq9
                0x10000116                unhandled_user_irq_num_in_r0
                0x10000118                isr_invalid
                0x1000011a                isr_nmi
                0x1000011c                isr_hardfault
                0x1000011e                isr_svcall
                0x10000120                isr_pendsv
                0x10000122                isr_systick
                0x10000124                __default_isrs_end
 *(.binary_info_header)
 .binary_info_header
                0x10000124       0x14 CMakeFiles/projecto_tp.dir/dd8c7786a820e656579efbb0d3f98f54/RTOS_y_arquitecturas/pico-sdk/src/rp2_common/pico_crt0/crt0.S.obj
                0x10000138                __binary_info_header_end = .
 *(.embedded_block)
 .embedded_block
                0x10000138       0x14 CMakeFiles/projecto_tp.dir/dd8c7786a820e656579efbb0d3f98f54/RTOS_y_arquitecturas/pico-sdk/src/rp2_common/pico_crt0/crt0.S.obj
                0x1000014c                __embedded_block_end = .
 *(.reset)
 .reset         0x1000014c       0x98 CMakeFiles/projecto_tp.dir/dd8c7786a820e656579efbb0d3f98f54/RTOS_y_arquitecturas/pico-sdk/src/rp2_common/pico_crt0/crt0.S.obj
                0x1000014c                _entry_point
 *(.init)
 .init          0x100001e4        0x4 c:/progra~2/gnuarm~1/102021~1.10/bin/../lib/gcc/arm-none-eabi/10.3.1/thumb/v8-m.main+fp/softfp/crti.o
                0x100001e4                _init
 *libgcc.a:cmse_nonsecure_call.o()
 *(EXCLUDE_FILE(*libm.a: *libc.a:*lib_a-mem*.o *libgcc.a:) .text*)
 .text          0x100001e8       0x40 c:/progra~2/gnuarm~1/102021~1.10/bin/../lib/gcc/arm-none-eabi/10.3.1/thumb/v8-m.main+fp/softfp/crtbegin.o
 .text.Filtrar_muestras
                0x10000228       0x34 CMakeFiles/projecto_tp.dir/projecto_tpc.c.obj
                0x10000228                Filtrar_muestras
 .text.max30100_read_fifo_data
                0x1000025c       0x8c CMakeFiles/projecto_tp.dir/projecto_tpc.c.obj
                0x1000025c                max30100_read_fifo_data
 .text.gpio_check
                0x100002e8       0x60 CMakeFiles/projecto_tp.dir/projecto_tpc.c.obj
                0x100002e8                gpio_check
 .text.init_queues_and_stuff
                0x10000348       0x60 CMakeFiles/projecto_tp.dir/projecto_tpc.c.obj
                0x10000348                init_queues_and_stuff
 .text.max30100_write_register
                0x100003a8       0x3c CMakeFiles/projecto_tp.dir/projecto_tpc.c.obj
                0x100003a8                max30100_write_register
 .text.max30100_init_with_interrupts
                0x100003e4      0x248 CMakeFiles/projecto_tp.dir/projecto_tpc.c.obj
                0x100003e4                max30100_init_with_interrupts
 .text.startup.main
                0x1000062c       0xc0 CMakeFiles/projecto_tp.dir/projecto_tpc.c.obj
                0x1000062c                main
 .text.gpio_set_function
                0x100006ec       0x3c CMakeFiles/projecto_tp.dir/dd8c7786a820e656579efbb0d3f98f54/RTOS_y_arquitecturas/pico-sdk/src/rp2_common/hardware_gpio/gpio.c.obj
                0x100006ec                gpio_set_function
 .text.gpio_set_pulls
                0x10000728       0x34 CMakeFiles/projecto_tp.dir/dd8c7786a820e656579efbb0d3f98f54/RTOS_y_arquitecturas/pico-sdk/src/rp2_common/hardware_gpio/gpio.c.obj
                0x10000728                gpio_set_pulls
 .text.gpio_init
                0x1000075c       0x44 CMakeFiles/projecto_tp.dir/dd8c7786a820e656579efbb0d3f98f54/RTOS_y_arquitecturas/pico-sdk/src/rp2_common/hardware_gpio/gpio.c.obj
                0x1000075c                gpio_init
 .text.panic    0x100007a0       0x30 CMakeFiles/projecto_tp.dir/dd8c7786a820e656579efbb0d3f98f54/RTOS_y_arquitecturas/pico-sdk/src/rp2_common/pico_platform_panic/panic.c.obj
                0x100007a0                panic
 .text.hw_claim_lock
                0x100007d0       0x24 CMakeFiles/projecto_tp.dir/dd8c7786a820e656579efbb0d3f98f54/RTOS_y_arquitecturas/pico-sdk/src/common/hardware_claim/claim.c.obj
                0x100007d0                hw_claim_lock
 .text.hw_claim_unlock
                0x100007f4       0x14 CMakeFiles/projecto_tp.dir/dd8c7786a820e656579efbb0d3f98f54/RTOS_y_arquitecturas/pico-sdk/src/common/hardware_claim/claim.c.obj
                0x100007f4                hw_claim_unlock
 .text.hw_claim_or_assert
                0x10000808       0x5c CMakeFiles/projecto_tp.dir/dd8c7786a820e656579efbb0d3f98f54/RTOS_y_arquitecturas/pico-sdk/src/common/hardware_claim/claim.c.obj
                0x10000808                hw_claim_or_assert
 .text.hw_claim_unused_from_range
                0x10000864       0x9c CMakeFiles/projecto_tp.dir/dd8c7786a820e656579efbb0d3f98f54/RTOS_y_arquitecturas/pico-sdk/src/common/hardware_claim/claim.c.obj
                0x10000864                hw_claim_unused_from_range
 .text.next_striped_spin_lock_num
                0x10000900       0x18 CMakeFiles/projecto_tp.dir/dd8c7786a820e656579efbb0d3f98f54/RTOS_y_arquitecturas/pico-sdk/src/rp2_common/hardware_sync/sync.c.obj
                0x10000900                next_striped_spin_lock_num
 .text.spin_lock_claim
                0x10000918       0x14 CMakeFiles/projecto_tp.dir/dd8c7786a820e656579efbb0d3f98f54/RTOS_y_arquitecturas/pico-sdk/src/rp2_common/hardware_sync/sync.c.obj
                0x10000918                spin_lock_claim
 .text.spin_lock_claim_unused
                0x1000092c       0x20 CMakeFiles/projecto_tp.dir/dd8c7786a820e656579efbb0d3f98f54/RTOS_y_arquitecturas/pico-sdk/src/rp2_common/hardware_sync/sync.c.obj
                0x1000092c                spin_lock_claim_unused
 .text.spinlock_set_extexclall
                0x1000094c       0x10 CMakeFiles/projecto_tp.dir/804150199349899753a8711307edc92f/pico-sdk/src/rp2_common/hardware_sync_spin_lock/sync_spin_lock.c.obj
 .text.spin_locks_reset
                0x1000095c       0x18 CMakeFiles/projecto_tp.dir/804150199349899753a8711307edc92f/pico-sdk/src/rp2_common/hardware_sync_spin_lock/sync_spin_lock.c.obj
                0x1000095c                spin_locks_reset
 .text.runtime_init_per_core_irq_priorities
                0x10000974       0x40 CMakeFiles/projecto_tp.dir/dd8c7786a820e656579efbb0d3f98f54/RTOS_y_arquitecturas/pico-sdk/src/rp2_common/hardware_irq/irq.c.obj
                0x10000974                runtime_init_per_core_irq_priorities
 .text.irq_set_enabled
                0x100009b4       0x2c CMakeFiles/projecto_tp.dir/dd8c7786a820e656579efbb0d3f98f54/RTOS_y_arquitecturas/pico-sdk/src/rp2_common/hardware_irq/irq.c.obj
                0x100009b4                irq_set_enabled
 .text.irq_is_enabled
                0x100009e0       0x20 CMakeFiles/projecto_tp.dir/dd8c7786a820e656579efbb0d3f98f54/RTOS_y_arquitecturas/pico-sdk/src/rp2_common/hardware_irq/irq.c.obj
                0x100009e0                irq_is_enabled
 .text.irq_set_pending
                0x10000a00       0x1c CMakeFiles/projecto_tp.dir/dd8c7786a820e656579efbb0d3f98f54/RTOS_y_arquitecturas/pico-sdk/src/rp2_common/hardware_irq/irq.c.obj
                0x10000a00                irq_set_pending
 .text.irq_has_shared_handler
                0x10000a1c       0x20 CMakeFiles/projecto_tp.dir/dd8c7786a820e656579efbb0d3f98f54/RTOS_y_arquitecturas/pico-sdk/src/rp2_common/hardware_irq/irq.c.obj
                0x10000a1c                irq_has_shared_handler
 .text.irq_set_exclusive_handler
                0x10000a3c       0x60 CMakeFiles/projecto_tp.dir/dd8c7786a820e656579efbb0d3f98f54/RTOS_y_arquitecturas/pico-sdk/src/rp2_common/hardware_irq/irq.c.obj
                0x10000a3c                irq_set_exclusive_handler
 .text.irq_add_shared_handler
                0x10000a9c      0x1e8 CMakeFiles/projecto_tp.dir/dd8c7786a820e656579efbb0d3f98f54/RTOS_y_arquitecturas/pico-sdk/src/rp2_common/hardware_irq/irq.c.obj
                0x10000a9c                irq_add_shared_handler
 .text.irq_set_priority
                0x10000c84       0x28 CMakeFiles/projecto_tp.dir/dd8c7786a820e656579efbb0d3f98f54/RTOS_y_arquitecturas/pico-sdk/src/rp2_common/hardware_irq/irq.c.obj
                0x10000c84                irq_set_priority
 .text.irq_add_tail_to_free_list
                0x10000cac       0xbc CMakeFiles/projecto_tp.dir/dd8c7786a820e656579efbb0d3f98f54/RTOS_y_arquitecturas/pico-sdk/src/rp2_common/hardware_irq/irq.c.obj
                0x10000cac                irq_add_tail_to_free_list
 .text.user_irq_claim_unused
                0x10000d68       0x28 CMakeFiles/projecto_tp.dir/dd8c7786a820e656579efbb0d3f98f54/RTOS_y_arquitecturas/pico-sdk/src/rp2_common/hardware_irq/irq.c.obj
                0x10000d68                user_irq_claim_unused
 .text.lock_init
                0x10000d90        0xc CMakeFiles/projecto_tp.dir/dd8c7786a820e656579efbb0d3f98f54/RTOS_y_arquitecturas/pico-sdk/src/common/pico_sync/lock_core.c.obj
                0x10000d90                lock_init
 .text.runtime_init_mutex
                0x10000d9c       0x64 CMakeFiles/projecto_tp.dir/dd8c7786a820e656579efbb0d3f98f54/RTOS_y_arquitecturas/pico-sdk/src/common/pico_sync/mutex.c.obj
                0x10000d9c                runtime_init_mutex
 .text.mutex_init
                0x10000e00       0x1c CMakeFiles/projecto_tp.dir/dd8c7786a820e656579efbb0d3f98f54/RTOS_y_arquitecturas/pico-sdk/src/common/pico_sync/mutex.c.obj
                0x10000e00                mutex_init
 .text.critical_section_init
                0x10000e1c       0x1c CMakeFiles/projecto_tp.dir/dd8c7786a820e656579efbb0d3f98f54/RTOS_y_arquitecturas/pico-sdk/src/common/pico_sync/critical_section.c.obj
                0x10000e1c                critical_section_init
 .text.critical_section_init_with_lock_num
                0x10000e38       0x10 CMakeFiles/projecto_tp.dir/dd8c7786a820e656579efbb0d3f98f54/RTOS_y_arquitecturas/pico-sdk/src/common/pico_sync/critical_section.c.obj
                0x10000e38                critical_section_init_with_lock_num
 .text.alarm_pool_irq_handler
                0x10000e48      0x300 CMakeFiles/projecto_tp.dir/867b3657bfc328e555055c7423ee0319/Especialidad_SEMB/RTOS_y_arquitecturas/pico-sdk/src/common/pico_time/time.c.obj
 .text.sleep_until_callback
                0x10001148       0x34 CMakeFiles/projecto_tp.dir/867b3657bfc328e555055c7423ee0319/Especialidad_SEMB/RTOS_y_arquitecturas/pico-sdk/src/common/pico_time/time.c.obj
 .text.runtime_init_default_alarm_pool
                0x1000117c      0x100 CMakeFiles/projecto_tp.dir/867b3657bfc328e555055c7423ee0319/Especialidad_SEMB/RTOS_y_arquitecturas/pico-sdk/src/common/pico_time/time.c.obj
                0x1000117c                runtime_init_default_alarm_pool
 .text.alarm_pool_get_default
                0x1000127c        0x8 CMakeFiles/projecto_tp.dir/867b3657bfc328e555055c7423ee0319/Especialidad_SEMB/RTOS_y_arquitecturas/pico-sdk/src/common/pico_time/time.c.obj
                0x1000127c                alarm_pool_get_default
 .text.alarm_pool_add_alarm_at
                0x10001284       0xdc CMakeFiles/projecto_tp.dir/867b3657bfc328e555055c7423ee0319/Especialidad_SEMB/RTOS_y_arquitecturas/pico-sdk/src/common/pico_time/time.c.obj
                0x10001284                alarm_pool_add_alarm_at
 .text.alarm_pool_add_alarm_at_force_in_context
                0x10001360       0xc4 CMakeFiles/projecto_tp.dir/867b3657bfc328e555055c7423ee0319/Especialidad_SEMB/RTOS_y_arquitecturas/pico-sdk/src/common/pico_time/time.c.obj
                0x10001360                alarm_pool_add_alarm_at_force_in_context
 .text.alarm_pool_cancel_alarm
                0x10001424       0x80 CMakeFiles/projecto_tp.dir/867b3657bfc328e555055c7423ee0319/Especialidad_SEMB/RTOS_y_arquitecturas/pico-sdk/src/common/pico_time/time.c.obj
                0x10001424                alarm_pool_cancel_alarm
 .text.alarm_pool_core_num
                0x100014a4        0x4 CMakeFiles/projecto_tp.dir/867b3657bfc328e555055c7423ee0319/Especialidad_SEMB/RTOS_y_arquitecturas/pico-sdk/src/common/pico_time/time.c.obj
                0x100014a4                alarm_pool_core_num
 .text.sleep_until
                0x100014a8       0xb8 CMakeFiles/projecto_tp.dir/867b3657bfc328e555055c7423ee0319/Especialidad_SEMB/RTOS_y_arquitecturas/pico-sdk/src/common/pico_time/time.c.obj
                0x100014a8                sleep_until
 .text.sleep_ms
                0x10001560       0x24 CMakeFiles/projecto_tp.dir/867b3657bfc328e555055c7423ee0319/Especialidad_SEMB/RTOS_y_arquitecturas/pico-sdk/src/common/pico_time/time.c.obj
                0x10001560                sleep_ms
 .text.best_effort_wfe_or_timeout
                0x10001584       0xdc CMakeFiles/projecto_tp.dir/867b3657bfc328e555055c7423ee0319/Especialidad_SEMB/RTOS_y_arquitecturas/pico-sdk/src/common/pico_time/time.c.obj
                0x10001584                best_effort_wfe_or_timeout
 .text.timer_hardware_alarm_claim
                0x10001660       0x24 CMakeFiles/projecto_tp.dir/dd8c7786a820e656579efbb0d3f98f54/RTOS_y_arquitecturas/pico-sdk/src/rp2_common/hardware_timer/timer.c.obj
                0x10001660                timer_hardware_alarm_claim
 .text.timer_time_us_64
                0x10001684       0x10 CMakeFiles/projecto_tp.dir/dd8c7786a820e656579efbb0d3f98f54/RTOS_y_arquitecturas/pico-sdk/src/rp2_common/hardware_timer/timer.c.obj
                0x10001684                timer_time_us_64
 .text.time_us_64
                0x10001694       0x14 CMakeFiles/projecto_tp.dir/dd8c7786a820e656579efbb0d3f98f54/RTOS_y_arquitecturas/pico-sdk/src/rp2_common/hardware_timer/timer.c.obj
                0x10001694                time_us_64
 .text.busy_wait_until
                0x100016a8       0x24 CMakeFiles/projecto_tp.dir/dd8c7786a820e656579efbb0d3f98f54/RTOS_y_arquitecturas/pico-sdk/src/rp2_common/hardware_timer/timer.c.obj
                0x100016a8                busy_wait_until
 .text.i2c_read_blocking_internal.constprop.0
                0x100016cc       0x88 CMakeFiles/projecto_tp.dir/dd8c7786a820e656579efbb0d3f98f54/RTOS_y_arquitecturas/pico-sdk/src/rp2_common/hardware_i2c/i2c.c.obj
 .text.i2c_write_blocking_internal.constprop.0
                0x10001754       0xb8 CMakeFiles/projecto_tp.dir/dd8c7786a820e656579efbb0d3f98f54/RTOS_y_arquitecturas/pico-sdk/src/rp2_common/hardware_i2c/i2c.c.obj
 .text.i2c_set_baudrate
                0x1000180c       0xa8 CMakeFiles/projecto_tp.dir/dd8c7786a820e656579efbb0d3f98f54/RTOS_y_arquitecturas/pico-sdk/src/rp2_common/hardware_i2c/i2c.c.obj
                0x1000180c                i2c_set_baudrate
 .text.i2c_init
                0x100018b4       0x4c CMakeFiles/projecto_tp.dir/dd8c7786a820e656579efbb0d3f98f54/RTOS_y_arquitecturas/pico-sdk/src/rp2_common/hardware_i2c/i2c.c.obj
                0x100018b4                i2c_init
 .text.i2c_write_blocking
                0x10001900       0x10 CMakeFiles/projecto_tp.dir/dd8c7786a820e656579efbb0d3f98f54/RTOS_y_arquitecturas/pico-sdk/src/rp2_common/hardware_i2c/i2c.c.obj
                0x10001900                i2c_write_blocking
 .text.i2c_read_blocking
                0x10001910       0x10 CMakeFiles/projecto_tp.dir/dd8c7786a820e656579efbb0d3f98f54/RTOS_y_arquitecturas/pico-sdk/src/rp2_common/hardware_i2c/i2c.c.obj
                0x10001910                i2c_read_blocking
 .text.clock_configure_undivided
                0x10001920       0xd0 CMakeFiles/projecto_tp.dir/dd8c7786a820e656579efbb0d3f98f54/RTOS_y_arquitecturas/pico-sdk/src/rp2_common/hardware_clocks/clocks.c.obj
                0x10001920                clock_configure_undivided
 .text.clock_get_hz
                0x100019f0        0xc CMakeFiles/projecto_tp.dir/dd8c7786a820e656579efbb0d3f98f54/RTOS_y_arquitecturas/pico-sdk/src/rp2_common/hardware_clocks/clocks.c.obj
                0x100019f0                clock_get_hz
 .text.pll_init
                0x100019fc       0x8c CMakeFiles/projecto_tp.dir/dd8c7786a820e656579efbb0d3f98f54/RTOS_y_arquitecturas/pico-sdk/src/rp2_common/hardware_pll/pll.c.obj
                0x100019fc                pll_init
 .text.watchdog_reboot
                0x10001a88       0x9c CMakeFiles/projecto_tp.dir/dd8c7786a820e656579efbb0d3f98f54/RTOS_y_arquitecturas/pico-sdk/src/rp2_common/hardware_watchdog/watchdog.c.obj
                0x10001a88                watchdog_reboot
 .text.tick_start
                0x10001b24       0x18 CMakeFiles/projecto_tp.dir/dd8c7786a820e656579efbb0d3f98f54/RTOS_y_arquitecturas/pico-sdk/src/rp2_common/hardware_ticks/ticks.c.obj
                0x10001b24                tick_start
 .text.rom_reboot.constprop.0.isra.0
                0x10001b3c       0x38 CMakeFiles/projecto_tp.dir/dd8c7786a820e656579efbb0d3f98f54/RTOS_y_arquitecturas/pico-sdk/src/rp2_common/pico_bootrom/bootrom.c.obj
 .text.rom_func_lookup
                0x10001b74       0x18 CMakeFiles/projecto_tp.dir/dd8c7786a820e656579efbb0d3f98f54/RTOS_y_arquitecturas/pico-sdk/src/rp2_common/pico_bootrom/bootrom.c.obj
                0x10001b74                rom_func_lookup
 .text.rom_reset_usb_boot_extra
                0x10001b8c       0x1c CMakeFiles/projecto_tp.dir/dd8c7786a820e656579efbb0d3f98f54/RTOS_y_arquitecturas/pico-sdk/src/rp2_common/pico_bootrom/bootrom.c.obj
                0x10001b8c                rom_reset_usb_boot_extra
 .text.runtime_init_bootrom_locking_enable
                0x10001ba8       0x14 CMakeFiles/projecto_tp.dir/dd8c7786a820e656579efbb0d3f98f54/RTOS_y_arquitecturas/pico-sdk/src/rp2_common/pico_bootrom/bootrom_lock.c.obj
                0x10001ba8                runtime_init_bootrom_locking_enable
 .text.runtime_init_boot_locks_reset
                0x10001bbc       0x1c CMakeFiles/projecto_tp.dir/dd8c7786a820e656579efbb0d3f98f54/RTOS_y_arquitecturas/pico-sdk/src/rp2_common/hardware_boot_lock/boot_lock.c.obj
                0x10001bbc                runtime_init_boot_locks_reset
 .text.xosc_init
                0x10001bd8       0x30 CMakeFiles/projecto_tp.dir/dd8c7786a820e656579efbb0d3f98f54/RTOS_y_arquitecturas/pico-sdk/src/rp2_common/hardware_xosc/xosc.c.obj
                0x10001bd8                xosc_init
 .text.pvPortMalloc
                0x10001c08      0x108 CMakeFiles/projecto_tp.dir/dd8c7786a820e656579efbb0d3f98f54/RTOS_y_arquitecturas/FreeRTOS-Kernel/portable/MemMang/heap_4.c.obj
                0x10001c08                pvPortMalloc
 .text.vPortFree
                0x10001d10       0x94 CMakeFiles/projecto_tp.dir/dd8c7786a820e656579efbb0d3f98f54/RTOS_y_arquitecturas/FreeRTOS-Kernel/portable/MemMang/heap_4.c.obj
                0x10001d10                vPortFree
 .text.prvDoorbellInterruptHandler
                0x10001da4       0x30 CMakeFiles/projecto_tp.dir/804150199349899753a8711307edc92f/FreeRTOS-Kernel/portable/ThirdParty/GCC/RP2350_ARM_NTZ/non_secure/port.c.obj
 .text.prvTaskExitError
                0x10001dd4       0x18 CMakeFiles/projecto_tp.dir/804150199349899753a8711307edc92f/FreeRTOS-Kernel/portable/ThirdParty/GCC/RP2350_ARM_NTZ/non_secure/port.c.obj
 .text.SysTick_Handler
                0x10001dec       0x24 CMakeFiles/projecto_tp.dir/804150199349899753a8711307edc92f/FreeRTOS-Kernel/portable/ThirdParty/GCC/RP2350_ARM_NTZ/non_secure/port.c.obj
                0x10001dec                SysTick_Handler
 .text.vPortSetupTimerInterrupt
                0x10001e10       0x2c CMakeFiles/projecto_tp.dir/804150199349899753a8711307edc92f/FreeRTOS-Kernel/portable/ThirdParty/GCC/RP2350_ARM_NTZ/non_secure/port.c.obj
                0x10001e10                vPortSetupTimerInterrupt
 .text.xPortStartSchedulerOnCore.isra.0
                0x10001e3c      0x10c CMakeFiles/projecto_tp.dir/804150199349899753a8711307edc92f/FreeRTOS-Kernel/portable/ThirdParty/GCC/RP2350_ARM_NTZ/non_secure/port.c.obj
 .text.prvDisableInterruptsAndPortStartSchedulerOnCore
                0x10001f48       0x10 CMakeFiles/projecto_tp.dir/804150199349899753a8711307edc92f/FreeRTOS-Kernel/portable/ThirdParty/GCC/RP2350_ARM_NTZ/non_secure/port.c.obj
 .text.vPortYield
                0x10001f58       0x18 CMakeFiles/projecto_tp.dir/804150199349899753a8711307edc92f/FreeRTOS-Kernel/portable/ThirdParty/GCC/RP2350_ARM_NTZ/non_secure/port.c.obj
                0x10001f58                vPortYield
 .text.vPortSVCHandler_C
                0x10001f70       0x2c CMakeFiles/projecto_tp.dir/804150199349899753a8711307edc92f/FreeRTOS-Kernel/portable/ThirdParty/GCC/RP2350_ARM_NTZ/non_secure/port.c.obj
                0x10001f70                vPortSVCHandler_C
 .text.pxPortInitialiseStack
                0x10001f9c       0x7c CMakeFiles/projecto_tp.dir/804150199349899753a8711307edc92f/FreeRTOS-Kernel/portable/ThirdParty/GCC/RP2350_ARM_NTZ/non_secure/port.c.obj
                0x10001f9c                pxPortInitialiseStack
 .text.xPortStartScheduler
                0x10002018       0x50 CMakeFiles/projecto_tp.dir/804150199349899753a8711307edc92f/FreeRTOS-Kernel/portable/ThirdParty/GCC/RP2350_ARM_NTZ/non_secure/port.c.obj
                0x10002018                xPortStartScheduler
 .text.vPortValidateInterruptPriority
                0x10002068       0x14 CMakeFiles/projecto_tp.dir/804150199349899753a8711307edc92f/FreeRTOS-Kernel/portable/ThirdParty/GCC/RP2350_ARM_NTZ/non_secure/port.c.obj
                0x10002068                vPortValidateInterruptPriority
 .text.ulPortLockGetCurrentOwnerId
                0x1000207c       0x2c CMakeFiles/projecto_tp.dir/804150199349899753a8711307edc92f/FreeRTOS-Kernel/portable/ThirdParty/GCC/RP2350_ARM_NTZ/non_secure/port.c.obj
                0x1000207c                ulPortLockGetCurrentOwnerId
 .text.vPortLockInternalSpinUnlockWithWait
                0x100020a8       0x68 CMakeFiles/projecto_tp.dir/804150199349899753a8711307edc92f/FreeRTOS-Kernel/portable/ThirdParty/GCC/RP2350_ARM_NTZ/non_secure/port.c.obj
                0x100020a8                vPortLockInternalSpinUnlockWithWait
 .text.vPortLockInternalSpinUnlockWithNotify
                0x10002110       0x94 CMakeFiles/projecto_tp.dir/804150199349899753a8711307edc92f/FreeRTOS-Kernel/portable/ThirdParty/GCC/RP2350_ARM_NTZ/non_secure/port.c.obj
                0x10002110                vPortLockInternalSpinUnlockWithNotify
 .text.xPortLockInternalSpinUnlockWithBestEffortWaitOrTimeout
                0x100021a4       0xec CMakeFiles/projecto_tp.dir/804150199349899753a8711307edc92f/FreeRTOS-Kernel/portable/ThirdParty/GCC/RP2350_ARM_NTZ/non_secure/port.c.obj
                0x100021a4                xPortLockInternalSpinUnlockWithBestEffortWaitOrTimeout
 .text.startup.prvRuntimeInitializer
                0x10002290       0x10 CMakeFiles/projecto_tp.dir/804150199349899753a8711307edc92f/FreeRTOS-Kernel/portable/ThirdParty/GCC/RP2350_ARM_NTZ/non_secure/port.c.obj
 .text.vYieldCore
                0x100022a0       0x18 CMakeFiles/projecto_tp.dir/804150199349899753a8711307edc92f/FreeRTOS-Kernel/portable/ThirdParty/GCC/RP2350_ARM_NTZ/non_secure/port.c.obj
                0x100022a0                vYieldCore
 *fill*         0x100022b8        0x8 
 .text.vRestoreContextOfFirstTask
                0x100022c0       0x38 CMakeFiles/projecto_tp.dir/804150199349899753a8711307edc92f/FreeRTOS-Kernel/portable/ThirdParty/GCC/RP2350_ARM_NTZ/non_secure/portasm.c.obj
                0x100022c0                vRestoreContextOfFirstTask
 .text.vStartFirstTask
                0x100022f8       0x10 CMakeFiles/projecto_tp.dir/804150199349899753a8711307edc92f/FreeRTOS-Kernel/portable/ThirdParty/GCC/RP2350_ARM_NTZ/non_secure/portasm.c.obj
                0x100022f8                vStartFirstTask
 .text.ulSetInterruptMask
                0x10002308       0x18 CMakeFiles/projecto_tp.dir/804150199349899753a8711307edc92f/FreeRTOS-Kernel/portable/ThirdParty/GCC/RP2350_ARM_NTZ/non_secure/portasm.c.obj
                0x10002308                ulSetInterruptMask
 .text.vClearInterruptMask
                0x10002320       0x10 CMakeFiles/projecto_tp.dir/804150199349899753a8711307edc92f/FreeRTOS-Kernel/portable/ThirdParty/GCC/RP2350_ARM_NTZ/non_secure/portasm.c.obj
                0x10002320                vClearInterruptMask
 .text.PendSV_Handler
                0x10002330       0x98 CMakeFiles/projecto_tp.dir/804150199349899753a8711307edc92f/FreeRTOS-Kernel/portable/ThirdParty/GCC/RP2350_ARM_NTZ/non_secure/portasm.c.obj
                0x10002330                PendSV_Handler
 .text.SVC_Handler
                0x100023c8       0x18 CMakeFiles/projecto_tp.dir/804150199349899753a8711307edc92f/FreeRTOS-Kernel/portable/ThirdParty/GCC/RP2350_ARM_NTZ/non_secure/portasm.c.obj
                0x100023c8                SVC_Handler
 .text.vEventGroupSetBitsCallback
                0x100023e0       0x64 CMakeFiles/projecto_tp.dir/867b3657bfc328e555055c7423ee0319/Especialidad_SEMB/RTOS_y_arquitecturas/FreeRTOS-Kernel/event_groups.c.obj
                0x100023e0                vEventGroupSetBitsCallback
 .text.xEventGroupCreate
                0x10002444       0x1c CMakeFiles/projecto_tp.dir/867b3657bfc328e555055c7423ee0319/Especialidad_SEMB/RTOS_y_arquitecturas/FreeRTOS-Kernel/event_groups.c.obj
                0x10002444                xEventGroupCreate
 .text.xEventGroupWaitBits
                0x10002460       0xb4 CMakeFiles/projecto_tp.dir/867b3657bfc328e555055c7423ee0319/Especialidad_SEMB/RTOS_y_arquitecturas/FreeRTOS-Kernel/event_groups.c.obj
                0x10002460                xEventGroupWaitBits
 .text.xEventGroupSetBits
                0x10002514       0x68 CMakeFiles/projecto_tp.dir/867b3657bfc328e555055c7423ee0319/Especialidad_SEMB/RTOS_y_arquitecturas/FreeRTOS-Kernel/event_groups.c.obj
                0x10002514                xEventGroupSetBits
 .text.xEventGroupSetBitsFromISR
                0x1000257c       0x1c CMakeFiles/projecto_tp.dir/867b3657bfc328e555055c7423ee0319/Especialidad_SEMB/RTOS_y_arquitecturas/FreeRTOS-Kernel/event_groups.c.obj
                0x1000257c                xEventGroupSetBitsFromISR
 .text.vListInitialise
                0x10002598       0x18 CMakeFiles/projecto_tp.dir/C_/Users/Bangho/Desktop/Trabajos_material/Especialidad_SEMB/RTOS_y_arquitecturas/FreeRTOS-Kernel/list.c.obj
                0x10002598                vListInitialise
 .text.vListInitialiseItem
                0x100025b0        0x8 CMakeFiles/projecto_tp.dir/C_/Users/Bangho/Desktop/Trabajos_material/Especialidad_SEMB/RTOS_y_arquitecturas/FreeRTOS-Kernel/list.c.obj
                0x100025b0                vListInitialiseItem
 .text.vListInsertEnd
                0x100025b8       0x20 CMakeFiles/projecto_tp.dir/C_/Users/Bangho/Desktop/Trabajos_material/Especialidad_SEMB/RTOS_y_arquitecturas/FreeRTOS-Kernel/list.c.obj
                0x100025b8                vListInsertEnd
 .text.vListInsert
                0x100025d8       0x30 CMakeFiles/projecto_tp.dir/C_/Users/Bangho/Desktop/Trabajos_material/Especialidad_SEMB/RTOS_y_arquitecturas/FreeRTOS-Kernel/list.c.obj
                0x100025d8                vListInsert
 .text.uxListRemove
                0x10002608       0x28 CMakeFiles/projecto_tp.dir/C_/Users/Bangho/Desktop/Trabajos_material/Especialidad_SEMB/RTOS_y_arquitecturas/FreeRTOS-Kernel/list.c.obj
                0x10002608                uxListRemove
 .text.prvCopyDataToQueue
                0x10002630       0x70 CMakeFiles/projecto_tp.dir/C_/Users/Bangho/Desktop/Trabajos_material/Especialidad_SEMB/RTOS_y_arquitecturas/FreeRTOS-Kernel/queue.c.obj
 .text.prvUnlockQueue
                0x100026a0      0x140 CMakeFiles/projecto_tp.dir/C_/Users/Bangho/Desktop/Trabajos_material/Especialidad_SEMB/RTOS_y_arquitecturas/FreeRTOS-Kernel/queue.c.obj
 .text.prvNotifyQueueSetContainer
                0x100027e0       0x8c CMakeFiles/projecto_tp.dir/C_/Users/Bangho/Desktop/Trabajos_material/Especialidad_SEMB/RTOS_y_arquitecturas/FreeRTOS-Kernel/queue.c.obj
 .text.xQueueGenericCreate
                0x1000286c       0x80 CMakeFiles/projecto_tp.dir/C_/Users/Bangho/Desktop/Trabajos_material/Especialidad_SEMB/RTOS_y_arquitecturas/FreeRTOS-Kernel/queue.c.obj
                0x1000286c                xQueueGenericCreate
 .text.xQueueGenericSend
                0x100028ec      0x120 CMakeFiles/projecto_tp.dir/C_/Users/Bangho/Desktop/Trabajos_material/Especialidad_SEMB/RTOS_y_arquitecturas/FreeRTOS-Kernel/queue.c.obj
                0x100028ec                xQueueGenericSend
 .text.xQueueGenericSendFromISR
                0x10002a0c       0xac CMakeFiles/projecto_tp.dir/C_/Users/Bangho/Desktop/Trabajos_material/Especialidad_SEMB/RTOS_y_arquitecturas/FreeRTOS-Kernel/queue.c.obj
                0x10002a0c                xQueueGenericSendFromISR
 .text.xQueueReceive
                0x10002ab8      0x104 CMakeFiles/projecto_tp.dir/C_/Users/Bangho/Desktop/Trabajos_material/Especialidad_SEMB/RTOS_y_arquitecturas/FreeRTOS-Kernel/queue.c.obj
                0x10002ab8                xQueueReceive
 .text.vQueueAddToRegistry
                0x10002bbc      0x120 CMakeFiles/projecto_tp.dir/C_/Users/Bangho/Desktop/Trabajos_material/Especialidad_SEMB/RTOS_y_arquitecturas/FreeRTOS-Kernel/queue.c.obj
                0x10002bbc                vQueueAddToRegistry
 .text.vQueueWaitForMessageRestricted
                0x10002cdc       0x50 CMakeFiles/projecto_tp.dir/C_/Users/Bangho/Desktop/Trabajos_material/Especialidad_SEMB/RTOS_y_arquitecturas/FreeRTOS-Kernel/queue.c.obj
                0x10002cdc                vQueueWaitForMessageRestricted
 .text.prvPassiveIdleTask
                0x10002d2c       0x20 CMakeFiles/projecto_tp.dir/C_/Users/Bangho/Desktop/Trabajos_material/Especialidad_SEMB/RTOS_y_arquitecturas/FreeRTOS-Kernel/tasks.c.obj
 .text.prvYieldForTask
                0x10002d4c       0xcc CMakeFiles/projecto_tp.dir/C_/Users/Bangho/Desktop/Trabajos_material/Especialidad_SEMB/RTOS_y_arquitecturas/FreeRTOS-Kernel/tasks.c.obj
 .text.vTaskExitCritical.part.0
                0x10002e18       0x8c CMakeFiles/projecto_tp.dir/C_/Users/Bangho/Desktop/Trabajos_material/Especialidad_SEMB/RTOS_y_arquitecturas/FreeRTOS-Kernel/tasks.c.obj
 .text.prvCheckForRunStateChange
                0x10002ea4      0x160 CMakeFiles/projecto_tp.dir/C_/Users/Bangho/Desktop/Trabajos_material/Especialidad_SEMB/RTOS_y_arquitecturas/FreeRTOS-Kernel/tasks.c.obj
 .text.vTaskSuspendAll.part.0
                0x10003004      0x104 CMakeFiles/projecto_tp.dir/C_/Users/Bangho/Desktop/Trabajos_material/Especialidad_SEMB/RTOS_y_arquitecturas/FreeRTOS-Kernel/tasks.c.obj
 .text.prvCheckTasksWaitingTermination
                0x10003108      0x1a8 CMakeFiles/projecto_tp.dir/C_/Users/Bangho/Desktop/Trabajos_material/Especialidad_SEMB/RTOS_y_arquitecturas/FreeRTOS-Kernel/tasks.c.obj
 .text.prvIdleTask
                0x100032b0       0x1c CMakeFiles/projecto_tp.dir/C_/Users/Bangho/Desktop/Trabajos_material/Especialidad_SEMB/RTOS_y_arquitecturas/FreeRTOS-Kernel/tasks.c.obj
 .text.prvAddCurrentTaskToDelayedList
                0x100032cc      0x13c CMakeFiles/projecto_tp.dir/C_/Users/Bangho/Desktop/Trabajos_material/Especialidad_SEMB/RTOS_y_arquitecturas/FreeRTOS-Kernel/tasks.c.obj
 .text.vTaskSuspendAll
                0x10003408       0x10 CMakeFiles/projecto_tp.dir/C_/Users/Bangho/Desktop/Trabajos_material/Especialidad_SEMB/RTOS_y_arquitecturas/FreeRTOS-Kernel/tasks.c.obj
                0x10003408                vTaskSuspendAll
 .text.xTaskGetTickCount
                0x10003418        0xc CMakeFiles/projecto_tp.dir/C_/Users/Bangho/Desktop/Trabajos_material/Especialidad_SEMB/RTOS_y_arquitecturas/FreeRTOS-Kernel/tasks.c.obj
                0x10003418                xTaskGetTickCount
 .text.uxTaskGetNumberOfTasks
                0x10003424        0xc CMakeFiles/projecto_tp.dir/C_/Users/Bangho/Desktop/Trabajos_material/Especialidad_SEMB/RTOS_y_arquitecturas/FreeRTOS-Kernel/tasks.c.obj
                0x10003424                uxTaskGetNumberOfTasks
 .text.xTaskIncrementTick
                0x10003430      0x278 CMakeFiles/projecto_tp.dir/C_/Users/Bangho/Desktop/Trabajos_material/Especialidad_SEMB/RTOS_y_arquitecturas/FreeRTOS-Kernel/tasks.c.obj
                0x10003430                xTaskIncrementTick
 .text.vTaskSwitchContext
                0x100036a8      0x2f8 CMakeFiles/projecto_tp.dir/C_/Users/Bangho/Desktop/Trabajos_material/Especialidad_SEMB/RTOS_y_arquitecturas/FreeRTOS-Kernel/tasks.c.obj
                0x100036a8                vTaskSwitchContext
 .text.vTaskPlaceOnEventList
                0x100039a0       0x34 CMakeFiles/projecto_tp.dir/C_/Users/Bangho/Desktop/Trabajos_material/Especialidad_SEMB/RTOS_y_arquitecturas/FreeRTOS-Kernel/tasks.c.obj
                0x100039a0                vTaskPlaceOnEventList
 .text.vTaskPlaceOnUnorderedEventList
                0x100039d4       0xa0 CMakeFiles/projecto_tp.dir/C_/Users/Bangho/Desktop/Trabajos_material/Especialidad_SEMB/RTOS_y_arquitecturas/FreeRTOS-Kernel/tasks.c.obj
                0x100039d4                vTaskPlaceOnUnorderedEventList
 .text.vTaskPlaceOnEventListRestricted
                0x10003a74       0x9c CMakeFiles/projecto_tp.dir/C_/Users/Bangho/Desktop/Trabajos_material/Especialidad_SEMB/RTOS_y_arquitecturas/FreeRTOS-Kernel/tasks.c.obj
                0x10003a74                vTaskPlaceOnEventListRestricted
 .text.xTaskRemoveFromEventList
                0x10003b10       0xc8 CMakeFiles/projecto_tp.dir/C_/Users/Bangho/Desktop/Trabajos_material/Especialidad_SEMB/RTOS_y_arquitecturas/FreeRTOS-Kernel/tasks.c.obj
                0x10003b10                xTaskRemoveFromEventList
 .text.vTaskInternalSetTimeOutState
                0x10003bd8       0x18 CMakeFiles/projecto_tp.dir/C_/Users/Bangho/Desktop/Trabajos_material/Especialidad_SEMB/RTOS_y_arquitecturas/FreeRTOS-Kernel/tasks.c.obj
                0x10003bd8                vTaskInternalSetTimeOutState
 .text.vTaskMissedYield
                0x10003bf0       0x14 CMakeFiles/projecto_tp.dir/C_/Users/Bangho/Desktop/Trabajos_material/Especialidad_SEMB/RTOS_y_arquitecturas/FreeRTOS-Kernel/tasks.c.obj
                0x10003bf0                vTaskMissedYield
 .text.xTaskGetCurrentTaskHandle
                0x10003c04       0x20 CMakeFiles/projecto_tp.dir/C_/Users/Bangho/Desktop/Trabajos_material/Especialidad_SEMB/RTOS_y_arquitecturas/FreeRTOS-Kernel/tasks.c.obj
                0x10003c04                xTaskGetCurrentTaskHandle
 .text.xTaskPriorityDisinherit
                0x10003c24       0xc4 CMakeFiles/projecto_tp.dir/C_/Users/Bangho/Desktop/Trabajos_material/Especialidad_SEMB/RTOS_y_arquitecturas/FreeRTOS-Kernel/tasks.c.obj
                0x10003c24                xTaskPriorityDisinherit
 .text.vTaskYieldWithinAPI
                0x10003ce8       0x24 CMakeFiles/projecto_tp.dir/C_/Users/Bangho/Desktop/Trabajos_material/Especialidad_SEMB/RTOS_y_arquitecturas/FreeRTOS-Kernel/tasks.c.obj
                0x10003ce8                vTaskYieldWithinAPI
 .text.vTaskEnterCritical
                0x10003d0c      0x11c CMakeFiles/projecto_tp.dir/C_/Users/Bangho/Desktop/Trabajos_material/Especialidad_SEMB/RTOS_y_arquitecturas/FreeRTOS-Kernel/tasks.c.obj
                0x10003d0c                vTaskEnterCritical
 .text.prvAddNewTaskToReadyList
                0x10003e28       0xf4 CMakeFiles/projecto_tp.dir/C_/Users/Bangho/Desktop/Trabajos_material/Especialidad_SEMB/RTOS_y_arquitecturas/FreeRTOS-Kernel/tasks.c.obj
 .text.xTaskCreate
                0x10003f1c      0x180 CMakeFiles/projecto_tp.dir/C_/Users/Bangho/Desktop/Trabajos_material/Especialidad_SEMB/RTOS_y_arquitecturas/FreeRTOS-Kernel/tasks.c.obj
                0x10003f1c                xTaskCreate
 .text.xTaskCreateAffinitySet
                0x1000409c      0x17c CMakeFiles/projecto_tp.dir/C_/Users/Bangho/Desktop/Trabajos_material/Especialidad_SEMB/RTOS_y_arquitecturas/FreeRTOS-Kernel/tasks.c.obj
                0x1000409c                xTaskCreateAffinitySet
 .text.vTaskStartScheduler
                0x10004218      0x14c CMakeFiles/projecto_tp.dir/C_/Users/Bangho/Desktop/Trabajos_material/Especialidad_SEMB/RTOS_y_arquitecturas/FreeRTOS-Kernel/tasks.c.obj
                0x10004218                vTaskStartScheduler
 .text.xTaskResumeAll.part.0
                0x10004364      0x170 CMakeFiles/projecto_tp.dir/C_/Users/Bangho/Desktop/Trabajos_material/Especialidad_SEMB/RTOS_y_arquitecturas/FreeRTOS-Kernel/tasks.c.obj
 .text.xTaskResumeAll
                0x100044d4       0x10 CMakeFiles/projecto_tp.dir/C_/Users/Bangho/Desktop/Trabajos_material/Especialidad_SEMB/RTOS_y_arquitecturas/FreeRTOS-Kernel/tasks.c.obj
                0x100044d4                xTaskResumeAll
 .text.vTaskDelay
                0x100044e4       0x68 CMakeFiles/projecto_tp.dir/C_/Users/Bangho/Desktop/Trabajos_material/Especialidad_SEMB/RTOS_y_arquitecturas/FreeRTOS-Kernel/tasks.c.obj
                0x100044e4                vTaskDelay
 .text.vTaskRemoveFromUnorderedEventList
                0x1000454c       0x9c CMakeFiles/projecto_tp.dir/C_/Users/Bangho/Desktop/Trabajos_material/Especialidad_SEMB/RTOS_y_arquitecturas/FreeRTOS-Kernel/tasks.c.obj
                0x1000454c                vTaskRemoveFromUnorderedEventList
 .text.xTaskCheckForTimeOut
                0x100045e8       0xa8 CMakeFiles/projecto_tp.dir/C_/Users/Bangho/Desktop/Trabajos_material/Especialidad_SEMB/RTOS_y_arquitecturas/FreeRTOS-Kernel/tasks.c.obj
                0x100045e8                xTaskCheckForTimeOut
 .text.vTaskEnterCriticalFromISR
                0x10004690       0x94 CMakeFiles/projecto_tp.dir/C_/Users/Bangho/Desktop/Trabajos_material/Especialidad_SEMB/RTOS_y_arquitecturas/FreeRTOS-Kernel/tasks.c.obj
                0x10004690                vTaskEnterCriticalFromISR
 .text.vTaskExitCritical
                0x10004724       0x98 CMakeFiles/projecto_tp.dir/C_/Users/Bangho/Desktop/Trabajos_material/Especialidad_SEMB/RTOS_y_arquitecturas/FreeRTOS-Kernel/tasks.c.obj
                0x10004724                vTaskExitCritical
 .text.vTaskExitCriticalFromISR
                0x100047bc       0x64 CMakeFiles/projecto_tp.dir/C_/Users/Bangho/Desktop/Trabajos_material/Especialidad_SEMB/RTOS_y_arquitecturas/FreeRTOS-Kernel/tasks.c.obj
                0x100047bc                vTaskExitCriticalFromISR
 .text.uxTaskResetEventItemValue
                0x10004820       0x44 CMakeFiles/projecto_tp.dir/C_/Users/Bangho/Desktop/Trabajos_material/Especialidad_SEMB/RTOS_y_arquitecturas/FreeRTOS-Kernel/tasks.c.obj
                0x10004820                uxTaskResetEventItemValue
 .text.prvTimerTask
                0x10004864      0x36c CMakeFiles/projecto_tp.dir/C_/Users/Bangho/Desktop/Trabajos_material/Especialidad_SEMB/RTOS_y_arquitecturas/FreeRTOS-Kernel/timers.c.obj
 .text.xTimerCreateTimerTask
                0x10004bd0       0x8c CMakeFiles/projecto_tp.dir/C_/Users/Bangho/Desktop/Trabajos_material/Especialidad_SEMB/RTOS_y_arquitecturas/FreeRTOS-Kernel/timers.c.obj
                0x10004bd0                xTimerCreateTimerTask
 .text.xTimerPendFunctionCallFromISR
                0x10004c5c       0x30 CMakeFiles/projecto_tp.dir/C_/Users/Bangho/Desktop/Trabajos_material/Especialidad_SEMB/RTOS_y_arquitecturas/FreeRTOS-Kernel/timers.c.obj
                0x10004c5c                xTimerPendFunctionCallFromISR
 .text.exception_set_exclusive_handler
                0x10004c8c       0x4c CMakeFiles/projecto_tp.dir/dd8c7786a820e656579efbb0d3f98f54/RTOS_y_arquitecturas/pico-sdk/src/rp2_common/hardware_exception/exception.c.obj
                0x10004c8c                exception_set_exclusive_handler
 .text.core1_trampoline
                0x10004cd8        0x4 CMakeFiles/projecto_tp.dir/dd8c7786a820e656579efbb0d3f98f54/RTOS_y_arquitecturas/pico-sdk/src/rp2_common/pico_multicore/multicore.c.obj
 .text.core1_wrapper
                0x10004cdc       0x10 CMakeFiles/projecto_tp.dir/dd8c7786a820e656579efbb0d3f98f54/RTOS_y_arquitecturas/pico-sdk/src/rp2_common/pico_multicore/multicore.c.obj
                0x10004cdc                core1_wrapper
 .text.multicore_launch_core1_raw
                0x10004cec       0x88 CMakeFiles/projecto_tp.dir/dd8c7786a820e656579efbb0d3f98f54/RTOS_y_arquitecturas/pico-sdk/src/rp2_common/pico_multicore/multicore.c.obj
                0x10004cec                multicore_launch_core1_raw
 .text.multicore_launch_core1
                0x10004d74       0x44 CMakeFiles/projecto_tp.dir/dd8c7786a820e656579efbb0d3f98f54/RTOS_y_arquitecturas/pico-sdk/src/rp2_common/pico_multicore/multicore.c.obj
                0x10004d74                multicore_launch_core1
 .text.multicore_doorbell_claim_unused
                0x10004db8       0xf8 CMakeFiles/projecto_tp.dir/dd8c7786a820e656579efbb0d3f98f54/RTOS_y_arquitecturas/pico-sdk/src/rp2_common/pico_multicore/multicore.c.obj
                0x10004db8                multicore_doorbell_claim_unused
 .text.first_per_core_initializer
                0x10004eb0        0x4 CMakeFiles/projecto_tp.dir/dd8c7786a820e656579efbb0d3f98f54/RTOS_y_arquitecturas/pico-sdk/src/rp2_common/pico_runtime/runtime.c.obj
 .text.hard_assertion_failure
                0x10004eb4        0xc CMakeFiles/projecto_tp.dir/dd8c7786a820e656579efbb0d3f98f54/RTOS_y_arquitecturas/pico-sdk/src/rp2_common/pico_runtime/runtime.c.obj
                0x10004eb4                hard_assertion_failure
 .text.runtime_run_initializers
                0x10004ec0       0x20 CMakeFiles/projecto_tp.dir/dd8c7786a820e656579efbb0d3f98f54/RTOS_y_arquitecturas/pico-sdk/src/rp2_common/pico_runtime/runtime.c.obj
                0x10004ec0                runtime_run_initializers
 .text.runtime_run_per_core_initializers
                0x10004ee0       0x20 CMakeFiles/projecto_tp.dir/dd8c7786a820e656579efbb0d3f98f54/RTOS_y_arquitecturas/pico-sdk/src/rp2_common/pico_runtime/runtime.c.obj
                0x10004ee0                runtime_run_per_core_initializers
 .text.runtime_init_early_resets
                0x10004f00       0x34 CMakeFiles/projecto_tp.dir/804150199349899753a8711307edc92f/pico-sdk/src/rp2_common/pico_runtime_init/runtime_init.c.obj
                0x10004f00                runtime_init_early_resets
 .text.runtime_init_usb_power_down
                0x10004f34       0x1c CMakeFiles/projecto_tp.dir/804150199349899753a8711307edc92f/pico-sdk/src/rp2_common/pico_runtime_init/runtime_init.c.obj
                0x10004f34                runtime_init_usb_power_down
 .text.runtime_init_per_core_enable_coprocessors
                0x10004f50       0x1c CMakeFiles/projecto_tp.dir/804150199349899753a8711307edc92f/pico-sdk/src/rp2_common/pico_runtime_init/runtime_init.c.obj
                0x10004f50                runtime_init_per_core_enable_coprocessors
 .text.runtime_init_post_clock_resets
                0x10004f6c       0x20 CMakeFiles/projecto_tp.dir/804150199349899753a8711307edc92f/pico-sdk/src/rp2_common/pico_runtime_init/runtime_init.c.obj
                0x10004f6c                runtime_init_post_clock_resets
 .text.runtime_init_bootrom_reset
                0x10004f8c       0x14 CMakeFiles/projecto_tp.dir/804150199349899753a8711307edc92f/pico-sdk/src/rp2_common/pico_runtime_init/runtime_init.c.obj
                0x10004f8c                runtime_init_bootrom_reset
 .text.runtime_init_per_core_bootrom_reset
                0x10004fa0       0x14 CMakeFiles/projecto_tp.dir/804150199349899753a8711307edc92f/pico-sdk/src/rp2_common/pico_runtime_init/runtime_init.c.obj
                0x10004fa0                runtime_init_per_core_bootrom_reset
 .text.runtime_init_spin_locks_reset
                0x10004fb4        0x4 CMakeFiles/projecto_tp.dir/804150199349899753a8711307edc92f/pico-sdk/src/rp2_common/pico_runtime_init/runtime_init.c.obj
                0x10004fb4                runtime_init_spin_locks_reset
 .text.runtime_init_install_ram_vector_table
                0x10004fb8       0xd0 CMakeFiles/projecto_tp.dir/804150199349899753a8711307edc92f/pico-sdk/src/rp2_common/pico_runtime_init/runtime_init.c.obj
                0x10004fb8                runtime_init_install_ram_vector_table
 .text.runtime_init_clocks
                0x10005088       0xdc CMakeFiles/projecto_tp.dir/804150199349899753a8711307edc92f/pico-sdk/src/rp2_common/pico_runtime_init/runtime_init_clocks.c.obj
                0x10005088                runtime_init_clocks
 .text.__rp2350_dcp_engaged_state_save_restore
                0x10005164       0x3a CMakeFiles/projecto_tp.dir/dd8c7786a820e656579efbb0d3f98f54/RTOS_y_arquitecturas/pico-sdk/src/rp2_common/pico_double/double_aeabi_dcp.S.obj
 *fill*         0x1000519e        0x2 
 .text.__wrap___aeabi_dadd
                0x100051a0       0x28 CMakeFiles/projecto_tp.dir/dd8c7786a820e656579efbb0d3f98f54/RTOS_y_arquitecturas/pico-sdk/src/rp2_common/pico_double/double_aeabi_dcp.S.obj
                0x100051a8                __wrap___aeabi_dadd
 .text.__wrap___aeabi_dsub
                0x100051c8       0x28 CMakeFiles/projecto_tp.dir/dd8c7786a820e656579efbb0d3f98f54/RTOS_y_arquitecturas/pico-sdk/src/rp2_common/pico_double/double_aeabi_dcp.S.obj
                0x100051d0                __wrap___aeabi_dsub
 .text.__wrap___aeabi_dmul
                0x100051f0       0x4c CMakeFiles/projecto_tp.dir/dd8c7786a820e656579efbb0d3f98f54/RTOS_y_arquitecturas/pico-sdk/src/rp2_common/pico_double/double_aeabi_dcp.S.obj
                0x100051f8                __wrap___aeabi_dmul
 .text.__wrap___aeabi_ddiv
                0x1000523c       0x9c CMakeFiles/projecto_tp.dir/dd8c7786a820e656579efbb0d3f98f54/RTOS_y_arquitecturas/pico-sdk/src/rp2_common/pico_double/double_aeabi_dcp.S.obj
                0x10005244                __wrap___aeabi_ddiv
 .text.__wrap___aeabi_i2d
                0x100052d8       0x24 CMakeFiles/projecto_tp.dir/dd8c7786a820e656579efbb0d3f98f54/RTOS_y_arquitecturas/pico-sdk/src/rp2_common/pico_double/double_aeabi_dcp.S.obj
                0x100052e0                int2double
                0x100052e0                __wrap___aeabi_i2d
 .text.__wrap___aeabi_ui2d
                0x100052fc       0x24 CMakeFiles/projecto_tp.dir/dd8c7786a820e656579efbb0d3f98f54/RTOS_y_arquitecturas/pico-sdk/src/rp2_common/pico_double/double_aeabi_dcp.S.obj
                0x10005304                uint2double
                0x10005304                __wrap___aeabi_ui2d
 .text.__wrap___aeabi_d2iz
                0x10005320       0x24 CMakeFiles/projecto_tp.dir/dd8c7786a820e656579efbb0d3f98f54/RTOS_y_arquitecturas/pico-sdk/src/rp2_common/pico_double/double_aeabi_dcp.S.obj
                0x10005328                double2int_z
                0x10005328                __wrap___aeabi_d2iz
 .text.__wrap___aeabi_d2uiz
                0x10005344       0x24 CMakeFiles/projecto_tp.dir/dd8c7786a820e656579efbb0d3f98f54/RTOS_y_arquitecturas/pico-sdk/src/rp2_common/pico_double/double_aeabi_dcp.S.obj
                0x1000534c                double2uint
                0x1000534c                __wrap___aeabi_d2uiz
                0x1000534c                double2uint_z
 .text.__wrap___aeabi_dcmpun
                0x10005368       0x24 CMakeFiles/projecto_tp.dir/dd8c7786a820e656579efbb0d3f98f54/RTOS_y_arquitecturas/pico-sdk/src/rp2_common/pico_double/double_aeabi_dcp.S.obj
                0x10005370                __wrap___aeabi_dcmpun
 .text.__wrap___aeabi_dcmplt
                0x1000538c       0x28 CMakeFiles/projecto_tp.dir/dd8c7786a820e656579efbb0d3f98f54/RTOS_y_arquitecturas/pico-sdk/src/rp2_common/pico_double/double_aeabi_dcp.S.obj
                0x10005394                __wrap___aeabi_dcmplt
 .text.__wrap___aeabi_dcmple
                0x100053b4       0x28 CMakeFiles/projecto_tp.dir/dd8c7786a820e656579efbb0d3f98f54/RTOS_y_arquitecturas/pico-sdk/src/rp2_common/pico_double/double_aeabi_dcp.S.obj
                0x100053bc                __wrap___aeabi_dcmple
 .text.__wrap___aeabi_dcmpge
                0x100053dc       0x28 CMakeFiles/projecto_tp.dir/dd8c7786a820e656579efbb0d3f98f54/RTOS_y_arquitecturas/pico-sdk/src/rp2_common/pico_double/double_aeabi_dcp.S.obj
                0x100053e4                __wrap___aeabi_dcmpge
 .text.__wrap___aeabi_dcmpgt
                0x10005404       0x28 CMakeFiles/projecto_tp.dir/dd8c7786a820e656579efbb0d3f98f54/RTOS_y_arquitecturas/pico-sdk/src/rp2_common/pico_double/double_aeabi_dcp.S.obj
                0x1000540c                __wrap___aeabi_dcmpgt
 .text._out_null
                0x1000542c        0x4 CMakeFiles/projecto_tp.dir/dd8c7786a820e656579efbb0d3f98f54/RTOS_y_arquitecturas/pico-sdk/src/rp2_common/pico_printf/printf.c.obj
 .text._out_rev
                0x10005430       0x88 CMakeFiles/projecto_tp.dir/dd8c7786a820e656579efbb0d3f98f54/RTOS_y_arquitecturas/pico-sdk/src/rp2_common/pico_printf/printf.c.obj
 .text._ntoa_format
                0x100054b8      0x1e8 CMakeFiles/projecto_tp.dir/dd8c7786a820e656579efbb0d3f98f54/RTOS_y_arquitecturas/pico-sdk/src/rp2_common/pico_printf/printf.c.obj
 .text._out_char
                0x100056a0        0x8 CMakeFiles/projecto_tp.dir/dd8c7786a820e656579efbb0d3f98f54/RTOS_y_arquitecturas/pico-sdk/src/rp2_common/pico_printf/printf.c.obj
 .text._out_fct
                0x100056a8        0xc CMakeFiles/projecto_tp.dir/dd8c7786a820e656579efbb0d3f98f54/RTOS_y_arquitecturas/pico-sdk/src/rp2_common/pico_printf/printf.c.obj
 *fill*         0x100056b4        0x4 
 .text._etoa    0x100056b8      0x460 CMakeFiles/projecto_tp.dir/dd8c7786a820e656579efbb0d3f98f54/RTOS_y_arquitecturas/pico-sdk/src/rp2_common/pico_printf/printf.c.obj
 .text._ftoa    0x10005b18      0x3d8 CMakeFiles/projecto_tp.dir/dd8c7786a820e656579efbb0d3f98f54/RTOS_y_arquitecturas/pico-sdk/src/rp2_common/pico_printf/printf.c.obj
 .text._vsnprintf
                0x10005ef0      0x9c8 CMakeFiles/projecto_tp.dir/dd8c7786a820e656579efbb0d3f98f54/RTOS_y_arquitecturas/pico-sdk/src/rp2_common/pico_printf/printf.c.obj
 .text.vfctprintf
                0x100068b8       0x28 CMakeFiles/projecto_tp.dir/dd8c7786a820e656579efbb0d3f98f54/RTOS_y_arquitecturas/pico-sdk/src/rp2_common/pico_printf/printf.c.obj
                0x100068b8                vfctprintf
 .text.weak_raw_vprintf
                0x100068e0       0x30 CMakeFiles/projecto_tp.dir/dd8c7786a820e656579efbb0d3f98f54/RTOS_y_arquitecturas/pico-sdk/src/rp2_common/pico_printf/printf.c.obj
                0x100068e0                weak_raw_vprintf
 .text._exit    0x10006910        0x4 CMakeFiles/projecto_tp.dir/804150199349899753a8711307edc92f/pico-sdk/src/rp2_common/pico_clib_interface/newlib_interface.c.obj
                0x10006910                _exit
 .text.exit     0x10006914        0x8 CMakeFiles/projecto_tp.dir/804150199349899753a8711307edc92f/pico-sdk/src/rp2_common/pico_clib_interface/newlib_interface.c.obj
                0x10006914                exit
 .text.runtime_init
                0x1000691c       0x24 CMakeFiles/projecto_tp.dir/804150199349899753a8711307edc92f/pico-sdk/src/rp2_common/pico_clib_interface/newlib_interface.c.obj
                0x1000691c                runtime_init
 .text.stdio_out_chars_no_crlf
                0x10006940        0x8 CMakeFiles/projecto_tp.dir/dd8c7786a820e656579efbb0d3f98f54/RTOS_y_arquitecturas/pico-sdk/src/rp2_common/pico_stdio/stdio.c.obj
 .text.stdio_out_chars_crlf
                0x10006948       0xac CMakeFiles/projecto_tp.dir/dd8c7786a820e656579efbb0d3f98f54/RTOS_y_arquitecturas/pico-sdk/src/rp2_common/pico_stdio/stdio.c.obj
 .text.stdio_buffered_printer
                0x100069f4       0x60 CMakeFiles/projecto_tp.dir/dd8c7786a820e656579efbb0d3f98f54/RTOS_y_arquitecturas/pico-sdk/src/rp2_common/pico_stdio/stdio.c.obj
 .text.stdio_put_string
                0x10006a54       0xe8 CMakeFiles/projecto_tp.dir/dd8c7786a820e656579efbb0d3f98f54/RTOS_y_arquitecturas/pico-sdk/src/rp2_common/pico_stdio/stdio.c.obj
                0x10006a54                stdio_put_string
 .text.stdio_set_driver_enabled
                0x10006b3c       0x28 CMakeFiles/projecto_tp.dir/dd8c7786a820e656579efbb0d3f98f54/RTOS_y_arquitecturas/pico-sdk/src/rp2_common/pico_stdio/stdio.c.obj
                0x10006b3c                stdio_set_driver_enabled
 .text.stdio_init_all
                0x10006b64        0x4 CMakeFiles/projecto_tp.dir/dd8c7786a820e656579efbb0d3f98f54/RTOS_y_arquitecturas/pico-sdk/src/rp2_common/pico_stdio/stdio.c.obj
                0x10006b64                stdio_init_all
 .text.__wrap_putchar
                0x10006b68       0x7c CMakeFiles/projecto_tp.dir/dd8c7786a820e656579efbb0d3f98f54/RTOS_y_arquitecturas/pico-sdk/src/rp2_common/pico_stdio/stdio.c.obj
                0x10006b68                __wrap_putchar
                0x10006b68                stdio_putchar
 .text.__wrap_puts
                0x10006be4       0x3c CMakeFiles/projecto_tp.dir/dd8c7786a820e656579efbb0d3f98f54/RTOS_y_arquitecturas/pico-sdk/src/rp2_common/pico_stdio/stdio.c.obj
                0x10006be4                stdio_puts
                0x10006be4                __wrap_puts
 .text.__wrap_vprintf
                0x10006c20       0xc0 CMakeFiles/projecto_tp.dir/dd8c7786a820e656579efbb0d3f98f54/RTOS_y_arquitecturas/pico-sdk/src/rp2_common/pico_stdio/stdio.c.obj
                0x10006c20                stdio_vprintf
                0x10006c20                __wrap_vprintf
 .text.__wrap_printf
                0x10006ce0       0x1c CMakeFiles/projecto_tp.dir/dd8c7786a820e656579efbb0d3f98f54/RTOS_y_arquitecturas/pico-sdk/src/rp2_common/pico_stdio/stdio.c.obj
                0x10006ce0                __wrap_printf
                0x10006ce0                stdio_printf
 .text.resetd_init
                0x10006cfc        0x4 CMakeFiles/projecto_tp.dir/804150199349899753a8711307edc92f/pico-sdk/src/rp2_common/pico_stdio_usb/reset_interface.c.obj
 .text.resetd_reset
                0x10006d00        0xc CMakeFiles/projecto_tp.dir/804150199349899753a8711307edc92f/pico-sdk/src/rp2_common/pico_stdio_usb/reset_interface.c.obj
 .text.resetd_open
                0x10006d0c       0x28 CMakeFiles/projecto_tp.dir/804150199349899753a8711307edc92f/pico-sdk/src/rp2_common/pico_stdio_usb/reset_interface.c.obj
 .text.resetd_xfer_cb
                0x10006d34        0x4 CMakeFiles/projecto_tp.dir/804150199349899753a8711307edc92f/pico-sdk/src/rp2_common/pico_stdio_usb/reset_interface.c.obj
 .text.resetd_control_xfer_cb
                0x10006d38       0x54 CMakeFiles/projecto_tp.dir/804150199349899753a8711307edc92f/pico-sdk/src/rp2_common/pico_stdio_usb/reset_interface.c.obj
 .text.tud_descriptor_bos_cb
                0x10006d8c        0x8 CMakeFiles/projecto_tp.dir/804150199349899753a8711307edc92f/pico-sdk/src/rp2_common/pico_stdio_usb/reset_interface.c.obj
                0x10006d8c                tud_descriptor_bos_cb
 .text.tud_vendor_control_xfer_cb
                0x10006d94       0x28 CMakeFiles/projecto_tp.dir/804150199349899753a8711307edc92f/pico-sdk/src/rp2_common/pico_stdio_usb/reset_interface.c.obj
                0x10006d94                tud_vendor_control_xfer_cb
 .text.usbd_app_driver_get_cb
                0x10006dbc       0x10 CMakeFiles/projecto_tp.dir/804150199349899753a8711307edc92f/pico-sdk/src/rp2_common/pico_stdio_usb/reset_interface.c.obj
                0x10006dbc                usbd_app_driver_get_cb
 .text.tud_cdc_line_coding_cb
                0x10006dcc       0x18 CMakeFiles/projecto_tp.dir/804150199349899753a8711307edc92f/pico-sdk/src/rp2_common/pico_stdio_usb/reset_interface.c.obj
                0x10006dcc                tud_cdc_line_coding_cb
 .text.stdio_usb_set_chars_available_callback
                0x10006de4       0x14 CMakeFiles/projecto_tp.dir/dd8c7786a820e656579efbb0d3f98f54/RTOS_y_arquitecturas/pico-sdk/src/rp2_common/pico_stdio_usb/stdio_usb.c.obj
                0x10006de4                stdio_usb_set_chars_available_callback
 .text.timer_task
                0x10006df8       0x70 CMakeFiles/projecto_tp.dir/dd8c7786a820e656579efbb0d3f98f54/RTOS_y_arquitecturas/pico-sdk/src/rp2_common/pico_stdio_usb/stdio_usb.c.obj
 .text.usb_irq  0x10006e68        0xc CMakeFiles/projecto_tp.dir/dd8c7786a820e656579efbb0d3f98f54/RTOS_y_arquitecturas/pico-sdk/src/rp2_common/pico_stdio_usb/stdio_usb.c.obj
 .text.stdio_usb_in_chars
                0x10006e74       0x84 CMakeFiles/projecto_tp.dir/dd8c7786a820e656579efbb0d3f98f54/RTOS_y_arquitecturas/pico-sdk/src/rp2_common/pico_stdio_usb/stdio_usb.c.obj
                0x10006e74                stdio_usb_in_chars
 .text.stdio_usb_out_flush
                0x10006ef8       0x4c CMakeFiles/projecto_tp.dir/dd8c7786a820e656579efbb0d3f98f54/RTOS_y_arquitecturas/pico-sdk/src/rp2_common/pico_stdio_usb/stdio_usb.c.obj
 .text.stdio_usb_out_chars
                0x10006f44       0xf0 CMakeFiles/projecto_tp.dir/dd8c7786a820e656579efbb0d3f98f54/RTOS_y_arquitecturas/pico-sdk/src/rp2_common/pico_stdio_usb/stdio_usb.c.obj
 .text.low_priority_worker_irq
                0x10007034       0xc8 CMakeFiles/projecto_tp.dir/dd8c7786a820e656579efbb0d3f98f54/RTOS_y_arquitecturas/pico-sdk/src/rp2_common/pico_stdio_usb/stdio_usb.c.obj
 .text.stdio_usb_init
                0x100070fc       0xdc CMakeFiles/projecto_tp.dir/dd8c7786a820e656579efbb0d3f98f54/RTOS_y_arquitecturas/pico-sdk/src/rp2_common/pico_stdio_usb/stdio_usb.c.obj
                0x100070fc                stdio_usb_init
 .text.tud_descriptor_device_cb
                0x100071d8        0x8 CMakeFiles/projecto_tp.dir/804150199349899753a8711307edc92f/pico-sdk/src/rp2_common/pico_stdio_usb/stdio_usb_descriptors.c.obj
                0x100071d8                tud_descriptor_device_cb
 .text.tud_descriptor_configuration_cb
                0x100071e0        0x8 CMakeFiles/projecto_tp.dir/804150199349899753a8711307edc92f/pico-sdk/src/rp2_common/pico_stdio_usb/stdio_usb_descriptors.c.obj
                0x100071e0                tud_descriptor_configuration_cb
 .text.tud_descriptor_string_cb
                0x100071e8       0x78 CMakeFiles/projecto_tp.dir/804150199349899753a8711307edc92f/pico-sdk/src/rp2_common/pico_stdio_usb/stdio_usb_descriptors.c.obj
                0x100071e8                tud_descriptor_string_cb
 .text.startup._retrieve_unique_id_on_boot
                0x10007260       0x30 CMakeFiles/projecto_tp.dir/dd8c7786a820e656579efbb0d3f98f54/RTOS_y_arquitecturas/pico-sdk/src/rp2_common/pico_unique_id/unique_id.c.obj
 .text.pico_get_unique_board_id_string
                0x10007290      0x180 CMakeFiles/projecto_tp.dir/dd8c7786a820e656579efbb0d3f98f54/RTOS_y_arquitecturas/pico-sdk/src/rp2_common/pico_unique_id/unique_id.c.obj
                0x10007290                pico_get_unique_board_id_string
 .text.dcd_init
                0x10007410       0x94 CMakeFiles/projecto_tp.dir/804150199349899753a8711307edc92f/pico-sdk/lib/tinyusb/src/portable/raspberrypi/rp2040/dcd_rp2040.c.obj
                0x10007410                dcd_init
 .text.dcd_int_enable
                0x100074a4        0x8 CMakeFiles/projecto_tp.dir/804150199349899753a8711307edc92f/pico-sdk/lib/tinyusb/src/portable/raspberrypi/rp2040/dcd_rp2040.c.obj
                0x100074a4                dcd_int_enable
 .text.dcd_set_address
                0x100074ac       0x10 CMakeFiles/projecto_tp.dir/804150199349899753a8711307edc92f/pico-sdk/lib/tinyusb/src/portable/raspberrypi/rp2040/dcd_rp2040.c.obj
                0x100074ac                dcd_set_address
 .text.dcd_sof_enable
                0x100074bc       0x1c CMakeFiles/projecto_tp.dir/804150199349899753a8711307edc92f/pico-sdk/lib/tinyusb/src/portable/raspberrypi/rp2040/dcd_rp2040.c.obj
                0x100074bc                dcd_sof_enable
 .text.dcd_edpt0_status_complete
                0x100074d8       0x1c CMakeFiles/projecto_tp.dir/804150199349899753a8711307edc92f/pico-sdk/lib/tinyusb/src/portable/raspberrypi/rp2040/dcd_rp2040.c.obj
                0x100074d8                dcd_edpt0_status_complete
 .text.dcd_edpt_open
                0x100074f4      0x110 CMakeFiles/projecto_tp.dir/804150199349899753a8711307edc92f/pico-sdk/lib/tinyusb/src/portable/raspberrypi/rp2040/dcd_rp2040.c.obj
                0x100074f4                dcd_edpt_open
 .text.dcd_edpt_close_all
                0x10007604        0x4 CMakeFiles/projecto_tp.dir/804150199349899753a8711307edc92f/pico-sdk/lib/tinyusb/src/portable/raspberrypi/rp2040/dcd_rp2040.c.obj
                0x10007604                dcd_edpt_close_all
 .text.dcd_edpt_xfer
                0x10007608       0x28 CMakeFiles/projecto_tp.dir/804150199349899753a8711307edc92f/pico-sdk/lib/tinyusb/src/portable/raspberrypi/rp2040/dcd_rp2040.c.obj
                0x10007608                dcd_edpt_xfer
 .text.dcd_edpt_stall
                0x10007630       0x30 CMakeFiles/projecto_tp.dir/804150199349899753a8711307edc92f/pico-sdk/lib/tinyusb/src/portable/raspberrypi/rp2040/dcd_rp2040.c.obj
                0x10007630                dcd_edpt_stall
 .text.dcd_edpt_clear_stall
                0x10007660       0x2c CMakeFiles/projecto_tp.dir/804150199349899753a8711307edc92f/pico-sdk/lib/tinyusb/src/portable/raspberrypi/rp2040/dcd_rp2040.c.obj
                0x10007660                dcd_edpt_clear_stall
 .text.rp2040_usb_init
                0x1000768c       0x40 CMakeFiles/projecto_tp.dir/804150199349899753a8711307edc92f/pico-sdk/lib/tinyusb/src/portable/raspberrypi/rp2040/rp2040_usb.c.obj
                0x1000768c                rp2040_usb_init
 .text.hw_endpoint_xfer_start
                0x100076cc       0x4c CMakeFiles/projecto_tp.dir/804150199349899753a8711307edc92f/pico-sdk/lib/tinyusb/src/portable/raspberrypi/rp2040/rp2040_usb.c.obj
                0x100076cc                hw_endpoint_xfer_start
 .text.configuration_reset
                0x10007718       0x8c CMakeFiles/projecto_tp.dir/dd8c7786a820e656579efbb0d3f98f54/RTOS_y_arquitecturas/pico-sdk/lib/tinyusb/src/device/usbd.c.obj
 .text.tud_event_hook_cb
                0x100077a4        0x4 CMakeFiles/projecto_tp.dir/dd8c7786a820e656579efbb0d3f98f54/RTOS_y_arquitecturas/pico-sdk/lib/tinyusb/src/device/usbd.c.obj
                0x100077a4                tud_event_hook_cb
 .text.tud_sof_cb
                0x100077a8        0x4 CMakeFiles/projecto_tp.dir/dd8c7786a820e656579efbb0d3f98f54/RTOS_y_arquitecturas/pico-sdk/lib/tinyusb/src/device/usbd.c.obj
                0x100077a8                tud_sof_cb
 .text.tud_descriptor_device_qualifier_cb
                0x100077ac        0x4 CMakeFiles/projecto_tp.dir/dd8c7786a820e656579efbb0d3f98f54/RTOS_y_arquitecturas/pico-sdk/lib/tinyusb/src/device/usbd.c.obj
                0x100077ac                tud_descriptor_device_qualifier_cb
 .text.tud_descriptor_other_speed_configuration_cb
                0x100077b0        0x4 CMakeFiles/projecto_tp.dir/dd8c7786a820e656579efbb0d3f98f54/RTOS_y_arquitecturas/pico-sdk/lib/tinyusb/src/device/usbd.c.obj
                0x100077b0                tud_descriptor_other_speed_configuration_cb
 .text.tud_mount_cb
                0x100077b4        0x4 CMakeFiles/projecto_tp.dir/dd8c7786a820e656579efbb0d3f98f54/RTOS_y_arquitecturas/pico-sdk/lib/tinyusb/src/device/usbd.c.obj
                0x100077b4                tud_mount_cb
 .text.tud_umount_cb
                0x100077b8        0x4 CMakeFiles/projecto_tp.dir/dd8c7786a820e656579efbb0d3f98f54/RTOS_y_arquitecturas/pico-sdk/lib/tinyusb/src/device/usbd.c.obj
                0x100077b8                tud_umount_cb
 .text.tud_suspend_cb
                0x100077bc        0x4 CMakeFiles/projecto_tp.dir/dd8c7786a820e656579efbb0d3f98f54/RTOS_y_arquitecturas/pico-sdk/lib/tinyusb/src/device/usbd.c.obj
                0x100077bc                tud_suspend_cb
 .text.tud_resume_cb
                0x100077c0        0x4 CMakeFiles/projecto_tp.dir/dd8c7786a820e656579efbb0d3f98f54/RTOS_y_arquitecturas/pico-sdk/lib/tinyusb/src/device/usbd.c.obj
                0x100077c0                tud_resume_cb
 .text.tud_mounted
                0x100077c4       0x10 CMakeFiles/projecto_tp.dir/dd8c7786a820e656579efbb0d3f98f54/RTOS_y_arquitecturas/pico-sdk/lib/tinyusb/src/device/usbd.c.obj
                0x100077c4                tud_mounted
 .text.tud_suspended
                0x100077d4       0x10 CMakeFiles/projecto_tp.dir/dd8c7786a820e656579efbb0d3f98f54/RTOS_y_arquitecturas/pico-sdk/lib/tinyusb/src/device/usbd.c.obj
                0x100077d4                tud_suspended
 .text.tud_rhport_init
                0x100077e4      0x110 CMakeFiles/projecto_tp.dir/dd8c7786a820e656579efbb0d3f98f54/RTOS_y_arquitecturas/pico-sdk/lib/tinyusb/src/device/usbd.c.obj
                0x100077e4                tud_rhport_init
 .text.tud_task_ext
                0x100078f4      0x7a4 CMakeFiles/projecto_tp.dir/dd8c7786a820e656579efbb0d3f98f54/RTOS_y_arquitecturas/pico-sdk/lib/tinyusb/src/device/usbd.c.obj
                0x100078f4                tud_task_ext
 .text.usbd_open_edpt_pair
                0x10008098       0x9c CMakeFiles/projecto_tp.dir/dd8c7786a820e656579efbb0d3f98f54/RTOS_y_arquitecturas/pico-sdk/lib/tinyusb/src/device/usbd.c.obj
                0x10008098                usbd_open_edpt_pair
 .text.usbd_edpt_open
                0x10008134       0x44 CMakeFiles/projecto_tp.dir/dd8c7786a820e656579efbb0d3f98f54/RTOS_y_arquitecturas/pico-sdk/lib/tinyusb/src/device/usbd.c.obj
                0x10008134                usbd_edpt_open
 .text.usbd_edpt_claim
                0x10008178       0x24 CMakeFiles/projecto_tp.dir/dd8c7786a820e656579efbb0d3f98f54/RTOS_y_arquitecturas/pico-sdk/lib/tinyusb/src/device/usbd.c.obj
                0x10008178                usbd_edpt_claim
 .text.usbd_edpt_release
                0x1000819c       0x24 CMakeFiles/projecto_tp.dir/dd8c7786a820e656579efbb0d3f98f54/RTOS_y_arquitecturas/pico-sdk/lib/tinyusb/src/device/usbd.c.obj
                0x1000819c                usbd_edpt_release
 .text.usbd_edpt_xfer
                0x100081c0       0x70 CMakeFiles/projecto_tp.dir/dd8c7786a820e656579efbb0d3f98f54/RTOS_y_arquitecturas/pico-sdk/lib/tinyusb/src/device/usbd.c.obj
                0x100081c0                usbd_edpt_xfer
 .text.tud_control_status
                0x10008230       0x34 CMakeFiles/projecto_tp.dir/dd8c7786a820e656579efbb0d3f98f54/RTOS_y_arquitecturas/pico-sdk/lib/tinyusb/src/device/usbd_control.c.obj
                0x10008230                tud_control_status
 .text.tud_control_xfer
                0x10008264       0xcc CMakeFiles/projecto_tp.dir/dd8c7786a820e656579efbb0d3f98f54/RTOS_y_arquitecturas/pico-sdk/lib/tinyusb/src/device/usbd_control.c.obj
                0x10008264                tud_control_xfer
 .text.usbd_control_reset
                0x10008330       0x14 CMakeFiles/projecto_tp.dir/dd8c7786a820e656579efbb0d3f98f54/RTOS_y_arquitecturas/pico-sdk/lib/tinyusb/src/device/usbd_control.c.obj
                0x10008330                usbd_control_reset
 .text.usbd_control_set_complete_callback
                0x10008344        0xc CMakeFiles/projecto_tp.dir/dd8c7786a820e656579efbb0d3f98f54/RTOS_y_arquitecturas/pico-sdk/lib/tinyusb/src/device/usbd_control.c.obj
                0x10008344                usbd_control_set_complete_callback
 .text.usbd_control_set_request
                0x10008350       0x1c CMakeFiles/projecto_tp.dir/dd8c7786a820e656579efbb0d3f98f54/RTOS_y_arquitecturas/pico-sdk/lib/tinyusb/src/device/usbd_control.c.obj
                0x10008350                usbd_control_set_request
 .text.usbd_control_xfer_cb
                0x1000836c      0x110 CMakeFiles/projecto_tp.dir/dd8c7786a820e656579efbb0d3f98f54/RTOS_y_arquitecturas/pico-sdk/lib/tinyusb/src/device/usbd_control.c.obj
                0x1000836c                usbd_control_xfer_cb
 .text._prep_out_transaction.isra.0
                0x1000847c       0x78 CMakeFiles/projecto_tp.dir/dd8c7786a820e656579efbb0d3f98f54/RTOS_y_arquitecturas/pico-sdk/lib/tinyusb/src/class/cdc/cdc_device.c.obj
 .text.tud_cdc_n_connected
                0x100084f4       0x2c CMakeFiles/projecto_tp.dir/dd8c7786a820e656579efbb0d3f98f54/RTOS_y_arquitecturas/pico-sdk/lib/tinyusb/src/class/cdc/cdc_device.c.obj
                0x100084f4                tud_cdc_n_connected
 .text.tud_cdc_n_available
                0x10008520       0x18 CMakeFiles/projecto_tp.dir/dd8c7786a820e656579efbb0d3f98f54/RTOS_y_arquitecturas/pico-sdk/lib/tinyusb/src/class/cdc/cdc_device.c.obj
                0x10008520                tud_cdc_n_available
 .text.tud_cdc_n_read
                0x10008538       0x90 CMakeFiles/projecto_tp.dir/dd8c7786a820e656579efbb0d3f98f54/RTOS_y_arquitecturas/pico-sdk/lib/tinyusb/src/class/cdc/cdc_device.c.obj
                0x10008538                tud_cdc_n_read
 .text.tud_cdc_n_write_flush
                0x100085c8       0x88 CMakeFiles/projecto_tp.dir/dd8c7786a820e656579efbb0d3f98f54/RTOS_y_arquitecturas/pico-sdk/lib/tinyusb/src/class/cdc/cdc_device.c.obj
                0x100085c8                tud_cdc_n_write_flush
 .text.tud_cdc_n_write
                0x10008650       0x48 CMakeFiles/projecto_tp.dir/dd8c7786a820e656579efbb0d3f98f54/RTOS_y_arquitecturas/pico-sdk/lib/tinyusb/src/class/cdc/cdc_device.c.obj
                0x10008650                tud_cdc_n_write
 .text.tud_cdc_n_write_available
                0x10008698       0x18 CMakeFiles/projecto_tp.dir/dd8c7786a820e656579efbb0d3f98f54/RTOS_y_arquitecturas/pico-sdk/lib/tinyusb/src/class/cdc/cdc_device.c.obj
                0x10008698                tud_cdc_n_write_available
 .text.cdcd_init
                0x100086b0       0x70 CMakeFiles/projecto_tp.dir/dd8c7786a820e656579efbb0d3f98f54/RTOS_y_arquitecturas/pico-sdk/lib/tinyusb/src/class/cdc/cdc_device.c.obj
                0x100086b0                cdcd_init
 .text.cdcd_deinit
                0x10008720       0x20 CMakeFiles/projecto_tp.dir/dd8c7786a820e656579efbb0d3f98f54/RTOS_y_arquitecturas/pico-sdk/lib/tinyusb/src/class/cdc/cdc_device.c.obj
                0x10008720                cdcd_deinit
 .text.cdcd_reset
                0x10008740       0x4c CMakeFiles/projecto_tp.dir/dd8c7786a820e656579efbb0d3f98f54/RTOS_y_arquitecturas/pico-sdk/lib/tinyusb/src/class/cdc/cdc_device.c.obj
                0x10008740                cdcd_reset
 .text.cdcd_open
                0x1000878c       0xbc CMakeFiles/projecto_tp.dir/dd8c7786a820e656579efbb0d3f98f54/RTOS_y_arquitecturas/pico-sdk/lib/tinyusb/src/class/cdc/cdc_device.c.obj
                0x1000878c                cdcd_open
 .text.cdcd_control_xfer_cb
                0x10008848       0xc8 CMakeFiles/projecto_tp.dir/dd8c7786a820e656579efbb0d3f98f54/RTOS_y_arquitecturas/pico-sdk/lib/tinyusb/src/class/cdc/cdc_device.c.obj
                0x10008848                cdcd_control_xfer_cb
 .text.cdcd_xfer_cb
                0x10008910      0x100 CMakeFiles/projecto_tp.dir/dd8c7786a820e656579efbb0d3f98f54/RTOS_y_arquitecturas/pico-sdk/lib/tinyusb/src/class/cdc/cdc_device.c.obj
                0x10008910                cdcd_xfer_cb
 .text.vendord_init
                0x10008a10       0x5c CMakeFiles/projecto_tp.dir/dd8c7786a820e656579efbb0d3f98f54/RTOS_y_arquitecturas/pico-sdk/lib/tinyusb/src/class/vendor/vendor_device.c.obj
                0x10008a10                vendord_init
 .text.vendord_deinit
                0x10008a6c       0x1c CMakeFiles/projecto_tp.dir/dd8c7786a820e656579efbb0d3f98f54/RTOS_y_arquitecturas/pico-sdk/lib/tinyusb/src/class/vendor/vendor_device.c.obj
                0x10008a6c                vendord_deinit
 .text.vendord_reset
                0x10008a88       0x24 CMakeFiles/projecto_tp.dir/dd8c7786a820e656579efbb0d3f98f54/RTOS_y_arquitecturas/pico-sdk/lib/tinyusb/src/class/vendor/vendor_device.c.obj
                0x10008a88                vendord_reset
 .text.vendord_open
                0x10008aac       0xfc CMakeFiles/projecto_tp.dir/dd8c7786a820e656579efbb0d3f98f54/RTOS_y_arquitecturas/pico-sdk/lib/tinyusb/src/class/vendor/vendor_device.c.obj
                0x10008aac                vendord_open
 .text.vendord_xfer_cb
                0x10008ba8       0x8c CMakeFiles/projecto_tp.dir/dd8c7786a820e656579efbb0d3f98f54/RTOS_y_arquitecturas/pico-sdk/lib/tinyusb/src/class/vendor/vendor_device.c.obj
                0x10008ba8                vendord_xfer_cb
 .text.tusb_rhport_init
                0x10008c34       0x74 CMakeFiles/projecto_tp.dir/867b3657bfc328e555055c7423ee0319/Especialidad_SEMB/RTOS_y_arquitecturas/pico-sdk/lib/tinyusb/src/tusb.c.obj
                0x10008c34                tusb_rhport_init
 .text.tu_edpt_claim
                0x10008ca8       0x54 CMakeFiles/projecto_tp.dir/867b3657bfc328e555055c7423ee0319/Especialidad_SEMB/RTOS_y_arquitecturas/pico-sdk/lib/tinyusb/src/tusb.c.obj
                0x10008ca8                tu_edpt_claim
 .text.tu_edpt_release
                0x10008cfc       0x38 CMakeFiles/projecto_tp.dir/867b3657bfc328e555055c7423ee0319/Especialidad_SEMB/RTOS_y_arquitecturas/pico-sdk/lib/tinyusb/src/tusb.c.obj
                0x10008cfc                tu_edpt_release
 .text.tu_edpt_validate
                0x10008d34       0x68 CMakeFiles/projecto_tp.dir/867b3657bfc328e555055c7423ee0319/Especialidad_SEMB/RTOS_y_arquitecturas/pico-sdk/lib/tinyusb/src/tusb.c.obj
                0x10008d34                tu_edpt_validate
 .text.tu_edpt_bind_driver
                0x10008d9c       0x58 CMakeFiles/projecto_tp.dir/867b3657bfc328e555055c7423ee0319/Especialidad_SEMB/RTOS_y_arquitecturas/pico-sdk/lib/tinyusb/src/tusb.c.obj
                0x10008d9c                tu_edpt_bind_driver
 .text.tu_edpt_stream_init
                0x10008df4       0x58 CMakeFiles/projecto_tp.dir/867b3657bfc328e555055c7423ee0319/Especialidad_SEMB/RTOS_y_arquitecturas/pico-sdk/lib/tinyusb/src/tusb.c.obj
                0x10008df4                tu_edpt_stream_init
 .text.tu_edpt_stream_deinit
                0x10008e4c        0x4 CMakeFiles/projecto_tp.dir/867b3657bfc328e555055c7423ee0319/Especialidad_SEMB/RTOS_y_arquitecturas/pico-sdk/lib/tinyusb/src/tusb.c.obj
                0x10008e4c                tu_edpt_stream_deinit
 .text.tu_edpt_stream_write_zlp_if_needed
                0x10008e50       0x68 CMakeFiles/projecto_tp.dir/867b3657bfc328e555055c7423ee0319/Especialidad_SEMB/RTOS_y_arquitecturas/pico-sdk/lib/tinyusb/src/tusb.c.obj
                0x10008e50                tu_edpt_stream_write_zlp_if_needed
 .text.tu_edpt_stream_write_xfer
                0x10008eb8       0x74 CMakeFiles/projecto_tp.dir/867b3657bfc328e555055c7423ee0319/Especialidad_SEMB/RTOS_y_arquitecturas/pico-sdk/lib/tinyusb/src/tusb.c.obj
                0x10008eb8                tu_edpt_stream_write_xfer
 .text.tu_edpt_stream_read_xfer
                0x10008f2c       0xd4 CMakeFiles/projecto_tp.dir/867b3657bfc328e555055c7423ee0319/Especialidad_SEMB/RTOS_y_arquitecturas/pico-sdk/lib/tinyusb/src/tusb.c.obj
                0x10008f2c                tu_edpt_stream_read_xfer
 .text.tu_fifo_config
                0x10009000       0x64 CMakeFiles/projecto_tp.dir/dd8c7786a820e656579efbb0d3f98f54/RTOS_y_arquitecturas/pico-sdk/lib/tinyusb/src/common/tusb_fifo.c.obj
                0x10009000                tu_fifo_config
 .text.tu_fifo_count
                0x10009064       0x20 CMakeFiles/projecto_tp.dir/dd8c7786a820e656579efbb0d3f98f54/RTOS_y_arquitecturas/pico-sdk/lib/tinyusb/src/common/tusb_fifo.c.obj
                0x10009064                tu_fifo_count
 .text.tu_fifo_empty
                0x10009084       0x14 CMakeFiles/projecto_tp.dir/dd8c7786a820e656579efbb0d3f98f54/RTOS_y_arquitecturas/pico-sdk/lib/tinyusb/src/common/tusb_fifo.c.obj
                0x10009084                tu_fifo_empty
 .text.tu_fifo_remaining
                0x10009098       0x24 CMakeFiles/projecto_tp.dir/dd8c7786a820e656579efbb0d3f98f54/RTOS_y_arquitecturas/pico-sdk/lib/tinyusb/src/common/tusb_fifo.c.obj
                0x10009098                tu_fifo_remaining
 .text.tu_fifo_read
                0x100090bc       0x94 CMakeFiles/projecto_tp.dir/dd8c7786a820e656579efbb0d3f98f54/RTOS_y_arquitecturas/pico-sdk/lib/tinyusb/src/common/tusb_fifo.c.obj
                0x100090bc                tu_fifo_read
 .text.tu_fifo_read_n
                0x10009150       0xd4 CMakeFiles/projecto_tp.dir/dd8c7786a820e656579efbb0d3f98f54/RTOS_y_arquitecturas/pico-sdk/lib/tinyusb/src/common/tusb_fifo.c.obj
                0x10009150                tu_fifo_read_n
 .text.tu_fifo_write
                0x10009224       0x84 CMakeFiles/projecto_tp.dir/dd8c7786a820e656579efbb0d3f98f54/RTOS_y_arquitecturas/pico-sdk/lib/tinyusb/src/common/tusb_fifo.c.obj
                0x10009224                tu_fifo_write
 .text.tu_fifo_write_n
                0x100092a8      0x15c CMakeFiles/projecto_tp.dir/dd8c7786a820e656579efbb0d3f98f54/RTOS_y_arquitecturas/pico-sdk/lib/tinyusb/src/common/tusb_fifo.c.obj
                0x100092a8                tu_fifo_write_n
 .text.tu_fifo_clear
                0x10009404       0x38 CMakeFiles/projecto_tp.dir/dd8c7786a820e656579efbb0d3f98f54/RTOS_y_arquitecturas/pico-sdk/lib/tinyusb/src/common/tusb_fifo.c.obj
                0x10009404                tu_fifo_clear
 .text.tu_fifo_set_overwritable
                0x1000943c       0x3c CMakeFiles/projecto_tp.dir/dd8c7786a820e656579efbb0d3f98f54/RTOS_y_arquitecturas/pico-sdk/lib/tinyusb/src/common/tusb_fifo.c.obj
                0x1000943c                tu_fifo_set_overwritable
 .text          0x10009478       0xec c:/progra~2/gnuarm~1/102021~1.10/bin/../lib/gcc/arm-none-eabi/10.3.1/../../../../arm-none-eabi/lib/thumb/v8-m.main+fp/softfp\libg.a(lib_a-memcpy.o)
                0x10009478                memcpy
 .text.memset   0x10009564       0xa4 c:/progra~2/gnuarm~1/102021~1.10/bin/../lib/gcc/arm-none-eabi/10.3.1/../../../../arm-none-eabi/lib/thumb/v8-m.main+fp/softfp\libg.a(lib_a-memset.o)
                0x10009564                memset
 .text.strlen   0x10009608       0x5c c:/progra~2/gnuarm~1/102021~1.10/bin/../lib/gcc/arm-none-eabi/10.3.1/../../../../arm-none-eabi/lib/thumb/v8-m.main+fp/softfp\libg.a(lib_a-strlen-stub.o)
                0x10009608                strlen
 *(.fini)
 .fini          0x10009664        0x4 c:/progra~2/gnuarm~1/102021~1.10/bin/../lib/gcc/arm-none-eabi/10.3.1/thumb/v8-m.main+fp/softfp/crti.o
                0x10009664                _fini
 .fini.__stub   0x10009668       0xc0 linker stubs
 *crtbegin.o(.ctors)
 *crtbegin?.o(.ctors)
 *(EXCLUDE_FILE(*crtend.o *crtend?.o) .ctors)
 *(SORT_BY_NAME(.ctors.*))
 *(.ctors)
 *crtbegin.o(.dtors)
 *crtbegin?.o(.dtors)
 *(EXCLUDE_FILE(*crtend.o *crtend?.o) .dtors)
 *(SORT_BY_NAME(.dtors.*))
 *(.dtors)
                0x10009728                . = ALIGN (0x4)
                0x10009728                PROVIDE (__preinit_array_start = .)
 *(SORT_BY_NAME(.preinit_array.*))
 .preinit_array.00050
                0x10009728        0x4 CMakeFiles/projecto_tp.dir/804150199349899753a8711307edc92f/pico-sdk/src/rp2_common/pico_runtime_init/runtime_init.c.obj
                0x10009728                __pre_init_runtime_init_bootrom_reset
 .preinit_array.00100
                0x1000972c        0x4 CMakeFiles/projecto_tp.dir/804150199349899753a8711307edc92f/pico-sdk/src/rp2_common/pico_runtime_init/runtime_init.c.obj
                0x1000972c                __pre_init_runtime_init_early_resets
 .preinit_array.00101
                0x10009730        0x4 CMakeFiles/projecto_tp.dir/804150199349899753a8711307edc92f/pico-sdk/src/rp2_common/pico_runtime_init/runtime_init.c.obj
                0x10009730                __pre_init_runtime_init_usb_power_down
 .preinit_array.00500
                0x10009734        0x4 CMakeFiles/projecto_tp.dir/804150199349899753a8711307edc92f/pico-sdk/src/rp2_common/pico_runtime_init/runtime_init.c.obj
                0x10009734                __pre_init_runtime_init_clocks
 .preinit_array.00600
                0x10009738        0x4 CMakeFiles/projecto_tp.dir/804150199349899753a8711307edc92f/pico-sdk/src/rp2_common/pico_runtime_init/runtime_init.c.obj
                0x10009738                __pre_init_runtime_init_post_clock_resets
 .preinit_array.01000
                0x1000973c        0x4 CMakeFiles/projecto_tp.dir/dd8c7786a820e656579efbb0d3f98f54/RTOS_y_arquitecturas/pico-sdk/src/rp2_common/hardware_boot_lock/boot_lock.c.obj
                0x1000973c                __pre_init_runtime_init_boot_locks_reset
 .preinit_array.01000
                0x10009740        0x4 CMakeFiles/projecto_tp.dir/804150199349899753a8711307edc92f/pico-sdk/src/rp2_common/pico_runtime_init/runtime_init.c.obj
                0x10009740                __pre_init_runtime_init_spin_locks_reset
 .preinit_array.01010
                0x10009744        0x4 CMakeFiles/projecto_tp.dir/dd8c7786a820e656579efbb0d3f98f54/RTOS_y_arquitecturas/pico-sdk/src/rp2_common/pico_bootrom/bootrom_lock.c.obj
                0x10009744                __pre_init_runtime_init_bootrom_locking_enable
 .preinit_array.01100
                0x10009748        0x4 CMakeFiles/projecto_tp.dir/dd8c7786a820e656579efbb0d3f98f54/RTOS_y_arquitecturas/pico-sdk/src/common/pico_sync/mutex.c.obj
                0x10009748                __pre_init_runtime_init_mutex
 .preinit_array.10080
                0x1000974c        0x4 CMakeFiles/projecto_tp.dir/804150199349899753a8711307edc92f/pico-sdk/src/rp2_common/pico_runtime_init/runtime_init.c.obj
                0x1000974c                __pre_init_runtime_init_install_ram_vector_table
 .preinit_array.11000
                0x10009750        0x4 CMakeFiles/projecto_tp.dir/867b3657bfc328e555055c7423ee0319/Especialidad_SEMB/RTOS_y_arquitecturas/pico-sdk/src/common/pico_time/time.c.obj
                0x10009750                __pre_init_runtime_init_default_alarm_pool
 .preinit_array.YYYYY
                0x10009754        0x4 CMakeFiles/projecto_tp.dir/dd8c7786a820e656579efbb0d3f98f54/RTOS_y_arquitecturas/pico-sdk/src/rp2_common/pico_runtime/runtime.c.obj
                0x10009754                __pre_init_first_per_core_initializer
 .preinit_array.ZZZZZ.00051
                0x10009758        0x4 CMakeFiles/projecto_tp.dir/804150199349899753a8711307edc92f/pico-sdk/src/rp2_common/pico_runtime_init/runtime_init.c.obj
                0x10009758                __pre_init_runtime_init_per_core_bootrom_reset
 .preinit_array.ZZZZZ.00200
                0x1000975c        0x4 CMakeFiles/projecto_tp.dir/804150199349899753a8711307edc92f/pico-sdk/src/rp2_common/pico_runtime_init/runtime_init.c.obj
                0x1000975c                __pre_init_runtime_init_per_core_enable_coprocessors
 .preinit_array.ZZZZZ.01000
                0x10009760        0x4 CMakeFiles/projecto_tp.dir/804150199349899753a8711307edc92f/pico-sdk/src/rp2_common/hardware_sync_spin_lock/sync_spin_lock.c.obj
                0x10009760                __pre_init_spinlock_set_extexclall
 .preinit_array.ZZZZZ.01200
                0x10009764        0x4 CMakeFiles/projecto_tp.dir/dd8c7786a820e656579efbb0d3f98f54/RTOS_y_arquitecturas/pico-sdk/src/rp2_common/hardware_irq/irq.c.obj
                0x10009764                __pre_init_runtime_init_per_core_irq_priorities
 *(.preinit_array)
                0x10009768                PROVIDE (__preinit_array_end = .)
                0x10009768                . = ALIGN (0x4)
                0x10009768                PROVIDE (__init_array_start = .)
 *(SORT_BY_NAME(.init_array.*))
 .init_array.01000
                0x10009768        0x4 CMakeFiles/projecto_tp.dir/dd8c7786a820e656579efbb0d3f98f54/RTOS_y_arquitecturas/pico-sdk/src/rp2_common/pico_unique_id/unique_id.c.obj
 *(.init_array)
 .init_array    0x1000976c        0x4 c:/progra~2/gnuarm~1/102021~1.10/bin/../lib/gcc/arm-none-eabi/10.3.1/thumb/v8-m.main+fp/softfp/crtbegin.o
 .init_array    0x10009770        0x4 CMakeFiles/projecto_tp.dir/804150199349899753a8711307edc92f/FreeRTOS-Kernel/portable/ThirdParty/GCC/RP2350_ARM_NTZ/non_secure/port.c.obj
                0x10009774                PROVIDE (__init_array_end = .)
                0x10009774                . = ALIGN (0x4)
                [!provide]                PROVIDE (__fini_array_start = .)
 *(SORT_BY_NAME(.fini_array.*))
 *(.fini_array)
                [!provide]                PROVIDE (__fini_array_end = .)
 *(.eh_frame*)
 .eh_frame      0x10009774        0x0 c:/progra~2/gnuarm~1/102021~1.10/bin/../lib/gcc/arm-none-eabi/10.3.1/thumb/v8-m.main+fp/softfp/crtbegin.o
                0x10009774                . = ALIGN (0x4)

.glue_7         0x10009774        0x0
 .glue_7        0x10009774        0x0 linker stubs

.glue_7t        0x10009774        0x0
 .glue_7t       0x10009774        0x0 linker stubs

.vfp11_veneer   0x10009774        0x0
 .vfp11_veneer  0x10009774        0x0 linker stubs

.v4_bx          0x10009774        0x0
 .v4_bx         0x10009774        0x0 linker stubs

.iplt           0x10009774        0x0
 .iplt          0x10009774        0x0 c:/progra~2/gnuarm~1/102021~1.10/bin/../lib/gcc/arm-none-eabi/10.3.1/thumb/v8-m.main+fp/softfp/crtbegin.o

.boot2          0x10009774        0x0
                0x10009774                __boot2_start__ = .
 *(.boot2)
                0x10009774                __boot2_end__ = .
                0x00000001                ASSERT (((__boot2_end__ - __boot2_start__) <= 0x100), ERROR: Pico second stage bootloader must be no more than 256 bytes in size)

.rodata         0x10009778      0x6f8
 *(EXCLUDE_FILE(*libm.a: *libc.a:*lib_a-mem*.o *libgcc.a:) .rodata*)
 .rodata.Filtrar_muestras.str1.4
                0x10009778       0x73 CMakeFiles/projecto_tp.dir/projecto_tpc.c.obj
 *fill*         0x100097eb        0x1 
 .rodata.max30100_read_fifo_data.str1.4
                0x100097ec       0x5d CMakeFiles/projecto_tp.dir/projecto_tpc.c.obj
 *fill*         0x10009849        0x3 
 .rodata.max30100_init_with_interrupts.str1.4
                0x1000984c      0x1e0 CMakeFiles/projecto_tp.dir/projecto_tpc.c.obj
 .rodata.main.str1.4
                0x10009a2c       0x24 CMakeFiles/projecto_tp.dir/projecto_tpc.c.obj
 .rodata.__bi_122.0
                0x10009a50        0x8 CMakeFiles/projecto_tp.dir/projecto_tpc.c.obj
 .rodata.panic.str1.4
                0x10009a58       0x12 CMakeFiles/projecto_tp.dir/dd8c7786a820e656579efbb0d3f98f54/RTOS_y_arquitecturas/pico-sdk/src/rp2_common/pico_platform_panic/panic.c.obj
 *fill*         0x10009a6a        0x2 
 .rodata.spin_lock_claim.str1.4
                0x10009a6c       0x1f CMakeFiles/projecto_tp.dir/dd8c7786a820e656579efbb0d3f98f54/RTOS_y_arquitecturas/pico-sdk/src/rp2_common/hardware_sync/sync.c.obj
 *fill*         0x10009a8b        0x1 
 .rodata.spin_lock_claim_unused.str1.4
                0x10009a8c       0x1b CMakeFiles/projecto_tp.dir/dd8c7786a820e656579efbb0d3f98f54/RTOS_y_arquitecturas/pico-sdk/src/rp2_common/hardware_sync/sync.c.obj
 *fill*         0x10009aa7        0x1 
 .rodata.user_irq_claim_unused.str1.4
                0x10009aa8       0x1b CMakeFiles/projecto_tp.dir/dd8c7786a820e656579efbb0d3f98f54/RTOS_y_arquitecturas/pico-sdk/src/rp2_common/hardware_irq/irq.c.obj
 *fill*         0x10009ac3        0x1 
 .rodata.timer_hardware_alarm_claim.str1.4
                0x10009ac4       0x22 CMakeFiles/projecto_tp.dir/dd8c7786a820e656579efbb0d3f98f54/RTOS_y_arquitecturas/pico-sdk/src/rp2_common/hardware_timer/timer.c.obj
 *fill*         0x10009ae6        0x2 
 .rodata.xTimerCreateTimerTask.str1.4
                0x10009ae8       0x10 CMakeFiles/projecto_tp.dir/C_/Users/Bangho/Desktop/Trabajos_material/Especialidad_SEMB/RTOS_y_arquitecturas/FreeRTOS-Kernel/timers.c.obj
 .rodata.multicore_doorbell_claim_unused.str1.4
                0x10009af8       0x12 CMakeFiles/projecto_tp.dir/dd8c7786a820e656579efbb0d3f98f54/RTOS_y_arquitecturas/pico-sdk/src/rp2_common/pico_multicore/multicore.c.obj
 *fill*         0x10009b0a        0x2 
 .rodata.hard_assertion_failure.str1.4
                0x10009b0c        0xc CMakeFiles/projecto_tp.dir/dd8c7786a820e656579efbb0d3f98f54/RTOS_y_arquitecturas/pico-sdk/src/rp2_common/pico_runtime/runtime.c.obj
 .rodata.str1.4
                0x10009b18       0x40 CMakeFiles/projecto_tp.dir/804150199349899753a8711307edc92f/pico-sdk/src/rp2_common/pico_standard_binary_info/standard_binary_info.c.obj
 .rodata.__bi_26
                0x10009b58        0xc CMakeFiles/projecto_tp.dir/804150199349899753a8711307edc92f/pico-sdk/src/rp2_common/pico_standard_binary_info/standard_binary_info.c.obj
 .rodata.__bi_34
                0x10009b64        0xc CMakeFiles/projecto_tp.dir/804150199349899753a8711307edc92f/pico-sdk/src/rp2_common/pico_standard_binary_info/standard_binary_info.c.obj
 .rodata.__bi_42
                0x10009b70        0xc CMakeFiles/projecto_tp.dir/804150199349899753a8711307edc92f/pico-sdk/src/rp2_common/pico_standard_binary_info/standard_binary_info.c.obj
 .rodata.__bi_48
                0x10009b7c        0xc CMakeFiles/projecto_tp.dir/804150199349899753a8711307edc92f/pico-sdk/src/rp2_common/pico_standard_binary_info/standard_binary_info.c.obj
 .rodata.__bi_54
                0x10009b88        0xc CMakeFiles/projecto_tp.dir/804150199349899753a8711307edc92f/pico-sdk/src/rp2_common/pico_standard_binary_info/standard_binary_info.c.obj
 .rodata.__bi_78
                0x10009b94        0xc CMakeFiles/projecto_tp.dir/804150199349899753a8711307edc92f/pico-sdk/src/rp2_common/pico_standard_binary_info/standard_binary_info.c.obj
 .rodata.__bi_84
                0x10009ba0        0xc CMakeFiles/projecto_tp.dir/804150199349899753a8711307edc92f/pico-sdk/src/rp2_common/pico_standard_binary_info/standard_binary_info.c.obj
 .rodata._ftoa.str1.4
                0x10009bac       0x15 CMakeFiles/projecto_tp.dir/dd8c7786a820e656579efbb0d3f98f54/RTOS_y_arquitecturas/pico-sdk/src/rp2_common/pico_printf/printf.c.obj
 *fill*         0x10009bc1        0x7 
 .rodata.pow10.0
                0x10009bc8       0x50 CMakeFiles/projecto_tp.dir/dd8c7786a820e656579efbb0d3f98f54/RTOS_y_arquitecturas/pico-sdk/src/rp2_common/pico_printf/printf.c.obj
 .rodata.crlf_str.0
                0x10009c18        0x2 CMakeFiles/projecto_tp.dir/dd8c7786a820e656579efbb0d3f98f54/RTOS_y_arquitecturas/pico-sdk/src/rp2_common/pico_stdio/stdio.c.obj
 *fill*         0x10009c1a        0x2 
 .rodata._resetd_driver
                0x10009c1c       0x20 CMakeFiles/projecto_tp.dir/804150199349899753a8711307edc92f/pico-sdk/src/rp2_common/pico_stdio_usb/reset_interface.c.obj
 .rodata.desc_bos
                0x10009c3c       0x21 CMakeFiles/projecto_tp.dir/804150199349899753a8711307edc92f/pico-sdk/src/rp2_common/pico_stdio_usb/reset_interface.c.obj
                0x10009c3c                desc_bos
 *fill*         0x10009c5d        0x3 
 .rodata.desc_ms_os_20
                0x10009c60       0xa6 CMakeFiles/projecto_tp.dir/804150199349899753a8711307edc92f/pico-sdk/src/rp2_common/pico_stdio_usb/reset_interface.c.obj
 *fill*         0x10009d06        0x2 
 .rodata.str1.4
                0x10009d08       0x13 CMakeFiles/projecto_tp.dir/dd8c7786a820e656579efbb0d3f98f54/RTOS_y_arquitecturas/pico-sdk/src/rp2_common/pico_stdio_usb/stdio_usb.c.obj