Archive member included to satisfy reference by file (symbol)

c:/progra~2/gnuarm~1/102021~1.10/bin/../lib/gcc/arm-none-eabi/10.3.1/../../../../arm-none-eabi/lib/thumb/v8-m.main+fp/softfp\libm.a(lib_a-wf_sqrt.o)
                              CMakeFiles/projecto_tp.dir/dd8c7786a820e656579efbb0d3f98f54/RTOS_y_arquitecturas/pico-sdk/src/rp2_common/pico_float/float_math.c.obj (sqrtf)
c:/progra~2/gnuarm~1/102021~1.10/bin/../lib/gcc/arm-none-eabi/10.3.1/../../../../arm-none-eabi/lib/thumb/v8-m.main+fp/softfp\libm.a(lib_a-ef_sqrt.o)
                              c:/progra~2/gnuarm~1/102021~1.10/bin/../lib/gcc/arm-none-eabi/10.3.1/../../../../arm-none-eabi/lib/thumb/v8-m.main+fp/softfp\libm.a(lib_a-wf_sqrt.o) (__ieee754_sqrtf)
c:/progra~2/gnuarm~1/102021~1.10/bin/../lib/gcc/arm-none-eabi/10.3.1/thumb/v8-m.main+fp/softfp\libgcc.a(_arm_addsubdf3.o)
                              CMakeFiles/projecto_tp.dir/dd8c7786a820e656579efbb0d3f98f54/RTOS_y_arquitecturas/pico-sdk/src/rp2_common/pico_float/float_math.c.obj (__aeabi_f2d)
c:/progra~2/gnuarm~1/102021~1.10/bin/../lib/gcc/arm-none-eabi/10.3.1/thumb/v8-m.main+fp/softfp\libgcc.a(_aeabi_ldivmod.o)
                              CMakeFiles/projecto_tp.dir/867b3657bfc328e555055c7423ee0319/Especialidad_SEMB/RTOS_y_arquitecturas/pico-sdk/src/common/pico_time/time.c.obj (__aeabi_ldivmod)
c:/progra~2/gnuarm~1/102021~1.10/bin/../lib/gcc/arm-none-eabi/10.3.1/thumb/v8-m.main+fp/softfp\libgcc.a(_aeabi_uldivmod.o)
                              CMakeFiles/projecto_tp.dir/dd8c7786a820e656579efbb0d3f98f54/RTOS_y_arquitecturas/pico-sdk/src/rp2_common/hardware_clocks/clocks.c.obj (__aeabi_uldivmod)
c:/progra~2/gnuarm~1/102021~1.10/bin/../lib/gcc/arm-none-eabi/10.3.1/thumb/v8-m.main+fp/softfp\libgcc.a(_udivmoddi4.o)
                              c:/progra~2/gnuarm~1/102021~1.10/bin/../lib/gcc/arm-none-eabi/10.3.1/thumb/v8-m.main+fp/softfp\libgcc.a(_aeabi_ldivmod.o) (__udivmoddi4)
c:/progra~2/gnuarm~1/102021~1.10/bin/../lib/gcc/arm-none-eabi/10.3.1/thumb/v8-m.main+fp/softfp\libgcc.a(_dvmd_tls.o)
                              c:/progra~2/gnuarm~1/102021~1.10/bin/../lib/gcc/arm-none-eabi/10.3.1/thumb/v8-m.main+fp/softfp\libgcc.a(_aeabi_ldivmod.o) (__aeabi_ldiv0)
c:/progra~2/gnuarm~1/102021~1.10/bin/../lib/gcc/arm-none-eabi/10.3.1/../../../../arm-none-eabi/lib/thumb/v8-m.main+fp/softfp\libg.a(lib_a-calloc.o)
                              CMakeFiles/projecto_tp.dir/dd8c7786a820e656579efbb0d3f98f54/RTOS_y_arquitecturas/pico-sdk/src/rp2_common/pico_malloc/malloc.c.obj (calloc)
c:/progra~2/gnuarm~1/102021~1.10/bin/../lib/gcc/arm-none-eabi/10.3.1/../../../../arm-none-eabi/lib/thumb/v8-m.main+fp/softfp\libg.a(lib_a-callocr.o)
                              c:/progra~2/gnuarm~1/102021~1.10/bin/../lib/gcc/arm-none-eabi/10.3.1/../../../../arm-none-eabi/lib/thumb/v8-m.main+fp/softfp\libg.a(lib_a-calloc.o) (_calloc_r)
c:/progra~2/gnuarm~1/102021~1.10/bin/../lib/gcc/arm-none-eabi/10.3.1/../../../../arm-none-eabi/lib/thumb/v8-m.main+fp/softfp\libg.a(lib_a-errno.o)
                              c:/progra~2/gnuarm~1/102021~1.10/bin/../lib/gcc/arm-none-eabi/10.3.1/../../../../arm-none-eabi/lib/thumb/v8-m.main+fp/softfp\libm.a(lib_a-wf_sqrt.o) (__errno)
c:/progra~2/gnuarm~1/102021~1.10/bin/../lib/gcc/arm-none-eabi/10.3.1/../../../../arm-none-eabi/lib/thumb/v8-m.main+fp/softfp\libg.a(lib_a-impure.o)
                              c:/progra~2/gnuarm~1/102021~1.10/bin/../lib/gcc/arm-none-eabi/10.3.1/../../../../arm-none-eabi/lib/thumb/v8-m.main+fp/softfp\libg.a(lib_a-calloc.o) (_impure_ptr)
c:/progra~2/gnuarm~1/102021~1.10/bin/../lib/gcc/arm-none-eabi/10.3.1/../../../../arm-none-eabi/lib/thumb/v8-m.main+fp/softfp\libg.a(lib_a-init.o)
                              c:/progra~2/gnuarm~1/102021~1.10/bin/../lib/gcc/arm-none-eabi/10.3.1/../../../../arm-none-eabi/lib/thumb/v8-m.main+fp/softfp/crt0.o (__libc_init_array)
c:/progra~2/gnuarm~1/102021~1.10/bin/../lib/gcc/arm-none-eabi/10.3.1/../../../../arm-none-eabi/lib/thumb/v8-m.main+fp/softfp\libg.a(lib_a-lcltime_r.o)
                              CMakeFiles/projecto_tp.dir/dd8c7786a820e656579efbb0d3f98f54/RTOS_y_arquitecturas/pico-sdk/src/common/pico_util/datetime.c.obj (localtime_r)
c:/progra~2/gnuarm~1/102021~1.10/bin/../lib/gcc/arm-none-eabi/10.3.1/../../../../arm-none-eabi/lib/thumb/v8-m.main+fp/softfp\libg.a(lib_a-malloc.o)
                              CMakeFiles/projecto_tp.dir/dd8c7786a820e656579efbb0d3f98f54/RTOS_y_arquitecturas/pico-sdk/src/rp2_common/pico_malloc/malloc.c.obj (malloc)
c:/progra~2/gnuarm~1/102021~1.10/bin/../lib/gcc/arm-none-eabi/10.3.1/../../../../arm-none-eabi/lib/thumb/v8-m.main+fp/softfp\libg.a(lib_a-mallocr.o)
                              c:/progra~2/gnuarm~1/102021~1.10/bin/../lib/gcc/arm-none-eabi/10.3.1/../../../../arm-none-eabi/lib/thumb/v8-m.main+fp/softfp\libg.a(lib_a-callocr.o) (_malloc_r)
[...]
Memory Configuration

Name             Origin             Length             Attributes
FLASH            0x10000000         0x00400000         xr
RAM              0x20000000         0x00080000         xrw
SCRATCH_X        0x20080000         0x00001000         xrw
SCRATCH_Y        0x20081000         0x00001000         xrw
*default*        0x00000000         0xffffffff

Linker script and memory map

LOAD c:/progra~2/gnuarm~1/102021~1.10/bin/../lib/gcc/arm-none-eabi/10.3.1/thumb/v8-m.main+fp/softfp/crti.o
LOAD c:/progra~2/gnuarm~1/102021~1.10/bin/../lib/gcc/arm-none-eabi/10.3.1/thumb/v8-m.main+fp/softfp/crtbegin.o
LOAD c:/progra~2/gnuarm~1/102021~1.10/bin/../lib/gcc/arm-none-eabi/10.3.1/../../../../arm-none-eabi/lib/thumb/v8-m.main+fp/softfp/crt0.o

.flash_begin    0x10000000        0x0
                0x10000000                __flash_binary_start = .

.text           0x10000000     0x9d3c
                0x10000000                __logical_binary_start = .
 *(.vectors)
 .vectors       0x10000000      0x124 CMakeFiles/projecto_tp.dir/dd8c7786a820e656579efbb0d3f98f54/RTOS_y_arquitecturas/pico-sdk/src/rp2_common/pico_crt0/crt0.S.obj
                0x10000000                __VECTOR_TABLE
                0x10000000                __vectors
                0x10000110                __unhandled_user_irq
                0x10000110                isr_irq49
                0x10000110                isr_irq13
                0x10000110                isr_irq43
                0x10000110                isr_irq45
                0x10000110                isr_irq27
                0x10000110                isr_irq32
                0x10000110                isr_irq31
                0x10000110                isr_irq12
                0x10000110                isr_irq5
                0x10000110                isr_irq11
                0x10000110                isr_irq3
                0x10000110                isr_irq23
                0x10000110                isr_usagefault
                0x10000110                isr_irq48
                0x10000110                isr_irq30
                0x10000110                isr_irq18
                0x10000110                isr_irq50
                0x10000110                isr_irq33
                0x10000110                isr_irq40
                0x10000110                isr_irq28
                0x10000110                isr_irq19
                0x10000110                isr_irq36
                0x10000110                isr_irq41
                0x10000110                isr_irq0
                0x10000110                isr_irq6
                0x10000110                isr_irq26
                0x10000110                isr_irq29
                0x10000110                isr_memmanage
                0x10000110                isr_irq37
                0x10000110                isr_irq42
                0x10000110                isr_irq22
                0x10000110                isr_irq35
                0x10000110                isr_irq17
                0x10000110                isr_irq38
                0x10000110                isr_irq14
                0x10000110                __vectors_end
                0x10000110                __default_isrs_start
                0x10000110                isr_irq2
                0x10000110                isr_irq10
                0x10000110                isr_irq8
                0x10000110                isr_debugmonitor
                0x10000110                isr_irq24
                0x10000110                isr_irq46
                0x10000110                isr_irq1
                0x10000110                isr_irq47
                0x10000110                isr_irq51
                0x10000110                isr_irq7
                0x10000110                isr_irq21
                0x10000110                isr_irq39
                0x10000110                isr_irq20
                0x10000110                isr_irq15
                0x10000110                isr_irq25
                0x10000110                isr_irq34
                0x10000110                isr_irq44
                0x10000110                isr_securefault
                0x10000110                isr_irq4
                0x10000110                isr_busfault
                0x10000110                isr_irq16
                0x10000110                isr_irq9
                0x10000116                unhandled_user_irq_num_in_r0
                0x10000118                isr_invalid
                0x1000011a                isr_nmi
                0x1000011c                isr_hardfault
                0x1000011e                isr_svcall
                0x10000120                isr_pendsv
                0x10000122                isr_systick
                0x10000124                __default_isrs_end
 *(.binary_info_header)
 .binary_info_header
                0x10000124       0x14 CMakeFiles/projecto_tp.dir/dd8c7786a820e656579efbb0d3f98f54/RTOS_y_arquitecturas/pico-sdk/src/rp2_common/pico_crt0/crt0.S.obj
                0x10000138                __binary_info_header_end = .
 *(.embedded_block)
 .embedded_block
                0x10000138       0x14 CMakeFiles/projecto_tp.dir/dd8c7786a820e656579efbb0d3f98f54/RTOS_y_arquitecturas/pico-sdk/src/rp2_common/pico_crt0/crt0.S.obj
                0x1000014c                __embedded_block_end = .
 *(.reset)
 .reset         0x1000014c       0x98 CMakeFiles/projecto_tp.dir/dd8c7786a820e656579efbb0d3f98f54/RTOS_y_arquitecturas/pico-sdk/src/rp2_common/pico_crt0/crt0.S.obj
                0x1000014c                _entry_point
 *(.init)
 .init          0x100001e4        0x4 c:/progra~2/gnuarm~1/102021~1.10/bin/../lib/gcc/arm-none-eabi/10.3.1/thumb/v8-m.main+fp/softfp/crti.o
                0x100001e4                _init
 *libgcc.a:cmse_nonsecure_call.o()
 *(EXCLUDE_FILE(*libm.a: *libc.a:*lib_a-mem*.o *libgcc.a:) .text*)
 .text          0x100001e8       0x40 c:/progra~2/gnuarm~1/102021~1.10/bin/../lib/gcc/arm-none-eabi/10.3.1/thumb/v8-m.main+fp/softfp/crtbegin.o
 .text.uart_irq
                0x10000228       0x30 CMakeFiles/projecto_tp.dir/projecto_tpc.c.obj
                0x10000228                uart_irq
 .text.init_queues_and_stuff
                0x10000258       0x44 CMakeFiles/projecto_tp.dir/projecto_tpc.c.obj
                0x10000258                init_queues_and_stuff
 .text.startup.main
                0x1000029c      0x104 CMakeFiles/projecto_tp.dir/projecto_tpc.c.obj
                0x1000029c                main
 .text.gpio_check
                0x100003a0       0x54 CMakeFiles/projecto_tp.dir/freertos_task.c.obj
                0x100003a0                gpio_check
 .text.Enviar_muestras
                0x100003f4       0x50 CMakeFiles/projecto_tp.dir/freertos_task.c.obj
                0x100003f4                Enviar_muestras
 .text.MAX30100_Read_data
                0x10000444       0xa0 CMakeFiles/projecto_tp.dir/freertos_task.c.obj
                0x10000444                MAX30100_Read_data
 .text.max30100_write_register
                0x100004e4       0x3c CMakeFiles/projecto_tp.dir/max30100.c.obj
                0x100004e4                max30100_write_register
 .text.max30100_read_register
                0x10000520       0x40 CMakeFiles/projecto_tp.dir/max30100.c.obj
                0x10000520                max30100_read_register
 .text.max30100_read_interrupt_status
                0x10000560       0x3c CMakeFiles/projecto_tp.dir/max30100.c.obj
                0x10000560                max30100_read_interrupt_status
 .text.max30100_init_with_interrupts
                0x1000059c      0x218 CMakeFiles/projecto_tp.dir/max30100.c.obj
                0x1000059c                max30100_init_with_interrupts
 .text.gpio_set_function
                0x100007b4       0x3c CMakeFiles/projecto_tp.dir/dd8c7786a820e656579efbb0d3f98f54/RTOS_y_arquitecturas/pico-sdk/src/rp2_common/hardware_gpio/gpio.c.obj
                0x100007b4                gpio_set_function
 .text.gpio_set_pulls
                0x100007f0       0x34 CMakeFiles/projecto_tp.dir/dd8c7786a820e656579efbb0d3f98f54/RTOS_y_arquitecturas/pico-sdk/src/rp2_common/hardware_gpio/gpio.c.obj
                0x100007f0                gpio_set_pulls
 .text.gpio_init
                0x10000824       0x44 CMakeFiles/projecto_tp.dir/dd8c7786a820e656579efbb0d3f98f54/RTOS_y_arquitecturas/pico-sdk/src/rp2_common/hardware_gpio/gpio.c.obj
                0x10000824                gpio_init
 .text.panic    0x10000868       0x30 CMakeFiles/projecto_tp.dir/dd8c7786a820e656579efbb0d3f98f54/RTOS_y_arquitecturas/pico-sdk/src/rp2_common/pico_platform_panic/panic.c.obj
                0x10000868                panic
 .text.hw_claim_lock
                0x10000898       0x24 CMakeFiles/projecto_tp.dir/dd8c7786a820e656579efbb0d3f98f54/RTOS_y_arquitecturas/pico-sdk/src/common/hardware_claim/claim.c.obj
                0x10000898                hw_claim_lock
 .text.hw_claim_unlock
                0x100008bc       0x14 CMakeFiles/projecto_tp.dir/dd8c7786a820e656579efbb0d3f98f54/RTOS_y_arquitecturas/pico-sdk/src/common/hardware_claim/claim.c.obj
                0x100008bc                hw_claim_unlock
 .text.hw_claim_or_assert
                0x100008d0       0x5c CMakeFiles/projecto_tp.dir/dd8c7786a820e656579efbb0d3f98f54/RTOS_y_arquitecturas/pico-sdk/src/common/hardware_claim/claim.c.obj
                0x100008d0                hw_claim_or_assert
 .text.hw_claim_unused_from_range
                0x1000092c       0x9c CMakeFiles/projecto_tp.dir/dd8c7786a820e656579efbb0d3f98f54/RTOS_y_arquitecturas/pico-sdk/src/common/hardware_claim/claim.c.obj
                0x1000092c                hw_claim_unused_from_range
 .text.next_striped_spin_lock_num
                0x100009c8       0x18 CMakeFiles/projecto_tp.dir/dd8c7786a820e656579efbb0d3f98f54/RTOS_y_arquitecturas/pico-sdk/src/rp2_common/hardware_sync/sync.c.obj
                0x100009c8                next_striped_spin_lock_num
 .text.spin_lock_claim
                0x100009e0       0x14 CMakeFiles/projecto_tp.dir/dd8c7786a820e656579efbb0d3f98f54/RTOS_y_arquitecturas/pico-sdk/src/rp2_common/hardware_sync/sync.c.obj
                0x100009e0                spin_lock_claim
 .text.spin_lock_claim_unused
                0x100009f4       0x20 CMakeFiles/projecto_tp.dir/dd8c7786a820e656579efbb0d3f98f54/RTOS_y_arquitecturas/pico-sdk/src/rp2_common/hardware_sync/sync.c.obj
                0x100009f4                spin_lock_claim_unused
 .text.spinlock_set_extexclall
                0x10000a14       0x10 CMakeFiles/projecto_tp.dir/804150199349899753a8711307edc92f/pico-sdk/src/rp2_common/hardware_sync_spin_lock/sync_spin_lock.c.obj
 .text.spin_locks_reset
                0x10000a24       0x18 CMakeFiles/projecto_tp.dir/804150199349899753a8711307edc92f/pico-sdk/src/rp2_common/hardware_sync_spin_lock/sync_spin_lock.c.obj
                0x10000a24                spin_locks_reset
 .text.runtime_init_per_core_irq_priorities
                0x10000a3c       0x40 CMakeFiles/projecto_tp.dir/dd8c7786a820e656579efbb0d3f98f54/RTOS_y_arquitecturas/pico-sdk/src/rp2_common/hardware_irq/irq.c.obj
                0x10000a3c                runtime_init_per_core_irq_priorities
 .text.irq_set_enabled
                0x10000a7c       0x2c CMakeFiles/projecto_tp.dir/dd8c7786a820e656579efbb0d3f98f54/RTOS_y_arquitecturas/pico-sdk/src/rp2_common/hardware_irq/irq.c.obj
                0x10000a7c                irq_set_enabled
 .text.irq_is_enabled
                0x10000aa8       0x20 CMakeFiles/projecto_tp.dir/dd8c7786a820e656579efbb0d3f98f54/RTOS_y_arquitecturas/pico-sdk/src/rp2_common/hardware_irq/irq.c.obj
                0x10000aa8                irq_is_enabled
 .text.irq_set_pending
                0x10000ac8       0x1c CMakeFiles/projecto_tp.dir/dd8c7786a820e656579efbb0d3f98f54/RTOS_y_arquitecturas/pico-sdk/src/rp2_common/hardware_irq/irq.c.obj
                0x10000ac8                irq_set_pending
 .text.irq_has_shared_handler
                0x10000ae4       0x20 CMakeFiles/projecto_tp.dir/dd8c7786a820e656579efbb0d3f98f54/RTOS_y_arquitecturas/pico-sdk/src/rp2_common/hardware_irq/irq.c.obj
                0x10000ae4                irq_has_shared_handler
 .text.irq_set_exclusive_handler
                0x10000b04       0x60 CMakeFiles/projecto_tp.dir/dd8c7786a820e656579efbb0d3f98f54/RTOS_y_arquitecturas/pico-sdk/src/rp2_common/hardware_irq/irq.c.obj
                0x10000b04                irq_set_exclusive_handler
 .text.irq_add_shared_handler
                0x10000b64      0x1e8 CMakeFiles/projecto_tp.dir/dd8c7786a820e656579efbb0d3f98f54/RTOS_y_arquitecturas/pico-sdk/src/rp2_common/hardware_irq/irq.c.obj
                0x10000b64                irq_add_shared_handler
 .text.irq_set_priority
                0x10000d4c       0x28 CMakeFiles/projecto_tp.dir/dd8c7786a820e656579efbb0d3f98f54/RTOS_y_arquitecturas/pico-sdk/src/rp2_common/hardware_irq/irq.c.obj
                0x10000d4c                irq_set_priority
 .text.irq_add_tail_to_free_list
                0x10000d74       0xbc CMakeFiles/projecto_tp.dir/dd8c7786a820e656579efbb0d3f98f54/RTOS_y_arquitecturas/pico-sdk/src/rp2_common/hardware_irq/irq.c.obj
                0x10000d74                irq_add_tail_to_free_list
 .text.user_irq_claim_unused
                0x10000e30       0x28 CMakeFiles/projecto_tp.dir/dd8c7786a820e656579efbb0d3f98f54/RTOS_y_arquitecturas/pico-sdk/src/rp2_common/hardware_irq/irq.c.obj
                0x10000e30                user_irq_claim_unused
 .text.lock_init
                0x10000e58        0xc CMakeFiles/projecto_tp.dir/dd8c7786a820e656579efbb0d3f98f54/RTOS_y_arquitecturas/pico-sdk/src/common/pico_sync/lock_core.c.obj
                0x10000e58                lock_init
 .text.runtime_init_mutex
                0x10000e64       0x64 CMakeFiles/projecto_tp.dir/dd8c7786a820e656579efbb0d3f98f54/RTOS_y_arquitecturas/pico-sdk/src/common/pico_sync/mutex.c.obj
                0x10000e64                runtime_init_mutex
 .text.mutex_init
                0x10000ec8       0x1c CMakeFiles/projecto_tp.dir/dd8c7786a820e656579efbb0d3f98f54/RTOS_y_arquitecturas/pico-sdk/src/common/pico_sync/mutex.c.obj
                0x10000ec8                mutex_init
 .text.critical_section_init
                0x10000ee4       0x1c CMakeFiles/projecto_tp.dir/dd8c7786a820e656579efbb0d3f98f54/RTOS_y_arquitecturas/pico-sdk/src/common/pico_sync/critical_section.c.obj
                0x10000ee4                critical_section_init
 .text.critical_section_init_with_lock_num
                0x10000f00       0x10 CMakeFiles/projecto_tp.dir/dd8c7786a820e656579efbb0d3f98f54/RTOS_y_arquitecturas/pico-sdk/src/common/pico_sync/critical_section.c.obj
                0x10000f00                critical_section_init_with_lock_num
 .text.alarm_pool_irq_handler
                0x10000f10      0x300 CMakeFiles/projecto_tp.dir/867b3657bfc328e555055c7423ee0319/Especialidad_SEMB/RTOS_y_arquitecturas/pico-sdk/src/common/pico_time/time.c.obj
 .text.sleep_until_callback
                0x10001210       0x34 CMakeFiles/projecto_tp.dir/867b3657bfc328e555055c7423ee0319/Especialidad_SEMB/RTOS_y_arquitecturas/pico-sdk/src/common/pico_time/time.c.obj
 .text.runtime_init_default_alarm_pool
                0x10001244      0x100 CMakeFiles/projecto_tp.dir/867b3657bfc328e555055c7423ee0319/Especialidad_SEMB/RTOS_y_arquitecturas/pico-sdk/src/common/pico_time/time.c.obj
                0x10001244                runtime_init_default_alarm_pool
 .text.alarm_pool_get_default
                0x10001344        0x8 CMakeFiles/projecto_tp.dir/867b3657bfc328e555055c7423ee0319/Especialidad_SEMB/RTOS_y_arquitecturas/pico-sdk/src/common/pico_time/time.c.obj
                0x10001344                alarm_pool_get_default
 .text.alarm_pool_add_alarm_at
                0x1000134c       0xdc CMakeFiles/projecto_tp.dir/867b3657bfc328e555055c7423ee0319/Especialidad_SEMB/RTOS_y_arquitecturas/pico-sdk/src/common/pico_time/time.c.obj
                0x1000134c                alarm_pool_add_alarm_at
 .text.alarm_pool_add_alarm_at_force_in_context
                0x10001428       0xc4 CMakeFiles/projecto_tp.dir/867b3657bfc328e555055c7423ee0319/Especialidad_SEMB/RTOS_y_arquitecturas/pico-sdk/src/common/pico_time/time.c.obj
                0x10001428                alarm_pool_add_alarm_at_force_in_context
 .text.alarm_pool_cancel_alarm
                0x100014ec       0x80 CMakeFiles/projecto_tp.dir/867b3657bfc328e555055c7423ee0319/Especialidad_SEMB/RTOS_y_arquitecturas/pico-sdk/src/common/pico_time/time.c.obj
                0x100014ec                alarm_pool_cancel_alarm
 .text.alarm_pool_core_num
                0x1000156c        0x4 CMakeFiles/projecto_tp.dir/867b3657bfc328e555055c7423ee0319/Especialidad_SEMB/RTOS_y_arquitecturas/pico-sdk/src/common/pico_time/time.c.obj
                0x1000156c                alarm_pool_core_num
 .text.sleep_until
                0x10001570       0xb8 CMakeFiles/projecto_tp.dir/867b3657bfc328e555055c7423ee0319/Especialidad_SEMB/RTOS_y_arquitecturas/pico-sdk/src/common/pico_time/time.c.obj
                0x10001570                sleep_until
 .text.sleep_ms
                0x10001628       0x24 CMakeFiles/projecto_tp.dir/867b3657bfc328e555055c7423ee0319/Especialidad_SEMB/RTOS_y_arquitecturas/pico-sdk/src/common/pico_time/time.c.obj
                0x10001628                sleep_ms
 .text.best_effort_wfe_or_timeout
                0x1000164c       0xdc CMakeFiles/projecto_tp.dir/867b3657bfc328e555055c7423ee0319/Especialidad_SEMB/RTOS_y_arquitecturas/pico-sdk/src/common/pico_time/time.c.obj
                0x1000164c                best_effort_wfe_or_timeout
 .text.timer_hardware_alarm_claim
                0x10001728       0x24 CMakeFiles/projecto_tp.dir/dd8c7786a820e656579efbb0d3f98f54/RTOS_y_arquitecturas/pico-sdk/src/rp2_common/hardware_timer/timer.c.obj
                0x10001728                timer_hardware_alarm_claim
 .text.timer_time_us_64
                0x1000174c       0x10 CMakeFiles/projecto_tp.dir/dd8c7786a820e656579efbb0d3f98f54/RTOS_y_arquitecturas/pico-sdk/src/rp2_common/hardware_timer/timer.c.obj
                0x1000174c                timer_time_us_64
 .text.time_us_64
                0x1000175c       0x14 CMakeFiles/projecto_tp.dir/dd8c7786a820e656579efbb0d3f98f54/RTOS_y_arquitecturas/pico-sdk/src/rp2_common/hardware_timer/timer.c.obj
                0x1000175c                time_us_64
 .text.busy_wait_us
                0x10001770       0x4c CMakeFiles/projecto_tp.dir/dd8c7786a820e656579efbb0d3f98f54/RTOS_y_arquitecturas/pico-sdk/src/rp2_common/hardware_timer/timer.c.obj
                0x10001770                busy_wait_us
 .text.busy_wait_until
                0x100017bc       0x24 CMakeFiles/projecto_tp.dir/dd8c7786a820e656579efbb0d3f98f54/RTOS_y_arquitecturas/pico-sdk/src/rp2_common/hardware_timer/timer.c.obj
                0x100017bc                busy_wait_until
 .text.i2c_read_blocking_internal.constprop.0
                0x100017e0       0x88 CMakeFiles/projecto_tp.dir/dd8c7786a820e656579efbb0d3f98f54/RTOS_y_arquitecturas/pico-sdk/src/rp2_common/hardware_i2c/i2c.c.obj
 .text.i2c_write_blocking_internal.constprop.0
                0x10001868       0xb8 CMakeFiles/projecto_tp.dir/dd8c7786a820e656579efbb0d3f98f54/RTOS_y_arquitecturas/pico-sdk/src/rp2_common/hardware_i2c/i2c.c.obj
 .text.i2c_set_baudrate
                0x10001920       0xa8 CMakeFiles/projecto_tp.dir/dd8c7786a820e656579efbb0d3f98f54/RTOS_y_arquitecturas/pico-sdk/src/rp2_common/hardware_i2c/i2c.c.obj
                0x10001920                i2c_set_baudrate
 .text.i2c_init
                0x100019c8       0x4c CMakeFiles/projecto_tp.dir/dd8c7786a820e656579efbb0d3f98f54/RTOS_y_arquitecturas/pico-sdk/src/rp2_common/hardware_i2c/i2c.c.obj
                0x100019c8                i2c_init
 .text.i2c_write_blocking
                0x10001a14       0x10 CMakeFiles/projecto_tp.dir/dd8c7786a820e656579efbb0d3f98f54/RTOS_y_arquitecturas/pico-sdk/src/rp2_common/hardware_i2c/i2c.c.obj
                0x10001a14                i2c_write_blocking
 .text.i2c_read_blocking
                0x10001a24       0x10 CMakeFiles/projecto_tp.dir/dd8c7786a820e656579efbb0d3f98f54/RTOS_y_arquitecturas/pico-sdk/src/rp2_common/hardware_i2c/i2c.c.obj
                0x10001a24                i2c_read_blocking
 .text.clock_configure_undivided
                0x10001a34       0xd0 CMakeFiles/projecto_tp.dir/dd8c7786a820e656579efbb0d3f98f54/RTOS_y_arquitecturas/pico-sdk/src/rp2_common/hardware_clocks/clocks.c.obj
                0x10001a34                clock_configure_undivided
 .text.clock_get_hz
                0x10001b04        0xc CMakeFiles/projecto_tp.dir/dd8c7786a820e656579efbb0d3f98f54/RTOS_y_arquitecturas/pico-sdk/src/rp2_common/hardware_clocks/clocks.c.obj
                0x10001b04                clock_get_hz
 .text.pll_init
                0x10001b10       0x8c CMakeFiles/projecto_tp.dir/dd8c7786a820e656579efbb0d3f98f54/RTOS_y_arquitecturas/pico-sdk/src/rp2_common/hardware_pll/pll.c.obj
                0x10001b10                pll_init
 .text.watchdog_reboot
                0x10001b9c       0x9c CMakeFiles/projecto_tp.dir/dd8c7786a820e656579efbb0d3f98f54/RTOS_y_arquitecturas/pico-sdk/src/rp2_common/hardware_watchdog/watchdog.c.obj
                0x10001b9c                watchdog_reboot
 .text.tick_start
                0x10001c38       0x18 CMakeFiles/projecto_tp.dir/dd8c7786a820e656579efbb0d3f98f54/RTOS_y_arquitecturas/pico-sdk/src/rp2_common/hardware_ticks/ticks.c.obj
                0x10001c38                tick_start
 .text.rom_reboot.constprop.0.isra.0
                0x10001c50       0x38 CMakeFiles/projecto_tp.dir/dd8c7786a820e656579efbb0d3f98f54/RTOS_y_arquitecturas/pico-sdk/src/rp2_common/pico_bootrom/bootrom.c.obj
 .text.rom_func_lookup
                0x10001c88       0x18 CMakeFiles/projecto_tp.dir/dd8c7786a820e656579efbb0d3f98f54/RTOS_y_arquitecturas/pico-sdk/src/rp2_common/pico_bootrom/bootrom.c.obj
                0x10001c88                rom_func_lookup
 .text.rom_reset_usb_boot_extra
                0x10001ca0       0x1c CMakeFiles/projecto_tp.dir/dd8c7786a820e656579efbb0d3f98f54/RTOS_y_arquitecturas/pico-sdk/src/rp2_common/pico_bootrom/bootrom.c.obj
                0x10001ca0                rom_reset_usb_boot_extra
 .text.runtime_init_bootrom_locking_enable
                0x10001cbc       0x14 CMakeFiles/projecto_tp.dir/dd8c7786a820e656579efbb0d3f98f54/RTOS_y_arquitecturas/pico-sdk/src/rp2_common/pico_bootrom/bootrom_lock.c.obj
                0x10001cbc                runtime_init_bootrom_locking_enable
 .text.runtime_init_boot_locks_reset
                0x10001cd0       0x1c CMakeFiles/projecto_tp.dir/dd8c7786a820e656579efbb0d3f98f54/RTOS_y_arquitecturas/pico-sdk/src/rp2_common/hardware_boot_lock/boot_lock.c.obj
                0x10001cd0                runtime_init_boot_locks_reset
 .text.xosc_init
                0x10001cec       0x30 CMakeFiles/projecto_tp.dir/dd8c7786a820e656579efbb0d3f98f54/RTOS_y_arquitecturas/pico-sdk/src/rp2_common/hardware_xosc/xosc.c.obj
                0x10001cec                xosc_init
 .text.uart_init
                0x10001d1c      0x104 CMakeFiles/projecto_tp.dir/dd8c7786a820e656579efbb0d3f98f54/RTOS_y_arquitecturas/pico-sdk/src/rp2_common/hardware_uart/uart.c.obj
                0x10001d1c                uart_init
 .text.pvPortMalloc
                0x10001e20      0x108 CMakeFiles/projecto_tp.dir/dd8c7786a820e656579efbb0d3f98f54/RTOS_y_arquitecturas/FreeRTOS-Kernel/portable/MemMang/heap_4.c.obj
                0x10001e20                pvPortMalloc
 .text.vPortFree
                0x10001f28       0x94 CMakeFiles/projecto_tp.dir/dd8c7786a820e656579efbb0d3f98f54/RTOS_y_arquitecturas/FreeRTOS-Kernel/portable/MemMang/heap_4.c.obj
                0x10001f28                vPortFree
 .text.prvDoorbellInterruptHandler
                0x10001fbc       0x30 CMakeFiles/projecto_tp.dir/804150199349899753a8711307edc92f/FreeRTOS-Kernel/portable/ThirdParty/GCC/RP2350_ARM_NTZ/non_secure/port.c.obj
 .text.prvTaskExitError
                0x10001fec       0x18 CMakeFiles/projecto_tp.dir/804150199349899753a8711307edc92f/FreeRTOS-Kernel/portable/ThirdParty/GCC/RP2350_ARM_NTZ/non_secure/port.c.obj
 .text.SysTick_Handler
                0x10002004       0x24 CMakeFiles/projecto_tp.dir/804150199349899753a8711307edc92f/FreeRTOS-Kernel/portable/ThirdParty/GCC/RP2350_ARM_NTZ/non_secure/port.c.obj
                0x10002004                SysTick_Handler
 .text.vPortSetupTimerInterrupt
                0x10002028       0x2c CMakeFiles/projecto_tp.dir/804150199349899753a8711307edc92f/FreeRTOS-Kernel/portable/ThirdParty/GCC/RP2350_ARM_NTZ/non_secure/port.c.obj
                0x10002028                vPortSetupTimerInterrupt
 .text.xPortStartSchedulerOnCore.isra.0
                0x10002054      0x10c CMakeFiles/projecto_tp.dir/804150199349899753a8711307edc92f/FreeRTOS-Kernel/portable/ThirdParty/GCC/RP2350_ARM_NTZ/non_secure/port.c.obj
 .text.prvDisableInterruptsAndPortStartSchedulerOnCore
                0x10002160       0x10 CMakeFiles/projecto_tp.dir/804150199349899753a8711307edc92f/FreeRTOS-Kernel/portable/ThirdParty/GCC/RP2350_ARM_NTZ/non_secure/port.c.obj
 .text.vPortYield
                0x10002170       0x18 CMakeFiles/projecto_tp.dir/804150199349899753a8711307edc92f/FreeRTOS-Kernel/portable/ThirdParty/GCC/RP2350_ARM_NTZ/non_secure/port.c.obj
                0x10002170                vPortYield
 .text.vPortSVCHandler_C
                0x10002188       0x2c CMakeFiles/projecto_tp.dir/804150199349899753a8711307edc92f/FreeRTOS-Kernel/portable/ThirdParty/GCC/RP2350_ARM_NTZ/non_secure/port.c.obj
                0x10002188                vPortSVCHandler_C
 .text.pxPortInitialiseStack
                0x100021b4       0x7c CMakeFiles/projecto_tp.dir/804150199349899753a8711307edc92f/FreeRTOS-Kernel/portable/ThirdParty/GCC/RP2350_ARM_NTZ/non_secure/port.c.obj
                0x100021b4                pxPortInitialiseStack
 .text.xPortStartScheduler
                0x10002230       0x50 CMakeFiles/projecto_tp.dir/804150199349899753a8711307edc92f/FreeRTOS-Kernel/portable/ThirdParty/GCC/RP2350_ARM_NTZ/non_secure/port.c.obj
                0x10002230                xPortStartScheduler
 .text.vPortValidateInterruptPriority
                0x10002280       0x14 CMakeFiles/projecto_tp.dir/804150199349899753a8711307edc92f/FreeRTOS-Kernel/portable/ThirdParty/GCC/RP2350_ARM_NTZ/non_secure/port.c.obj
                0x10002280                vPortValidateInterruptPriority
 .text.ulPortLockGetCurrentOwnerId
                0x10002294       0x2c CMakeFiles/projecto_tp.dir/804150199349899753a8711307edc92f/FreeRTOS-Kernel/portable/ThirdParty/GCC/RP2350_ARM_NTZ/non_secure/port.c.obj
                0x10002294                ulPortLockGetCurrentOwnerId
 .text.vPortLockInternalSpinUnlockWithWait
                0x100022c0       0x68 CMakeFiles/projecto_tp.dir/804150199349899753a8711307edc92f/FreeRTOS-Kernel/portable/ThirdParty/GCC/RP2350_ARM_NTZ/non_secure/port.c.obj
                0x100022c0                vPortLockInternalSpinUnlockWithWait
 .text.vPortLockInternalSpinUnlockWithNotify
                0x10002328       0x94 CMakeFiles/projecto_tp.dir/804150199349899753a8711307edc92f/FreeRTOS-Kernel/portable/ThirdParty/GCC/RP2350_ARM_NTZ/non_secure/port.c.obj
                0x10002328                vPortLockInternalSpinUnlockWithNotify
 .text.xPortLockInternalSpinUnlockWithBestEffortWaitOrTimeout
                0x100023bc       0xec CMakeFiles/projecto_tp.dir/804150199349899753a8711307edc92f/FreeRTOS-Kernel/portable/ThirdParty/GCC/RP2350_ARM_NTZ/non_secure/port.c.obj
                0x100023bc                xPortLockInternalSpinUnlockWithBestEffortWaitOrTimeout
 .text.startup.prvRuntimeInitializer
                0x100024a8       0x10 CMakeFiles/projecto_tp.dir/804150199349899753a8711307edc92f/FreeRTOS-Kernel/portable/ThirdParty/GCC/RP2350_ARM_NTZ/non_secure/port.c.obj
 .text.vYieldCore
                0x100024b8       0x18 CMakeFiles/projecto_tp.dir/804150199349899753a8711307edc92f/FreeRTOS-Kernel/portable/ThirdParty/GCC/RP2350_ARM_NTZ/non_secure/port.c.obj
                0x100024b8                vYieldCore
 .text.vRestoreContextOfFirstTask
                0x100024d0       0x38 CMakeFiles/projecto_tp.dir/804150199349899753a8711307edc92f/FreeRTOS-Kernel/portable/ThirdParty/GCC/RP2350_ARM_NTZ/non_secure/portasm.c.obj
                0x100024d0                vRestoreContextOfFirstTask
 .text.vStartFirstTask
                0x10002508       0x10 CMakeFiles/projecto_tp.dir/804150199349899753a8711307edc92f/FreeRTOS-Kernel/portable/ThirdParty/GCC/RP2350_ARM_NTZ/non_secure/portasm.c.obj
                0x10002508                vStartFirstTask
 .text.ulSetInterruptMask
                0x10002518       0x18 CMakeFiles/projecto_tp.dir/804150199349899753a8711307edc92f/FreeRTOS-Kernel/portable/ThirdParty/GCC/RP2350_ARM_NTZ/non_secure/portasm.c.obj
                0x10002518                ulSetInterruptMask
 .text.vClearInterruptMask
                0x10002530       0x10 CMakeFiles/projecto_tp.dir/804150199349899753a8711307edc92f/FreeRTOS-Kernel/portable/ThirdParty/GCC/RP2350_ARM_NTZ/non_secure/portasm.c.obj
                0x10002530                vClearInterruptMask
 .text.PendSV_Handler
                0x10002540       0x98 CMakeFiles/projecto_tp.dir/804150199349899753a8711307edc92f/FreeRTOS-Kernel/portable/ThirdParty/GCC/RP2350_ARM_NTZ/non_secure/portasm.c.obj
                0x10002540                PendSV_Handler
 .text.SVC_Handler
                0x100025d8       0x18 CMakeFiles/projecto_tp.dir/804150199349899753a8711307edc92f/FreeRTOS-Kernel/portable/ThirdParty/GCC/RP2350_ARM_NTZ/non_secure/portasm.c.obj
                0x100025d8                SVC_Handler
 .text.vEventGroupSetBitsCallback
                0x100025f0       0x64 CMakeFiles/projecto_tp.dir/867b3657bfc328e555055c7423ee0319/Especialidad_SEMB/RTOS_y_arquitecturas/FreeRTOS-Kernel/event_groups.c.obj
                0x100025f0                vEventGroupSetBitsCallback
 .text.xEventGroupCreate
                0x10002654       0x1c CMakeFiles/projecto_tp.dir/867b3657bfc328e555055c7423ee0319/Especialidad_SEMB/RTOS_y_arquitecturas/FreeRTOS-Kernel/event_groups.c.obj
                0x10002654                xEventGroupCreate
 .text.xEventGroupWaitBits
                0x10002670       0xb4 CMakeFiles/projecto_tp.dir/867b3657bfc328e555055c7423ee0319/Especialidad_SEMB/RTOS_y_arquitecturas/FreeRTOS-Kernel/event_groups.c.obj
                0x10002670                xEventGroupWaitBits
 .text.xEventGroupSetBits
                0x10002724       0x68 CMakeFiles/projecto_tp.dir/867b3657bfc328e555055c7423ee0319/Especialidad_SEMB/RTOS_y_arquitecturas/FreeRTOS-Kernel/event_groups.c.obj
                0x10002724                xEventGroupSetBits
 .text.xEventGroupSetBitsFromISR
                0x1000278c       0x1c CMakeFiles/projecto_tp.dir/867b3657bfc328e555055c7423ee0319/Especialidad_SEMB/RTOS_y_arquitecturas/FreeRTOS-Kernel/event_groups.c.obj
                0x1000278c                xEventGroupSetBitsFromISR
 .text.vListInitialise
                0x100027a8       0x18 CMakeFiles/projecto_tp.dir/C_/Users/Bangho/Desktop/Trabajos_material/Especialidad_SEMB/RTOS_y_arquitecturas/FreeRTOS-Kernel/list.c.obj
                0x100027a8                vListInitialise
 .text.vListInitialiseItem
                0x100027c0        0x8 CMakeFiles/projecto_tp.dir/C_/Users/Bangho/Desktop/Trabajos_material/Especialidad_SEMB/RTOS_y_arquitecturas/FreeRTOS-Kernel/list.c.obj
                0x100027c0                vListInitialiseItem
 .text.vListInsertEnd
                0x100027c8       0x20 CMakeFiles/projecto_tp.dir/C_/Users/Bangho/Desktop/Trabajos_material/Especialidad_SEMB/RTOS_y_arquitecturas/FreeRTOS-Kernel/list.c.obj
                0x100027c8                vListInsertEnd
 .text.vListInsert
                0x100027e8       0x30 CMakeFiles/projecto_tp.dir/C_/Users/Bangho/Desktop/Trabajos_material/Especialidad_SEMB/RTOS_y_arquitecturas/FreeRTOS-Kernel/list.c.obj
                0x100027e8                vListInsert
 .text.uxListRemove
                0x10002818       0x28 CMakeFiles/projecto_tp.dir/C_/Users/Bangho/Desktop/Trabajos_material/Especialidad_SEMB/RTOS_y_arquitecturas/FreeRTOS-Kernel/list.c.obj
                0x10002818                uxListRemove
 .text.prvCopyDataToQueue
                0x10002840       0x70 CMakeFiles/projecto_tp.dir/C_/Users/Bangho/Desktop/Trabajos_material/Especialidad_SEMB/RTOS_y_arquitecturas/FreeRTOS-Kernel/queue.c.obj
 .text.prvUnlockQueue
                0x100028b0      0x140 CMakeFiles/projecto_tp.dir/C_/Users/Bangho/Desktop/Trabajos_material/Especialidad_SEMB/RTOS_y_arquitecturas/FreeRTOS-Kernel/queue.c.obj
 .text.prvNotifyQueueSetContainer
                0x100029f0       0x8c CMakeFiles/projecto_tp.dir/C_/Users/Bangho/Desktop/Trabajos_material/Especialidad_SEMB/RTOS_y_arquitecturas/FreeRTOS-Kernel/queue.c.obj
 .text.xQueueGenericCreate
                0x10002a7c       0x80 CMakeFiles/projecto_tp.dir/C_/Users/Bangho/Desktop/Trabajos_material/Especialidad_SEMB/RTOS_y_arquitecturas/FreeRTOS-Kernel/queue.c.obj
                0x10002a7c                xQueueGenericCreate
 .text.xQueueGenericSend
                0x10002afc      0x120 CMakeFiles/projecto_tp.dir/C_/Users/Bangho/Desktop/Trabajos_material/Especialidad_SEMB/RTOS_y_arquitecturas/FreeRTOS-Kernel/queue.c.obj
                0x10002afc                xQueueGenericSend
 .text.xQueueCreateMutex
                0x10002c1c       0x70 CMakeFiles/projecto_tp.dir/C_/Users/Bangho/Desktop/Trabajos_material/Especialidad_SEMB/RTOS_y_arquitecturas/FreeRTOS-Kernel/queue.c.obj
                0x10002c1c                xQueueCreateMutex
 .text.xQueueGenericSendFromISR
                0x10002c8c       0xac CMakeFiles/projecto_tp.dir/C_/Users/Bangho/Desktop/Trabajos_material/Especialidad_SEMB/RTOS_y_arquitecturas/FreeRTOS-Kernel/queue.c.obj
                0x10002c8c                xQueueGenericSendFromISR
 .text.xQueueReceive
                0x10002d38      0x104 CMakeFiles/projecto_tp.dir/C_/Users/Bangho/Desktop/Trabajos_material/Especialidad_SEMB/RTOS_y_arquitecturas/FreeRTOS-Kernel/queue.c.obj
                0x10002d38                xQueueReceive
 .text.xQueueSemaphoreTake
                0x10002e3c      0x150 CMakeFiles/projecto_tp.dir/C_/Users/Bangho/Desktop/Trabajos_material/Especialidad_SEMB/RTOS_y_arquitecturas/FreeRTOS-Kernel/queue.c.obj
                0x10002e3c                xQueueSemaphoreTake
 .text.vQueueAddToRegistry
                0x10002f8c      0x120 CMakeFiles/projecto_tp.dir/C_/Users/Bangho/Desktop/Trabajos_material/Especialidad_SEMB/RTOS_y_arquitecturas/FreeRTOS-Kernel/queue.c.obj
                0x10002f8c                vQueueAddToRegistry
 .text.vQueueWaitForMessageRestricted
                0x100030ac       0x50 CMakeFiles/projecto_tp.dir/C_/Users/Bangho/Desktop/Trabajos_material/Especialidad_SEMB/RTOS_y_arquitecturas/FreeRTOS-Kernel/queue.c.obj
                0x100030ac                vQueueWaitForMessageRestricted
 .text.prvPassiveIdleTask
                0x100030fc       0x20 CMakeFiles/projecto_tp.dir/C_/Users/Bangho/Desktop/Trabajos_material/Especialidad_SEMB/RTOS_y_arquitecturas/FreeRTOS-Kernel/tasks.c.obj
 .text.prvYieldForTask
                0x1000311c       0xcc CMakeFiles/projecto_tp.dir/C_/Users/Bangho/Desktop/Trabajos_material/Especialidad_SEMB/RTOS_y_arquitecturas/FreeRTOS-Kernel/tasks.c.obj
 .text.vTaskExitCritical.part.0
                0x100031e8       0x8c CMakeFiles/projecto_tp.dir/C_/Users/Bangho/Desktop/Trabajos_material/Especialidad_SEMB/RTOS_y_arquitecturas/FreeRTOS-Kernel/tasks.c.obj
 .text.prvCheckForRunStateChange
                0x10003274      0x160 CMakeFiles/projecto_tp.dir/C_/Users/Bangho/Desktop/Trabajos_material/Especialidad_SEMB/RTOS_y_arquitecturas/FreeRTOS-Kernel/tasks.c.obj
 .text.vTaskSuspendAll.part.0
                0x100033d4      0x104 CMakeFiles/projecto_tp.dir/C_/Users/Bangho/Desktop/Trabajos_material/Especialidad_SEMB/RTOS_y_arquitecturas/FreeRTOS-Kernel/tasks.c.obj
 .text.prvCheckTasksWaitingTermination
                0x100034d8      0x1a8 CMakeFiles/projecto_tp.dir/C_/Users/Bangho/Desktop/Trabajos_material/Especialidad_SEMB/RTOS_y_arquitecturas/FreeRTOS-Kernel/tasks.c.obj
 .text.prvIdleTask
                0x10003680       0x1c CMakeFiles/projecto_tp.dir/C_/Users/Bangho/Desktop/Trabajos_material/Especialidad_SEMB/RTOS_y_arquitecturas/FreeRTOS-Kernel/tasks.c.obj
 .text.prvAddCurrentTaskToDelayedList
                0x1000369c      0x13c CMakeFiles/projecto_tp.dir/C_/Users/Bangho/Desktop/Trabajos_material/Especialidad_SEMB/RTOS_y_arquitecturas/FreeRTOS-Kernel/tasks.c.obj
 .text.vTaskSuspendAll
                0x100037d8       0x10 CMakeFiles/projecto_tp.dir/C_/Users/Bangho/Desktop/Trabajos_material/Especialidad_SEMB/RTOS_y_arquitecturas/FreeRTOS-Kernel/tasks.c.obj
                0x100037d8                vTaskSuspendAll
 .text.xTaskGetTickCount
                0x100037e8        0xc CMakeFiles/projecto_tp.dir/C_/Users/Bangho/Desktop/Trabajos_material/Especialidad_SEMB/RTOS_y_arquitecturas/FreeRTOS-Kernel/tasks.c.obj
                0x100037e8                xTaskGetTickCount
 .text.uxTaskGetNumberOfTasks
                0x100037f4        0xc CMakeFiles/projecto_tp.dir/C_/Users/Bangho/Desktop/Trabajos_material/Especialidad_SEMB/RTOS_y_arquitecturas/FreeRTOS-Kernel/tasks.c.obj
                0x100037f4                uxTaskGetNumberOfTasks
 .text.xTaskIncrementTick
                0x10003800      0x278 CMakeFiles/projecto_tp.dir/C_/Users/Bangho/Desktop/Trabajos_material/Especialidad_SEMB/RTOS_y_arquitecturas/FreeRTOS-Kernel/tasks.c.obj
                0x10003800                xTaskIncrementTick
 .text.vTaskSwitchContext
                0x10003a78      0x2f8 CMakeFiles/projecto_tp.dir/C_/Users/Bangho/Desktop/Trabajos_material/Especialidad_SEMB/RTOS_y_arquitecturas/FreeRTOS-Kernel/tasks.c.obj
                0x10003a78                vTaskSwitchContext
 .text.vTaskPlaceOnEventList
                0x10003d70       0x34 CMakeFiles/projecto_tp.dir/C_/Users/Bangho/Desktop/Trabajos_material/Especialidad_SEMB/RTOS_y_arquitecturas/FreeRTOS-Kernel/tasks.c.obj
                0x10003d70                vTaskPlaceOnEventList
 .text.vTaskPlaceOnUnorderedEventList
                0x10003da4       0xa0 CMakeFiles/projecto_tp.dir/C_/Users/Bangho/Desktop/Trabajos_material/Especialidad_SEMB/RTOS_y_arquitecturas/FreeRTOS-Kernel/tasks.c.obj
                0x10003da4                vTaskPlaceOnUnorderedEventList
 .text.vTaskPlaceOnEventListRestricted
                0x10003e44       0x9c CMakeFiles/projecto_tp.dir/C_/Users/Bangho/Desktop/Trabajos_material/Especialidad_SEMB/RTOS_y_arquitecturas/FreeRTOS-Kernel/tasks.c.obj
                0x10003e44                vTaskPlaceOnEventListRestricted
 .text.xTaskRemoveFromEventList
                0x10003ee0       0xc8 CMakeFiles/projecto_tp.dir/C_/Users/Bangho/Desktop/Trabajos_material/Especialidad_SEMB/RTOS_y_arquitecturas/FreeRTOS-Kernel/tasks.c.obj
                0x10003ee0                xTaskRemoveFromEventList
 .text.vTaskInternalSetTimeOutState
                0x10003fa8       0x18 CMakeFiles/projecto_tp.dir/C_/Users/Bangho/Desktop/Trabajos_material/Especialidad_SEMB/RTOS_y_arquitecturas/FreeRTOS-Kernel/tasks.c.obj
                0x10003fa8                vTaskInternalSetTimeOutState
 .text.vTaskMissedYield
                0x10003fc0       0x14 CMakeFiles/projecto_tp.dir/C_/Users/Bangho/Desktop/Trabajos_material/Especialidad_SEMB/RTOS_y_arquitecturas/FreeRTOS-Kernel/tasks.c.obj
                0x10003fc0                vTaskMissedYield
 .text.xTaskGetCurrentTaskHandle
                0x10003fd4       0x20 CMakeFiles/projecto_tp.dir/C_/Users/Bangho/Desktop/Trabajos_material/Especialidad_SEMB/RTOS_y_arquitecturas/FreeRTOS-Kernel/tasks.c.obj
                0x10003fd4                xTaskGetCurrentTaskHandle
 .text.xTaskPriorityInherit
                0x10003ff4      0x100 CMakeFiles/projecto_tp.dir/C_/Users/Bangho/Desktop/Trabajos_material/Especialidad_SEMB/RTOS_y_arquitecturas/FreeRTOS-Kernel/tasks.c.obj
                0x10003ff4                xTaskPriorityInherit
 .text.xTaskPriorityDisinherit
                0x100040f4       0xc4 CMakeFiles/projecto_tp.dir/C_/Users/Bangho/Desktop/Trabajos_material/Especialidad_SEMB/RTOS_y_arquitecturas/FreeRTOS-Kernel/tasks.c.obj
                0x100040f4                xTaskPriorityDisinherit
 .text.vTaskPriorityDisinheritAfterTimeout
                0x100041b8       0xc8 CMakeFiles/projecto_tp.dir/C_/Users/Bangho/Desktop/Trabajos_material/Especialidad_SEMB/RTOS_y_arquitecturas/FreeRTOS-Kernel/tasks.c.obj
                0x100041b8                vTaskPriorityDisinheritAfterTimeout
 .text.vTaskYieldWithinAPI
                0x10004280       0x24 CMakeFiles/projecto_tp.dir/C_/Users/Bangho/Desktop/Trabajos_material/Especialidad_SEMB/RTOS_y_arquitecturas/FreeRTOS-Kernel/tasks.c.obj
                0x10004280                vTaskYieldWithinAPI
 .text.vTaskEnterCritical
                0x100042a4      0x11c CMakeFiles/projecto_tp.dir/C_/Users/Bangho/Desktop/Trabajos_material/Especialidad_SEMB/RTOS_y_arquitecturas/FreeRTOS-Kernel/tasks.c.obj
                0x100042a4                vTaskEnterCritical
 .text.prvAddNewTaskToReadyList
                0x100043c0       0xfc CMakeFiles/projecto_tp.dir/C_/Users/Bangho/Desktop/Trabajos_material/Especialidad_SEMB/RTOS_y_arquitecturas/FreeRTOS-Kernel/tasks.c.obj
 .text.xTaskCreate
                0x100044bc      0x180 CMakeFiles/projecto_tp.dir/C_/Users/Bangho/Desktop/Trabajos_material/Especialidad_SEMB/RTOS_y_arquitecturas/FreeRTOS-Kernel/tasks.c.obj
                0x100044bc                xTaskCreate
 .text.xTaskCreateAffinitySet
                0x1000463c      0x17c CMakeFiles/projecto_tp.dir/C_/Users/Bangho/Desktop/Trabajos_material/Especialidad_SEMB/RTOS_y_arquitecturas/FreeRTOS-Kernel/tasks.c.obj
                0x1000463c                xTaskCreateAffinitySet
 .text.vTaskStartScheduler
                0x100047b8      0x14c CMakeFiles/projecto_tp.dir/C_/Users/Bangho/Desktop/Trabajos_material/Especialidad_SEMB/RTOS_y_arquitecturas/FreeRTOS-Kernel/tasks.c.obj
                0x100047b8                vTaskStartScheduler
 .text.xTaskResumeAll.part.0
                0x10004904      0x170 CMakeFiles/projecto_tp.dir/C_/Users/Bangho/Desktop/Trabajos_material/Especialidad_SEMB/RTOS_y_arquitecturas/FreeRTOS-Kernel/tasks.c.obj
 .text.xTaskResumeAll
                0x10004a74       0x10 CMakeFiles/projecto_tp.dir/C_/Users/Bangho/Desktop/Trabajos_material/Especialidad_SEMB/RTOS_y_arquitecturas/FreeRTOS-Kernel/tasks.c.obj
                0x10004a74                xTaskResumeAll
 .text.vTaskDelay
                0x10004a84       0x68 CMakeFiles/projecto_tp.dir/C_/Users/Bangho/Desktop/Trabajos_material/Especialidad_SEMB/RTOS_y_arquitecturas/FreeRTOS-Kernel/tasks.c.obj
                0x10004a84                vTaskDelay
 .text.vTaskRemoveFromUnorderedEventList
                0x10004aec       0x9c CMakeFiles/projecto_tp.dir/C_/Users/Bangho/Desktop/Trabajos_material/Especialidad_SEMB/RTOS_y_arquitecturas/FreeRTOS-Kernel/tasks.c.obj
                0x10004aec                vTaskRemoveFromUnorderedEventList
 .text.xTaskCheckForTimeOut
                0x10004b88       0xa8 CMakeFiles/projecto_tp.dir/C_/Users/Bangho/Desktop/Trabajos_material/Especialidad_SEMB/RTOS_y_arquitecturas/FreeRTOS-Kernel/tasks.c.obj
                0x10004b88                xTaskCheckForTimeOut
 .text.vTaskEnterCriticalFromISR
                0x10004c30       0x94 CMakeFiles/projecto_tp.dir/C_/Users/Bangho/Desktop/Trabajos_material/Especialidad_SEMB/RTOS_y_arquitecturas/FreeRTOS-Kernel/tasks.c.obj
                0x10004c30                vTaskEnterCriticalFromISR
 .text.vTaskExitCritical
                0x10004cc4       0x98 CMakeFiles/projecto_tp.dir/C_/Users/Bangho/Desktop/Trabajos_material/Especialidad_SEMB/RTOS_y_arquitecturas/FreeRTOS-Kernel/tasks.c.obj
                0x10004cc4                vTaskExitCritical
 .text.vTaskExitCriticalFromISR
                0x10004d5c       0x64 CMakeFiles/projecto_tp.dir/C_/Users/Bangho/Desktop/Trabajos_material/Especialidad_SEMB/RTOS_y_arquitecturas/FreeRTOS-Kernel/tasks.c.obj
                0x10004d5c                vTaskExitCriticalFromISR
 .text.uxTaskResetEventItemValue
                0x10004dc0       0x44 CMakeFiles/projecto_tp.dir/C_/Users/Bangho/Desktop/Trabajos_material/Especialidad_SEMB/RTOS_y_arquitecturas/FreeRTOS-Kernel/tasks.c.obj
                0x10004dc0                uxTaskResetEventItemValue
 .text.pvTaskIncrementMutexHeldCount
                0x10004e04       0x28 CMakeFiles/projecto_tp.dir/C_/Users/Bangho/Desktop/Trabajos_material/Especialidad_SEMB/RTOS_y_arquitecturas/FreeRTOS-Kernel/tasks.c.obj
                0x10004e04                pvTaskIncrementMutexHeldCount
 .text.prvTimerTask
                0x10004e2c      0x36c CMakeFiles/projecto_tp.dir/C_/Users/Bangho/Desktop/Trabajos_material/Especialidad_SEMB/RTOS_y_arquitecturas/FreeRTOS-Kernel/timers.c.obj
 .text.xTimerCreateTimerTask
                0x10005198       0x8c CMakeFiles/projecto_tp.dir/C_/Users/Bangho/Desktop/Trabajos_material/Especialidad_SEMB/RTOS_y_arquitecturas/FreeRTOS-Kernel/timers.c.obj
                0x10005198                xTimerCreateTimerTask
 .text.xTimerPendFunctionCallFromISR
                0x10005224       0x30 CMakeFiles/projecto_tp.dir/C_/Users/Bangho/Desktop/Trabajos_material/Especialidad_SEMB/RTOS_y_arquitecturas/FreeRTOS-Kernel/timers.c.obj
                0x10005224                xTimerPendFunctionCallFromISR
 .text.exception_set_exclusive_handler
                0x10005254       0x4c CMakeFiles/projecto_tp.dir/dd8c7786a820e656579efbb0d3f98f54/RTOS_y_arquitecturas/pico-sdk/src/rp2_common/hardware_exception/exception.c.obj
                0x10005254                exception_set_exclusive_handler
 .text.core1_trampoline
                0x100052a0        0x4 CMakeFiles/projecto_tp.dir/dd8c7786a820e656579efbb0d3f98f54/RTOS_y_arquitecturas/pico-sdk/src/rp2_common/pico_multicore/multicore.c.obj
 .text.core1_wrapper
                0x100052a4       0x10 CMakeFiles/projecto_tp.dir/dd8c7786a820e656579efbb0d3f98f54/RTOS_y_arquitecturas/pico-sdk/src/rp2_common/pico_multicore/multicore.c.obj
                0x100052a4                core1_wrapper
 .text.multicore_launch_core1_raw
                0x100052b4       0x88 CMakeFiles/projecto_tp.dir/dd8c7786a820e656579efbb0d3f98f54/RTOS_y_arquitecturas/pico-sdk/src/rp2_common/pico_multicore/multicore.c.obj
                0x100052b4                multicore_launch_core1_raw
 .text.multicore_launch_core1
                0x1000533c       0x44 CMakeFiles/projecto_tp.dir/dd8c7786a820e656579efbb0d3f98f54/RTOS_y_arquitecturas/pico-sdk/src/rp2_common/pico_multicore/multicore.c.obj
                0x1000533c                multicore_launch_core1
 .text.multicore_doorbell_claim_unused
                0x10005380       0xf8 CMakeFiles/projecto_tp.dir/dd8c7786a820e656579efbb0d3f98f54/RTOS_y_arquitecturas/pico-sdk/src/rp2_common/pico_multicore/multicore.c.obj
                0x10005380                multicore_doorbell_claim_unused
 .text.first_per_core_initializer
                0x10005478        0x4 CMakeFiles/projecto_tp.dir/dd8c7786a820e656579efbb0d3f98f54/RTOS_y_arquitecturas/pico-sdk/src/rp2_common/pico_runtime/runtime.c.obj
 .text.hard_assertion_failure
                0x1000547c        0xc CMakeFiles/projecto_tp.dir/dd8c7786a820e656579efbb0d3f98f54/RTOS_y_arquitecturas/pico-sdk/src/rp2_common/pico_runtime/runtime.c.obj
                0x1000547c                hard_assertion_failure
 .text.runtime_run_initializers
                0x10005488       0x20 CMakeFiles/projecto_tp.dir/dd8c7786a820e656579efbb0d3f98f54/RTOS_y_arquitecturas/pico-sdk/src/rp2_common/pico_runtime/runtime.c.obj
                0x10005488                runtime_run_initializers
 .text.runtime_run_per_core_initializers
                0x100054a8       0x20 CMakeFiles/projecto_tp.dir/dd8c7786a820e656579efbb0d3f98f54/RTOS_y_arquitecturas/pico-sdk/src/rp2_common/pico_runtime/runtime.c.obj
                0x100054a8                runtime_run_per_core_initializers
 .text.runtime_init_early_resets
                0x100054c8       0x34 CMakeFiles/projecto_tp.dir/804150199349899753a8711307edc92f/pico-sdk/src/rp2_common/pico_runtime_init/runtime_init.c.obj
                0x100054c8                runtime_init_early_resets
 .text.runtime_init_usb_power_down
                0x100054fc       0x1c CMakeFiles/projecto_tp.dir/804150199349899753a8711307edc92f/pico-sdk/src/rp2_common/pico_runtime_init/runtime_init.c.obj
                0x100054fc                runtime_init_usb_power_down
 .text.runtime_init_per_core_enable_coprocessors
                0x10005518       0x1c CMakeFiles/projecto_tp.dir/804150199349899753a8711307edc92f/pico-sdk/src/rp2_common/pico_runtime_init/runtime_init.c.obj
                0x10005518                runtime_init_per_core_enable_coprocessors
 .text.runtime_init_post_clock_resets
                0x10005534       0x20 CMakeFiles/projecto_tp.dir/804150199349899753a8711307edc92f/pico-sdk/src/rp2_common/pico_runtime_init/runtime_init.c.obj
                0x10005534                runtime_init_post_clock_resets
 .text.runtime_init_bootrom_reset
                0x10005554       0x14 CMakeFiles/projecto_tp.dir/804150199349899753a8711307edc92f/pico-sdk/src/rp2_common/pico_runtime_init/runtime_init.c.obj
                0x10005554                runtime_init_bootrom_reset
 .text.runtime_init_per_core_bootrom_reset
                0x10005568       0x14 CMakeFiles/projecto_tp.dir/804150199349899753a8711307edc92f/pico-sdk/src/rp2_common/pico_runtime_init/runtime_init.c.obj
                0x10005568                runtime_init_per_core_bootrom_reset
 .text.runtime_init_spin_locks_reset
                0x1000557c        0x4 CMakeFiles/projecto_tp.dir/804150199349899753a8711307edc92f/pico-sdk/src/rp2_common/pico_runtime_init/runtime_init.c.obj
                0x1000557c                runtime_init_spin_locks_reset
 .text.runtime_init_install_ram_vector_table
                0x10005580       0xd0 CMakeFiles/projecto_tp.dir/804150199349899753a8711307edc92f/pico-sdk/src/rp2_common/pico_runtime_init/runtime_init.c.obj
                0x10005580                runtime_init_install_ram_vector_table
 .text.runtime_init_clocks
                0x10005650       0xdc CMakeFiles/projecto_tp.dir/804150199349899753a8711307edc92f/pico-sdk/src/rp2_common/pico_runtime_init/runtime_init_clocks.c.obj
                0x10005650                runtime_init_clocks
 .text.__rp2350_dcp_engaged_state_save_restore
                0x1000572c       0x3a CMakeFiles/projecto_tp.dir/dd8c7786a820e656579efbb0d3f98f54/RTOS_y_arquitecturas/pico-sdk/src/rp2_common/pico_double/double_aeabi_dcp.S.obj
 *fill*         0x10005766        0x2 
 .text.__wrap___aeabi_dadd
                0x10005768       0x28 CMakeFiles/projecto_tp.dir/dd8c7786a820e656579efbb0d3f98f54/RTOS_y_arquitecturas/pico-sdk/src/rp2_common/pico_double/double_aeabi_dcp.S.obj
                0x10005770                __wrap___aeabi_dadd
 .text.__wrap___aeabi_dsub
                0x10005790       0x28 CMakeFiles/projecto_tp.dir/dd8c7786a820e656579efbb0d3f98f54/RTOS_y_arquitecturas/pico-sdk/src/rp2_common/pico_double/double_aeabi_dcp.S.obj
                0x10005798                __wrap___aeabi_dsub
 .text.__wrap___aeabi_dmul
                0x100057b8       0x4c CMakeFiles/projecto_tp.dir/dd8c7786a820e656579efbb0d3f98f54/RTOS_y_arquitecturas/pico-sdk/src/rp2_common/pico_double/double_aeabi_dcp.S.obj
                0x100057c0                __wrap___aeabi_dmul
 .text.__wrap___aeabi_ddiv
                0x10005804       0x9c CMakeFiles/projecto_tp.dir/dd8c7786a820e656579efbb0d3f98f54/RTOS_y_arquitecturas/pico-sdk/src/rp2_common/pico_double/double_aeabi_dcp.S.obj
                0x1000580c                __wrap___aeabi_ddiv
 .text.__wrap___aeabi_i2d
                0x100058a0       0x24 CMakeFiles/projecto_tp.dir/dd8c7786a820e656579efbb0d3f98f54/RTOS_y_arquitecturas/pico-sdk/src/rp2_common/pico_double/double_aeabi_dcp.S.obj
                0x100058a8                int2double
                0x100058a8                __wrap___aeabi_i2d
 .text.__wrap___aeabi_ui2d
                0x100058c4       0x24 CMakeFiles/projecto_tp.dir/dd8c7786a820e656579efbb0d3f98f54/RTOS_y_arquitecturas/pico-sdk/src/rp2_common/pico_double/double_aeabi_dcp.S.obj
                0x100058cc                uint2double
                0x100058cc                __wrap___aeabi_ui2d
 .text.__wrap___aeabi_d2iz
                0x100058e8       0x24 CMakeFiles/projecto_tp.dir/dd8c7786a820e656579efbb0d3f98f54/RTOS_y_arquitecturas/pico-sdk/src/rp2_common/pico_double/double_aeabi_dcp.S.obj
                0x100058f0                double2int_z
                0x100058f0                __wrap___aeabi_d2iz
 .text.__wrap___aeabi_d2uiz
                0x1000590c       0x24 CMakeFiles/projecto_tp.dir/dd8c7786a820e656579efbb0d3f98f54/RTOS_y_arquitecturas/pico-sdk/src/rp2_common/pico_double/double_aeabi_dcp.S.obj
                0x10005914                double2uint
                0x10005914                __wrap___aeabi_d2uiz
                0x10005914                double2uint_z
 .text.__wrap___aeabi_dcmpun
                0x10005930       0x24 CMakeFiles/projecto_tp.dir/dd8c7786a820e656579efbb0d3f98f54/RTOS_y_arquitecturas/pico-sdk/src/rp2_common/pico_double/double_aeabi_dcp.S.obj
                0x10005938                __wrap___aeabi_dcmpun
 .text.__wrap___aeabi_dcmplt
                0x10005954       0x28 CMakeFiles/projecto_tp.dir/dd8c7786a820e656579efbb0d3f98f54/RTOS_y_arquitecturas/pico-sdk/src/rp2_common/pico_double/double_aeabi_dcp.S.obj
                0x1000595c                __wrap___aeabi_dcmplt
 .text.__wrap___aeabi_dcmple
                0x1000597c       0x28 CMakeFiles/projecto_tp.dir/dd8c7786a820e656579efbb0d3f98f54/RTOS_y_arquitecturas/pico-sdk/src/rp2_common/pico_double/double_aeabi_dcp.S.obj
                0x10005984                __wrap___aeabi_dcmple
 .text.__wrap___aeabi_dcmpge
                0x100059a4       0x28 CMakeFiles/projecto_tp.dir/dd8c7786a820e656579efbb0d3f98f54/RTOS_y_arquitecturas/pico-sdk/src/rp2_common/pico_double/double_aeabi_dcp.S.obj
                0x100059ac                __wrap___aeabi_dcmpge
 .text.__wrap___aeabi_dcmpgt
                0x100059cc       0x28 CMakeFiles/projecto_tp.dir/dd8c7786a820e656579efbb0d3f98f54/RTOS_y_arquitecturas/pico-sdk/src/rp2_common/pico_double/double_aeabi_dcp.S.obj
                0x100059d4                __wrap___aeabi_dcmpgt
 .text._out_null
                0x100059f4        0x4 CMakeFiles/projecto_tp.dir/dd8c7786a820e656579efbb0d3f98f54/RTOS_y_arquitecturas/pico-sdk/src/rp2_common/pico_printf/printf.c.obj
 .text._out_rev
                0x100059f8       0x88 CMakeFiles/projecto_tp.dir/dd8c7786a820e656579efbb0d3f98f54/RTOS_y_arquitecturas/pico-sdk/src/rp2_common/pico_printf/printf.c.obj
 .text._ntoa_format
                0x10005a80      0x1e8 CMakeFiles/projecto_tp.dir/dd8c7786a820e656579efbb0d3f98f54/RTOS_y_arquitecturas/pico-sdk/src/rp2_common/pico_printf/printf.c.obj
 .text._out_char
                0x10005c68        0x8 CMakeFiles/projecto_tp.dir/dd8c7786a820e656579efbb0d3f98f54/RTOS_y_arquitecturas/pico-sdk/src/rp2_common/pico_printf/printf.c.obj
 .text._out_fct
                0x10005c70        0xc CMakeFiles/projecto_tp.dir/dd8c7786a820e656579efbb0d3f98f54/RTOS_y_arquitecturas/pico-sdk/src/rp2_common/pico_printf/printf.c.obj
 *fill*         0x10005c7c        0x4 
 .text._etoa    0x10005c80      0x460 CMakeFiles/projecto_tp.dir/dd8c7786a820e656579efbb0d3f98f54/RTOS_y_arquitecturas/pico-sdk/src/rp2_common/pico_printf/printf.c.obj
 .text._ftoa    0x100060e0      0x3d8 CMakeFiles/projecto_tp.dir/dd8c7786a820e656579efbb0d3f98f54/RTOS_y_arquitecturas/pico-sdk/src/rp2_common/pico_printf/printf.c.obj
 .text._vsnprintf
                0x100064b8      0x9c8 CMakeFiles/projecto_tp.dir/dd8c7786a820e656579efbb0d3f98f54/RTOS_y_arquitecturas/pico-sdk/src/rp2_common/pico_printf/printf.c.obj
 .text.vfctprintf
                0x10006e80       0x28 CMakeFiles/projecto_tp.dir/dd8c7786a820e656579efbb0d3f98f54/RTOS_y_arquitecturas/pico-sdk/src/rp2_common/pico_printf/printf.c.obj
                0x10006e80                vfctprintf
 .text.weak_raw_vprintf
                0x10006ea8       0x30 CMakeFiles/projecto_tp.dir/dd8c7786a820e656579efbb0d3f98f54/RTOS_y_arquitecturas/pico-sdk/src/rp2_common/pico_printf/printf.c.obj
                0x10006ea8                weak_raw_vprintf
 .text._exit    0x10006ed8        0x4 CMakeFiles/projecto_tp.dir/804150199349899753a8711307edc92f/pico-sdk/src/rp2_common/pico_clib_interface/newlib_interface.c.obj
                0x10006ed8                _exit
 .text.exit     0x10006edc        0x8 CMakeFiles/projecto_tp.dir/804150199349899753a8711307edc92f/pico-sdk/src/rp2_common/pico_clib_interface/newlib_interface.c.obj
                0x10006edc                exit
 .text.runtime_init
                0x10006ee4       0x24 CMakeFiles/projecto_tp.dir/804150199349899753a8711307edc92f/pico-sdk/src/rp2_common/pico_clib_interface/newlib_interface.c.obj
                0x10006ee4                runtime_init
 .text.stdio_out_chars_no_crlf
                0x10006f08        0x8 CMakeFiles/projecto_tp.dir/dd8c7786a820e656579efbb0d3f98f54/RTOS_y_arquitecturas/pico-sdk/src/rp2_common/pico_stdio/stdio.c.obj
 .text.stdio_out_chars_crlf
                0x10006f10       0xac CMakeFiles/projecto_tp.dir/dd8c7786a820e656579efbb0d3f98f54/RTOS_y_arquitecturas/pico-sdk/src/rp2_common/pico_stdio/stdio.c.obj
 .text.stdio_buffered_printer
                0x10006fbc       0x60 CMakeFiles/projecto_tp.dir/dd8c7786a820e656579efbb0d3f98f54/RTOS_y_arquitecturas/pico-sdk/src/rp2_common/pico_stdio/stdio.c.obj
 .text.stdio_put_string
                0x1000701c       0xe8 CMakeFiles/projecto_tp.dir/dd8c7786a820e656579efbb0d3f98f54/RTOS_y_arquitecturas/pico-sdk/src/rp2_common/pico_stdio/stdio.c.obj
                0x1000701c                stdio_put_string
 .text.stdio_set_driver_enabled
                0x10007104       0x28 CMakeFiles/projecto_tp.dir/dd8c7786a820e656579efbb0d3f98f54/RTOS_y_arquitecturas/pico-sdk/src/rp2_common/pico_stdio/stdio.c.obj
                0x10007104                stdio_set_driver_enabled
 .text.stdio_init_all
                0x1000712c        0x4 CMakeFiles/projecto_tp.dir/dd8c7786a820e656579efbb0d3f98f54/RTOS_y_arquitecturas/pico-sdk/src/rp2_common/pico_stdio/stdio.c.obj
                0x1000712c                stdio_init_all
 .text.__wrap_putchar
                0x10007130       0x7c CMakeFiles/projecto_tp.dir/dd8c7786a820e656579efbb0d3f98f54/RTOS_y_arquitecturas/pico-sdk/src/rp2_common/pico_stdio/stdio.c.obj
                0x10007130                __wrap_putchar
                0x10007130                stdio_putchar
 .text.__wrap_puts
                0x100071ac       0x3c CMakeFiles/projecto_tp.dir/dd8c7786a820e656579efbb0d3f98f54/RTOS_y_arquitecturas/pico-sdk/src/rp2_common/pico_stdio/stdio.c.obj
                0x100071ac                stdio_puts
                0x100071ac                __wrap_puts
 .text.__wrap_vprintf
                0x100071e8       0xc0 CMakeFiles/projecto_tp.dir/dd8c7786a820e656579efbb0d3f98f54/RTOS_y_arquitecturas/pico-sdk/src/rp2_common/pico_stdio/stdio.c.obj
                0x100071e8                stdio_vprintf
                0x100071e8                __wrap_vprintf
 .text.__wrap_printf
                0x100072a8       0x1c CMakeFiles/projecto_tp.dir/dd8c7786a820e656579efbb0d3f98f54/RTOS_y_arquitecturas/pico-sdk/src/rp2_common/pico_stdio/stdio.c.obj
                0x100072a8                __wrap_printf
                0x100072a8                stdio_printf
 .text.resetd_init
                0x100072c4        0x4 CMakeFiles/projecto_tp.dir/804150199349899753a8711307edc92f/pico-sdk/src/rp2_common/pico_stdio_usb/reset_interface.c.obj
 .text.resetd_reset
                0x100072c8        0xc CMakeFiles/projecto_tp.dir/804150199349899753a8711307edc92f/pico-sdk/src/rp2_common/pico_stdio_usb/reset_interface.c.obj
 .text.resetd_open
                0x100072d4       0x28 CMakeFiles/projecto_tp.dir/804150199349899753a8711307edc92f/pico-sdk/src/rp2_common/pico_stdio_usb/reset_interface.c.obj
 .text.resetd_xfer_cb
                0x100072fc        0x4 CMakeFiles/projecto_tp.dir/804150199349899753a8711307edc92f/pico-sdk/src/rp2_common/pico_stdio_usb/reset_interface.c.obj
 .text.resetd_control_xfer_cb
                0x10007300       0x54 CMakeFiles/projecto_tp.dir/804150199349899753a8711307edc92f/pico-sdk/src/rp2_common/pico_stdio_usb/reset_interface.c.obj
 .text.tud_descriptor_bos_cb
                0x10007354        0x8 CMakeFiles/projecto_tp.dir/804150199349899753a8711307edc92f/pico-sdk/src/rp2_common/pico_stdio_usb/reset_interface.c.obj
                0x10007354                tud_descriptor_bos_cb
 .text.tud_vendor_control_xfer_cb
                0x1000735c       0x28 CMakeFiles/projecto_tp.dir/804150199349899753a8711307edc92f/pico-sdk/src/rp2_common/pico_stdio_usb/reset_interface.c.obj
                0x1000735c                tud_vendor_control_xfer_cb
 .text.usbd_app_driver_get_cb
                0x10007384       0x10 CMakeFiles/projecto_tp.dir/804150199349899753a8711307edc92f/pico-sdk/src/rp2_common/pico_stdio_usb/reset_interface.c.obj
                0x10007384                usbd_app_driver_get_cb
 .text.tud_cdc_line_coding_cb
                0x10007394       0x18 CMakeFiles/projecto_tp.dir/804150199349899753a8711307edc92f/pico-sdk/src/rp2_common/pico_stdio_usb/reset_interface.c.obj
                0x10007394                tud_cdc_line_coding_cb
 .text.stdio_usb_set_chars_available_callback
                0x100073ac       0x14 CMakeFiles/projecto_tp.dir/dd8c7786a820e656579efbb0d3f98f54/RTOS_y_arquitecturas/pico-sdk/src/rp2_common/pico_stdio_usb/stdio_usb.c.obj
                0x100073ac                stdio_usb_set_chars_available_callback
 .text.timer_task
                0x100073c0       0x70 CMakeFiles/projecto_tp.dir/dd8c7786a820e656579efbb0d3f98f54/RTOS_y_arquitecturas/pico-sdk/src/rp2_common/pico_stdio_usb/stdio_usb.c.obj
 .text.usb_irq  0x10007430        0xc CMakeFiles/projecto_tp.dir/dd8c7786a820e656579efbb0d3f98f54/RTOS_y_arquitecturas/pico-sdk/src/rp2_common/pico_stdio_usb/stdio_usb.c.obj
 .text.stdio_usb_in_chars
                0x1000743c       0x84 CMakeFiles/projecto_tp.dir/dd8c7786a820e656579efbb0d3f98f54/RTOS_y_arquitecturas/pico-sdk/src/rp2_common/pico_stdio_usb/stdio_usb.c.obj
                0x1000743c                stdio_usb_in_chars
 .text.stdio_usb_out_flush
                0x100074c0       0x4c CMakeFiles/projecto_tp.dir/dd8c7786a820e656579efbb0d3f98f54/RTOS_y_arquitecturas/pico-sdk/src/rp2_common/pico_stdio_usb/stdio_usb.c.obj
 .text.stdio_usb_out_chars
                0x1000750c       0xf0 CMakeFiles/projecto_tp.dir/dd8c7786a820e656579efbb0d3f98f54/RTOS_y_arquitecturas/pico-sdk/src/rp2_common/pico_stdio_usb/stdio_usb.c.obj
 .text.low_priority_worker_irq
                0x100075fc       0xc8 CMakeFiles/projecto_tp.dir/dd8c7786a820e656579efbb0d3f98f54/RTOS_y_arquitecturas/pico-sdk/src/rp2_common/pico_stdio_usb/stdio_usb.c.obj
 .text.stdio_usb_init
                0x100076c4       0xdc CMakeFiles/projecto_tp.dir/dd8c7786a820e656579efbb0d3f98f54/RTOS_y_arquitecturas/pico-sdk/src/rp2_common/pico_stdio_usb/stdio_usb.c.obj
                0x100076c4                stdio_usb_init
 .text.tud_descriptor_device_cb
                0x100077a0        0x8 CMakeFiles/projecto_tp.dir/804150199349899753a8711307edc92f/pico-sdk/src/rp2_common/pico_stdio_usb/stdio_usb_descriptors.c.obj
                0x100077a0                tud_descriptor_device_cb
 .text.tud_descriptor_configuration_cb
                0x100077a8        0x8 CMakeFiles/projecto_tp.dir/804150199349899753a8711307edc92f/pico-sdk/src/rp2_common/pico_stdio_usb/stdio_usb_descriptors.c.obj
                0x100077a8                tud_descriptor_configuration_cb
 .text.tud_descriptor_string_cb
                0x100077b0       0x78 CMakeFiles/projecto_tp.dir/804150199349899753a8711307edc92f/pico-sdk/src/rp2_common/pico_stdio_usb/stdio_usb_descriptors.c.obj
                0x100077b0                tud_descriptor_string_cb
 .text.startup._retrieve_unique_id_on_boot
                0x10007828       0x30 CMakeFiles/projecto_tp.dir/dd8c7786a820e656579efbb0d3f98f54/RTOS_y_arquitecturas/pico-sdk/src/rp2_common/pico_unique_id/unique_id.c.obj
 .text.pico_get_unique_board_id_string
                0x10007858      0x180 CMakeFiles/projecto_tp.dir/dd8c7786a820e656579efbb0d3f98f54/RTOS_y_arquitecturas/pico-sdk/src/rp2_common/pico_unique_id/unique_id.c.obj
                0x10007858                pico_get_unique_board_id_string
 .text.dcd_init
                0x100079d8       0x94 CMakeFiles/projecto_tp.dir/804150199349899753a8711307edc92f/pico-sdk/lib/tinyusb/src/portable/raspberrypi/rp2040/dcd_rp2040.c.obj
                0x100079d8                dcd_init
 .text.dcd_int_enable
                0x10007a6c        0x8 CMakeFiles/projecto_tp.dir/804150199349899753a8711307edc92f/pico-sdk/lib/tinyusb/src/portable/raspberrypi/rp2040/dcd_rp2040.c.obj
                0x10007a6c                dcd_int_enable
 .text.dcd_set_address
                0x10007a74       0x10 CMakeFiles/projecto_tp.dir/804150199349899753a8711307edc92f/pico-sdk/lib/tinyusb/src/portable/raspberrypi/rp2040/dcd_rp2040.c.obj
                0x10007a74                dcd_set_address
 .text.dcd_sof_enable
                0x10007a84       0x1c CMakeFiles/projecto_tp.dir/804150199349899753a8711307edc92f/pico-sdk/lib/tinyusb/src/portable/raspberrypi/rp2040/dcd_rp2040.c.obj
                0x10007a84                dcd_sof_enable
 .text.dcd_edpt0_status_complete
                0x10007aa0       0x1c CMakeFiles/projecto_tp.dir/804150199349899753a8711307edc92f/pico-sdk/lib/tinyusb/src/portable/raspberrypi/rp2040/dcd_rp2040.c.obj
                0x10007aa0                dcd_edpt0_status_complete
 .text.dcd_edpt_open
                0x10007abc      0x110 CMakeFiles/projecto_tp.dir/804150199349899753a8711307edc92f/pico-sdk/lib/tinyusb/src/portable/raspberrypi/rp2040/dcd_rp2040.c.obj
                0x10007abc                dcd_edpt_open
 .text.dcd_edpt_close_all
                0x10007bcc        0x4 CMakeFiles/projecto_tp.dir/804150199349899753a8711307edc92f/pico-sdk/lib/tinyusb/src/portable/raspberrypi/rp2040/dcd_rp2040.c.obj
                0x10007bcc                dcd_edpt_close_all
 .text.dcd_edpt_xfer
                0x10007bd0       0x28 CMakeFiles/projecto_tp.dir/804150199349899753a8711307edc92f/pico-sdk/lib/tinyusb/src/portable/raspberrypi/rp2040/dcd_rp2040.c.obj
                0x10007bd0                dcd_edpt_xfer
 .text.dcd_edpt_stall
                0x10007bf8       0x30 CMakeFiles/projecto_tp.dir/804150199349899753a8711307edc92f/pico-sdk/lib/tinyusb/src/portable/raspberrypi/rp2040/dcd_rp2040.c.obj
                0x10007bf8                dcd_edpt_stall
 .text.dcd_edpt_clear_stall
                0x10007c28       0x2c CMakeFiles/projecto_tp.dir/804150199349899753a8711307edc92f/pico-sdk/lib/tinyusb/src/portable/raspberrypi/rp2040/dcd_rp2040.c.obj
                0x10007c28                dcd_edpt_clear_stall
 .text.rp2040_usb_init
                0x10007c54       0x40 CMakeFiles/projecto_tp.dir/804150199349899753a8711307edc92f/pico-sdk/lib/tinyusb/src/portable/raspberrypi/rp2040/rp2040_usb.c.obj
                0x10007c54                rp2040_usb_init
 .text.hw_endpoint_xfer_start
                0x10007c94       0x4c CMakeFiles/projecto_tp.dir/804150199349899753a8711307edc92f/pico-sdk/lib/tinyusb/src/portable/raspberrypi/rp2040/rp2040_usb.c.obj
                0x10007c94                hw_endpoint_xfer_start
 .text.configuration_reset
                0x10007ce0       0x8c CMakeFiles/projecto_tp.dir/dd8c7786a820e656579efbb0d3f98f54/RTOS_y_arquitecturas/pico-sdk/lib/tinyusb/src/device/usbd.c.obj
 .text.tud_event_hook_cb
                0x10007d6c        0x4 CMakeFiles/projecto_tp.dir/dd8c7786a820e656579efbb0d3f98f54/RTOS_y_arquitecturas/pico-sdk/lib/tinyusb/src/device/usbd.c.obj
                0x10007d6c                tud_event_hook_cb
 .text.tud_sof_cb
                0x10007d70        0x4 CMakeFiles/projecto_tp.dir/dd8c7786a820e656579efbb0d3f98f54/RTOS_y_arquitecturas/pico-sdk/lib/tinyusb/src/device/usbd.c.obj
                0x10007d70                tud_sof_cb
 .text.tud_descriptor_device_qualifier_cb
                0x10007d74        0x4 CMakeFiles/projecto_tp.dir/dd8c7786a820e656579efbb0d3f98f54/RTOS_y_arquitecturas/pico-sdk/lib/tinyusb/src/device/usbd.c.obj
                0x10007d74                tud_descriptor_device_qualifier_cb
 .text.tud_descriptor_other_speed_configuration_cb
                0x10007d78        0x4 CMakeFiles/projecto_tp.dir/dd8c7786a820e656579efbb0d3f98f54/RTOS_y_arquitecturas/pico-sdk/lib/tinyusb/src/device/usbd.c.obj
                0x10007d78                tud_descriptor_other_speed_configuration_cb
 .text.tud_mount_cb
                0x10007d7c        0x4 CMakeFiles/projecto_tp.dir/dd8c7786a820e656579efbb0d3f98f54/RTOS_y_arquitecturas/pico-sdk/lib/tinyusb/src/device/usbd.c.obj
                0x10007d7c                tud_mount_cb
 .text.tud_umount_cb
                0x10007d80        0x4 CMakeFiles/projecto_tp.dir/dd8c7786a820e656579efbb0d3f98f54/RTOS_y_arquitecturas/pico-sdk/lib/tinyusb/src/device/usbd.c.obj
                0x10007d80                tud_umount_cb
 .text.tud_suspend_cb
                0x10007d84        0x4 CMakeFiles/projecto_tp.dir/dd8c7786a820e656579efbb0d3f98f54/RTOS_y_arquitecturas/pico-sdk/lib/tinyusb/src/device/usbd.c.obj
                0x10007d84                tud_suspend_cb
 .text.tud_resume_cb
                0x10007d88        0x4 CMakeFiles/projecto_tp.dir/dd8c7786a820e656579efbb0d3f98f54/RTOS_y_arquitecturas/pico-sdk/lib/tinyusb/src/device/usbd.c.obj
                0x10007d88                tud_resume_cb
 .text.tud_mounted
                0x10007d8c       0x10 CMakeFiles/projecto_tp.dir/dd8c7786a820e656579efbb0d3f98f54/RTOS_y_arquitecturas/pico-sdk/lib/tinyusb/src/device/usbd.c.obj
                0x10007d8c                tud_mounted
 .text.tud_suspended
                0x10007d9c       0x10 CMakeFiles/projecto_tp.dir/dd8c7786a820e656579efbb0d3f98f54/RTOS_y_arquitecturas/pico-sdk/lib/tinyusb/src/device/usbd.c.obj
                0x10007d9c                tud_suspended
 .text.tud_rhport_init
                0x10007dac      0x110 CMakeFiles/projecto_tp.dir/dd8c7786a820e656579efbb0d3f98f54/RTOS_y_arquitecturas/pico-sdk/lib/tinyusb/src/device/usbd.c.obj
                0x10007dac                tud_rhport_init
 .text.tud_task_ext
                0x10007ebc      0x7a4 CMakeFiles/projecto_tp.dir/dd8c7786a820e656579efbb0d3f98f54/RTOS_y_arquitecturas/pico-sdk/lib/tinyusb/src/device/usbd.c.obj
                0x10007ebc                tud_task_ext
 .text.usbd_open_edpt_pair
                0x10008660       0x9c CMakeFiles/projecto_tp.dir/dd8c7786a820e656579efbb0d3f98f54/RTOS_y_arquitecturas/pico-sdk/lib/tinyusb/src/device/usbd.c.obj
                0x10008660                usbd_open_edpt_pair
 .text.usbd_edpt_open
                0x100086fc       0x44 CMakeFiles/projecto_tp.dir/dd8c7786a820e656579efbb0d3f98f54/RTOS_y_arquitecturas/pico-sdk/lib/tinyusb/src/device/usbd.c.obj
                0x100086fc                usbd_edpt_open
 .text.usbd_edpt_claim
                0x10008740       0x24 CMakeFiles/projecto_tp.dir/dd8c7786a820e656579efbb0d3f98f54/RTOS_y_arquitecturas/pico-sdk/lib/tinyusb/src/device/usbd.c.obj
                0x10008740                usbd_edpt_claim
 .text.usbd_edpt_release
                0x10008764       0x24 CMakeFiles/projecto_tp.dir/dd8c7786a820e656579efbb0d3f98f54/RTOS_y_arquitecturas/pico-sdk/lib/tinyusb/src/device/usbd.c.obj
                0x10008764                usbd_edpt_release
 .text.usbd_edpt_xfer
                0x10008788       0x70 CMakeFiles/projecto_tp.dir/dd8c7786a820e656579efbb0d3f98f54/RTOS_y_arquitecturas/pico-sdk/lib/tinyusb/src/device/usbd.c.obj
                0x10008788                usbd_edpt_xfer
 .text.tud_control_status
                0x100087f8       0x34 CMakeFiles/projecto_tp.dir/dd8c7786a820e656579efbb0d3f98f54/RTOS_y_arquitecturas/pico-sdk/lib/tinyusb/src/device/usbd_control.c.obj
                0x100087f8                tud_control_status
 .text.tud_control_xfer
                0x1000882c       0xcc CMakeFiles/projecto_tp.dir/dd8c7786a820e656579efbb0d3f98f54/RTOS_y_arquitecturas/pico-sdk/lib/tinyusb/src/device/usbd_control.c.obj
                0x1000882c                tud_control_xfer
 .text.usbd_control_reset
                0x100088f8       0x14 CMakeFiles/projecto_tp.dir/dd8c7786a820e656579efbb0d3f98f54/RTOS_y_arquitecturas/pico-sdk/lib/tinyusb/src/device/usbd_control.c.obj
                0x100088f8                usbd_control_reset
 .text.usbd_control_set_complete_callback
                0x1000890c        0xc CMakeFiles/projecto_tp.dir/dd8c7786a820e656579efbb0d3f98f54/RTOS_y_arquitecturas/pico-sdk/lib/tinyusb/src/device/usbd_control.c.obj
                0x1000890c                usbd_control_set_complete_callback
 .text.usbd_control_set_request
                0x10008918       0x1c CMakeFiles/projecto_tp.dir/dd8c7786a820e656579efbb0d3f98f54/RTOS_y_arquitecturas/pico-sdk/lib/tinyusb/src/device/usbd_control.c.obj
                0x10008918                usbd_control_set_request
 .text.usbd_control_xfer_cb
                0x10008934      0x110 CMakeFiles/projecto_tp.dir/dd8c7786a820e656579efbb0d3f98f54/RTOS_y_arquitecturas/pico-sdk/lib/tinyusb/src/device/usbd_control.c.obj
                0x10008934                usbd_control_xfer_cb
 .text._prep_out_transaction.isra.0
                0x10008a44       0x78 CMakeFiles/projecto_tp.dir/dd8c7786a820e656579efbb0d3f98f54/RTOS_y_arquitecturas/pico-sdk/lib/tinyusb/src/class/cdc/cdc_device.c.obj
 .text.tud_cdc_n_connected
                0x10008abc       0x2c CMakeFiles/projecto_tp.dir/dd8c7786a820e656579efbb0d3f98f54/RTOS_y_arquitecturas/pico-sdk/lib/tinyusb/src/class/cdc/cdc_device.c.obj
                0x10008abc                tud_cdc_n_connected
 .text.tud_cdc_n_available
                0x10008ae8       0x18 CMakeFiles/projecto_tp.dir/dd8c7786a820e656579efbb0d3f98f54/RTOS_y_arquitecturas/pico-sdk/lib/tinyusb/src/class/cdc/cdc_device.c.obj
                0x10008ae8                tud_cdc_n_available
 .text.tud_cdc_n_read
                0x10008b00       0x90 CMakeFiles/projecto_tp.dir/dd8c7786a820e656579efbb0d3f98f54/RTOS_y_arquitecturas/pico-sdk/lib/tinyusb/src/class/cdc/cdc_device.c.obj
                0x10008b00                tud_cdc_n_read
 .text.tud_cdc_n_write_flush
                0x10008b90       0x88 CMakeFiles/projecto_tp.dir/dd8c7786a820e656579efbb0d3f98f54/RTOS_y_arquitecturas/pico-sdk/lib/tinyusb/src/class/cdc/cdc_device.c.obj
                0x10008b90                tud_cdc_n_write_flush
 .text.tud_cdc_n_write
                0x10008c18       0x48 CMakeFiles/projecto_tp.dir/dd8c7786a820e656579efbb0d3f98f54/RTOS_y_arquitecturas/pico-sdk/lib/tinyusb/src/class/cdc/cdc_device.c.obj
                0x10008c18                tud_cdc_n_write
 .text.tud_cdc_n_write_available
                0x10008c60       0x18 CMakeFiles/projecto_tp.dir/dd8c7786a820e656579efbb0d3f98f54/RTOS_y_arquitecturas/pico-sdk/lib/tinyusb/src/class/cdc/cdc_device.c.obj
                0x10008c60                tud_cdc_n_write_available
 .text.cdcd_init
                0x10008c78       0x70 CMakeFiles/projecto_tp.dir/dd8c7786a820e656579efbb0d3f98f54/RTOS_y_arquitecturas/pico-sdk/lib/tinyusb/src/class/cdc/cdc_device.c.obj
                0x10008c78                cdcd_init
 .text.cdcd_deinit
                0x10008ce8       0x20 CMakeFiles/projecto_tp.dir/dd8c7786a820e656579efbb0d3f98f54/RTOS_y_arquitecturas/pico-sdk/lib/tinyusb/src/class/cdc/cdc_device.c.obj
                0x10008ce8                cdcd_deinit
 .text.cdcd_reset
                0x10008d08       0x4c CMakeFiles/projecto_tp.dir/dd8c7786a820e656579efbb0d3f98f54/RTOS_y_arquitecturas/pico-sdk/lib/tinyusb/src/class/cdc/cdc_device.c.obj
                0x10008d08                cdcd_reset
 .text.cdcd_open
                0x10008d54       0xbc CMakeFiles/projecto_tp.dir/dd8c7786a820e656579efbb0d3f98f54/RTOS_y_arquitecturas/pico-sdk/lib/tinyusb/src/class/cdc/cdc_device.c.obj
                0x10008d54                cdcd_open
 .text.cdcd_control_xfer_cb
                0x10008e10       0xc8 CMakeFiles/projecto_tp.dir/dd8c7786a820e656579efbb0d3f98f54/RTOS_y_arquitecturas/pico-sdk/lib/tinyusb/src/class/cdc/cdc_device.c.obj
                0x10008e10                cdcd_control_xfer_cb
 .text.cdcd_xfer_cb
                0x10008ed8      0x100 CMakeFiles/projecto_tp.dir/dd8c7786a820e656579efbb0d3f98f54/RTOS_y_arquitecturas/pico-sdk/lib/tinyusb/src/class/cdc/cdc_device.c.obj
                0x10008ed8                cdcd_xfer_cb
 .text.vendord_init
                0x10008fd8       0x5c CMakeFiles/projecto_tp.dir/dd8c7786a820e656579efbb0d3f98f54/RTOS_y_arquitecturas/pico-sdk/lib/tinyusb/src/class/vendor/vendor_device.c.obj
                0x10008fd8                vendord_init
 .text.vendord_deinit
                0x10009034       0x1c CMakeFiles/projecto_tp.dir/dd8c7786a820e656579efbb0d3f98f54/RTOS_y_arquitecturas/pico-sdk/lib/tinyusb/src/class/vendor/vendor_device.c.obj
                0x10009034                vendord_deinit
 .text.vendord_reset
                0x10009050       0x24 CMakeFiles/projecto_tp.dir/dd8c7786a820e656579efbb0d3f98f54/RTOS_y_arquitecturas/pico-sdk/lib/tinyusb/src/class/vendor/vendor_device.c.obj
                0x10009050                vendord_reset
 .text.vendord_open
                0x10009074       0xfc CMakeFiles/projecto_tp.dir/dd8c7786a820e656579efbb0d3f98f54/RTOS_y_arquitecturas/pico-sdk/lib/tinyusb/src/class/vendor/vendor_device.c.obj
                0x10009074                vendord_open
 .text.vendord_xfer_cb
                0x10009170       0x8c CMakeFiles/projecto_tp.dir/dd8c7786a820e656579efbb0d3f98f54/RTOS_y_arquitecturas/pico-sdk/lib/tinyusb/src/class/vendor/vendor_device.c.obj
                0x10009170                vendord_xfer_cb
 .text.tusb_rhport_init
                0x100091fc       0x74 CMakeFiles/projecto_tp.dir/867b3657bfc328e555055c7423ee0319/Especialidad_SEMB/RTOS_y_arquitecturas/pico-sdk/lib/tinyusb/src/tusb.c.obj
                0x100091fc                tusb_rhport_init
 .text.tu_edpt_claim
                0x10009270       0x54 CMakeFiles/projecto_tp.dir/867b3657bfc328e555055c7423ee0319/Especialidad_SEMB/RTOS_y_arquitecturas/pico-sdk/lib/tinyusb/src/tusb.c.obj
                0x10009270                tu_edpt_claim
 .text.tu_edpt_release
                0x100092c4       0x38 CMakeFiles/projecto_tp.dir/867b3657bfc328e555055c7423ee0319/Especialidad_SEMB/RTOS_y_arquitecturas/pico-sdk/lib/tinyusb/src/tusb.c.obj
                0x100092c4                tu_edpt_release
 .text.tu_edpt_validate
                0x100092fc       0x68 CMakeFiles/projecto_tp.dir/867b3657bfc328e555055c7423ee0319/Especialidad_SEMB/RTOS_y_arquitecturas/pico-sdk/lib/tinyusb/src/tusb.c.obj
                0x100092fc                tu_edpt_validate
 .text.tu_edpt_bind_driver
                0x10009364       0x58 CMakeFiles/projecto_tp.dir/867b3657bfc328e555055c7423ee0319/Especialidad_SEMB/RTOS_y_arquitecturas/pico-sdk/lib/tinyusb/src/tusb.c.obj
                0x10009364                tu_edpt_bind_driver
 .text.tu_edpt_stream_init
                0x100093bc       0x58 CMakeFiles/projecto_tp.dir/867b3657bfc328e555055c7423ee0319/Especialidad_SEMB/RTOS_y_arquitecturas/pico-sdk/lib/tinyusb/src/tusb.c.obj
                0x100093bc                tu_edpt_stream_init
 .text.tu_edpt_stream_deinit
                0x10009414        0x4 CMakeFiles/projecto_tp.dir/867b3657bfc328e555055c7423ee0319/Especialidad_SEMB/RTOS_y_arquitecturas/pico-sdk/lib/tinyusb/src/tusb.c.obj
                0x10009414                tu_edpt_stream_deinit
 .text.tu_edpt_stream_write_zlp_if_needed
                0x10009418       0x68 CMakeFiles/projecto_tp.dir/867b3657bfc328e555055c7423ee0319/Especialidad_SEMB/RTOS_y_arquitecturas/pico-sdk/lib/tinyusb/src/tusb.c.obj
                0x10009418                tu_edpt_stream_write_zlp_if_needed
 .text.tu_edpt_stream_write_xfer
                0x10009480       0x74 CMakeFiles/projecto_tp.dir/867b3657bfc328e555055c7423ee0319/Especialidad_SEMB/RTOS_y_arquitecturas/pico-sdk/lib/tinyusb/src/tusb.c.obj
                0x10009480                tu_edpt_stream_write_xfer
 .text.tu_edpt_stream_read_xfer
                0x100094f4       0xd4 CMakeFiles/projecto_tp.dir/867b3657bfc328e555055c7423ee0319/Especialidad_SEMB/RTOS_y_arquitecturas/pico-sdk/lib/tinyusb/src/tusb.c.obj
                0x100094f4                tu_edpt_stream_read_xfer
 .text.tu_fifo_config
                0x100095c8       0x64 CMakeFiles/projecto_tp.dir/dd8c7786a820e656579efbb0d3f98f54/RTOS_y_arquitecturas/pico-sdk/lib/tinyusb/src/common/tusb_fifo.c.obj
                0x100095c8                tu_fifo_config
 .text.tu_fifo_count
                0x1000962c       0x20 CMakeFiles/projecto_tp.dir/dd8c7786a820e656579efbb0d3f98f54/RTOS_y_arquitecturas/pico-sdk/lib/tinyusb/src/common/tusb_fifo.c.obj
                0x1000962c                tu_fifo_count
 .text.tu_fifo_empty
                0x1000964c       0x14 CMakeFiles/projecto_tp.dir/dd8c7786a820e656579efbb0d3f98f54/RTOS_y_arquitecturas/pico-sdk/lib/tinyusb/src/common/tusb_fifo.c.obj
                0x1000964c                tu_fifo_empty
 .text.tu_fifo_remaining
                0x10009660       0x24 CMakeFiles/projecto_tp.dir/dd8c7786a820e656579efbb0d3f98f54/RTOS_y_arquitecturas/pico-sdk/lib/tinyusb/src/common/tusb_fifo.c.obj
                0x10009660                tu_fifo_remaining
 .text.tu_fifo_read
                0x10009684       0x94 CMakeFiles/projecto_tp.dir/dd8c7786a820e656579efbb0d3f98f54/RTOS_y_arquitecturas/pico-sdk/lib/tinyusb/src/common/tusb_fifo.c.obj
                0x10009684                tu_fifo_read
 .text.tu_fifo_read_n
                0x10009718       0xd4 CMakeFiles/projecto_tp.dir/dd8c7786a820e656579efbb0d3f98f54/RTOS_y_arquitecturas/pico-sdk/lib/tinyusb/src/common/tusb_fifo.c.obj
                0x10009718                tu_fifo_read_n
 .text.tu_fifo_write
                0x100097ec       0x84 CMakeFiles/projecto_tp.dir/dd8c7786a820e656579efbb0d3f98f54/RTOS_y_arquitecturas/pico-sdk/lib/tinyusb/src/common/tusb_fifo.c.obj
                0x100097ec                tu_fifo_write
 .text.tu_fifo_write_n
                0x10009870      0x15c CMakeFiles/projecto_tp.dir/dd8c7786a820e656579efbb0d3f98f54/RTOS_y_arquitecturas/pico-sdk/lib/tinyusb/src/common/tusb_fifo.c.obj
                0x10009870                tu_fifo_write_n
 .text.tu_fifo_clear
                0x100099cc       0x38 CMakeFiles/projecto_tp.dir/dd8c7786a820e656579efbb0d3f98f54/RTOS_y_arquitecturas/pico-sdk/lib/tinyusb/src/common/tusb_fifo.c.obj
                0x100099cc                tu_fifo_clear
 .text.tu_fifo_set_overwritable
                0x10009a04       0x3c CMakeFiles/projecto_tp.dir/dd8c7786a820e656579efbb0d3f98f54/RTOS_y_arquitecturas/pico-sdk/lib/tinyusb/src/common/tusb_fifo.c.obj
                0x10009a04                tu_fifo_set_overwritable
 .text          0x10009a40       0xec c:/progra~2/gnuarm~1/102021~1.10/bin/../lib/gcc/arm-none-eabi/10.3.1/../../../../arm-none-eabi/lib/thumb/v8-m.main+fp/softfp\libg.a(lib_a-memcpy.o)
                0x10009a40                memcpy
 .text.memset   0x10009b2c       0xa4 c:/progra~2/gnuarm~1/102021~1.10/bin/../lib/gcc/arm-none-eabi/10.3.1/../../../../arm-none-eabi/lib/thumb/v8-m.main+fp/softfp\libg.a(lib_a-memset.o)
                0x10009b2c                memset
 .text.strlen   0x10009bd0       0x5c c:/progra~2/gnuarm~1/102021~1.10/bin/../lib/gcc/arm-none-eabi/10.3.1/../../../../arm-none-eabi/lib/thumb/v8-m.main+fp/softfp\libg.a(lib_a-strlen-stub.o)
                0x10009bd0                strlen
 *(.fini)
 .fini          0x10009c2c        0x4 c:/progra~2/gnuarm~1/102021~1.10/bin/../lib/gcc/arm-none-eabi/10.3.1/thumb/v8-m.main+fp/softfp/crti.o
                0x10009c2c                _fini
 .fini.__stub   0x10009c30       0xc0 linker stubs
 *crtbegin.o(.ctors)
 *crtbegin?.o(.ctors)
 *(EXCLUDE_FILE(*crtend.o *crtend?.o) .ctors)
 *(SORT_BY_NAME(.ctors.*))
 *(.ctors)
 *crtbegin.o(.dtors)
 *crtbegin?.o(.dtors)
 *(EXCLUDE_FILE(*crtend.o *crtend?.o) .dtors)
 *(SORT_BY_NAME(.dtors.*))
 *(.dtors)
                0x10009cf0                . = ALIGN (0x4)
                0x10009cf0                PROVIDE (__preinit_array_start = .)
 *(SORT_BY_NAME(.preinit_array.*))
 .preinit_array.00050
                0x10009cf0        0x4 CMakeFiles/projecto_tp.dir/804150199349899753a8711307edc92f/pico-sdk/src/rp2_common/pico_runtime_init/runtime_init.c.obj
                0x10009cf0                __pre_init_runtime_init_bootrom_reset
 .preinit_array.00100
                0x10009cf4        0x4 CMakeFiles/projecto_tp.dir/804150199349899753a8711307edc92f/pico-sdk/src/rp2_common/pico_runtime_init/runtime_init.c.obj
                0x10009cf4                __pre_init_runtime_init_early_resets
 .preinit_array.00101
                0x10009cf8        0x4 CMakeFiles/projecto_tp.dir/804150199349899753a8711307edc92f/pico-sdk/src/rp2_common/pico_runtime_init/runtime_init.c.obj
                0x10009cf8                __pre_init_runtime_init_usb_power_down
 .preinit_array.00500
                0x10009cfc        0x4 CMakeFiles/projecto_tp.dir/804150199349899753a8711307edc92f/pico-sdk/src/rp2_common/pico_runtime_init/runtime_init.c.obj
                0x10009cfc                __pre_init_runtime_init_clocks
 .preinit_array.00600
                0x10009d00        0x4 CMakeFiles/projecto_tp.dir/804150199349899753a8711307edc92f/pico-sdk/src/rp2_common/pico_runtime_init/runtime_init.c.obj
                0x10009d00                __pre_init_runtime_init_post_clock_resets
 .preinit_array.01000
                0x10009d04        0x4 CMakeFiles/projecto_tp.dir/dd8c7786a820e656579efbb0d3f98f54/RTOS_y_arquitecturas/pico-sdk/src/rp2_common/hardware_boot_lock/boot_lock.c.obj
                0x10009d04                __pre_init_runtime_init_boot_locks_reset
 .preinit_array.01000
                0x10009d08        0x4 CMakeFiles/projecto_tp.dir/804150199349899753a8711307edc92f/pico-sdk/src/rp2_common/pico_runtime_init/runtime_init.c.obj
                0x10009d08                __pre_init_runtime_init_spin_locks_reset
 .preinit_array.01010
                0x10009d0c        0x4 CMakeFiles/projecto_tp.dir/dd8c7786a820e656579efbb0d3f98f54/RTOS_y_arquitecturas/pico-sdk/src/rp2_common/pico_bootrom/bootrom_lock.c.obj
                0x10009d0c                __pre_init_runtime_init_bootrom_locking_enable
 .preinit_array.01100
                0x10009d10        0x4 CMakeFiles/projecto_tp.dir/dd8c7786a820e656579efbb0d3f98f54/RTOS_y_arquitecturas/pico-sdk/src/common/pico_sync/mutex.c.obj
                0x10009d10                __pre_init_runtime_init_mutex
 .preinit_array.10080
                0x10009d14        0x4 CMakeFiles/projecto_tp.dir/804150199349899753a8711307edc92f/pico-sdk/src/rp2_common/pico_runtime_init/runtime_init.c.obj
                0x10009d14                __pre_init_runtime_init_install_ram_vector_table
 .preinit_array.11000
                0x10009d18        0x4 CMakeFiles/projecto_tp.dir/867b3657bfc328e555055c7423ee0319/Especialidad_SEMB/RTOS_y_arquitecturas/pico-sdk/src/common/pico_time/time.c.obj
                0x10009d18                __pre_init_runtime_init_default_alarm_pool
 .preinit_array.YYYYY
                0x10009d1c        0x4 CMakeFiles/projecto_tp.dir/dd8c7786a820e656579efbb0d3f98f54/RTOS_y_arquitecturas/pico-sdk/src/rp2_common/pico_runtime/runtime.c.obj
                0x10009d1c                __pre_init_first_per_core_initializer
 .preinit_array.ZZZZZ.00051
                0x10009d20        0x4 CMakeFiles/projecto_tp.dir/804150199349899753a8711307edc92f/pico-sdk/src/rp2_common/pico_runtime_init/runtime_init.c.obj
                0x10009d20                __pre_init_runtime_init_per_core_bootrom_reset
 .preinit_array.ZZZZZ.00200
                0x10009d24        0x4 CMakeFiles/projecto_tp.dir/804150199349899753a8711307edc92f/pico-sdk/src/rp2_common/pico_runtime_init/runtime_init.c.obj
                0x10009d24                __pre_init_runtime_init_per_core_enable_coprocessors
 .preinit_array.ZZZZZ.01000
                0x10009d28        0x4 CMakeFiles/projecto_tp.dir/804150199349899753a8711307edc92f/pico-sdk/src/rp2_common/hardware_sync_spin_lock/sync_spin_lock.c.obj
                0x10009d28                __pre_init_spinlock_set_extexclall
 .preinit_array.ZZZZZ.01200
                0x10009d2c        0x4 CMakeFiles/projecto_tp.dir/dd8c7786a820e656579efbb0d3f98f54/RTOS_y_arquitecturas/pico-sdk/src/rp2_common/hardware_irq/irq.c.obj
                0x10009d2c                __pre_init_runtime_init_per_core_irq_priorities
 *(.preinit_array)
                0x10009d30                PROVIDE (__preinit_array_end = .)
                0x10009d30                . = ALIGN (0x4)
                0x10009d30                PROVIDE (__init_array_start = .)
 *(SORT_BY_NAME(.init_array.*))
 .init_array.01000
                0x10009d30        0x4 CMakeFiles/projecto_tp.dir/dd8c7786a820e656579efbb0d3f98f54/RTOS_y_arquitecturas/pico-sdk/src/rp2_common/pico_unique_id/unique_id.c.obj
 *(.init_array)
 .init_array    0x10009d34        0x4 c:/progra~2/gnuarm~1/102021~1.10/bin/../lib/gcc/arm-none-eabi/10.3.1/thumb/v8-m.main+fp/softfp/crtbegin.o
 .init_array    0x10009d38        0x4 CMakeFiles/projecto_tp.dir/804150199349899753a8711307edc92f/FreeRTOS-Kernel/portable/ThirdParty/GCC/RP2350_ARM_NTZ/non_secure/port.c.obj
                0x10009d3c                PROVIDE (__init_array_end = .)
                0x10009d3c                . = ALIGN (0x4)
                [!provide]                PROVIDE (__fini_array_start = .)
 *(SORT_BY_NAME(.fini_array.*))
 *(.fini_array)
                [!provide]                PROVIDE (__fini_array_end = .)
 *(.eh_frame*)
 .eh_frame      0x10009d3c        0x0 c:/progra~2/gnuarm~1/102021~1.10/bin/../lib/gcc/arm-none-eabi/10.3.1/thumb/v8-m.main+fp/softfp/crtbegin.o
                0x10009d3c                . = ALIGN (0x4)

.glue_7         0x10009d3c        0x0
 .glue_7        0x10009d3c        0x0 linker stubs

.glue_7t        0x10009d3c        0x0
 .glue_7t       0x10009d3c        0x0 linker stubs

.vfp11_veneer   0x10009d3c        0x0
 .vfp11_veneer  0x10009d3c        0x0 linker stubs

.v4_bx          0x10009d3c        0x0
 .v4_bx         0x10009d3c        0x0 linker stubs

.iplt           0x10009d3c        0x0
 .iplt          0x10009d3c        0x0 c:/progra~2/gnuarm~1/102021~1.10/bin/../lib/gcc/arm-none-eabi/10.3.1/thumb/v8-m.main+fp/softfp/crtbegin.o

.boot2          0x10009d3c        0x0
                0x10009d3c                __boot2_start__ = .
 *(.boot2)
                0x10009d3c                __boot2_end__ = .
                0x00000001                ASSERT (((__boot2_end__ - __boot2_start__) <= 0x100), ERROR: Pico second stage bootloader must be no more than 256 bytes in size)

.rodata         0x10009d40      0x618
 *(EXCLUDE_FILE(*libm.a: *libc.a:*lib_a-mem*.o *libgcc.a:) .rodata*)
 .rodata.main.str1.4
                0x10009d40       0x24 CMakeFiles/projecto_tp.dir/projecto_tpc.c.obj
 .rodata.__bi_37.0
                0x10009d64        0x8 CMakeFiles/projecto_tp.dir/projecto_tpc.c.obj
 .rodata.Enviar_muestras.str1.4
                0x10009d6c       0x3a CMakeFiles/projecto_tp.dir/freertos_task.c.obj
 *fill*         0x10009da6        0x2 
 .rodata.MAX30100_Read_data.str1.4
                0x10009da8       0x5d CMakeFiles/projecto_tp.dir/freertos_task.c.obj
 *fill*         0x10009e05        0x3 
 .rodata.max30100_init_with_interrupts.str1.4
                0x10009e08      0x136 CMakeFiles/projecto_tp.dir/max30100.c.obj
 *fill*         0x10009f3e        0x2 
 .rodata.panic.str1.4
                0x10009f40       0x12 CMakeFiles/projecto_tp.dir/dd8c7786a820e656579efbb0d3f98f54/RTOS_y_arquitecturas/pico-sdk/src/rp2_common/pico_platform_panic/panic.c.obj
 *fill*         0x10009f52        0x2 
 .rodata.spin_lock_claim.str1.4
                0x10009f54       0x1f CMakeFiles/projecto_tp.dir/dd8c7786a820e656579efbb0d3f98f54/RTOS_y_arquitecturas/pico-sdk/src/rp2_common/hardware_sync/sync.c.obj
 *fill*         0x10009f73        0x1 
 .rodata.spin_lock_claim_unused.str1.4
                0x10009f74       0x1b CMakeFiles/projecto_tp.dir/dd8c7786a820e656579efbb0d3f98f54/RTOS_y_arquitecturas/pico-sdk/src/rp2_common/hardware_sync/sync.c.obj
 *fill*         0x10009f8f        0x1 
 .rodata.user_irq_claim_unused.str1.4
                0x10009f90       0x1b CMakeFiles/projecto_tp.dir/dd8c7786a820e656579efbb0d3f98f54/RTOS_y_arquitecturas/pico-sdk/src/rp2_common/hardware_irq/irq.c.obj
 *fill*         0x10009fab        0x1 
 .rodata.timer_hardware_alarm_claim.str1.4
                0x10009fac       0x22 CMakeFiles/projecto_tp.dir/dd8c7786a820e656579efbb0d3f98f54/RTOS_y_arquitecturas/pico-sdk/src/rp2_common/hardware_timer/timer.c.obj
 *fill*         0x10009fce        0x2 
 .rodata.xTimerCreateTimerTask.str1.4
                0x10009fd0       0x10 CMakeFiles/projecto_tp.dir/C_/Users/Bangho/Desktop/Trabajos_material/Especialidad_SEMB/RTOS_y_arquitecturas/FreeRTOS-Kernel/timers.c.obj
 .rodata.multicore_doorbell_claim_unused.str1.4
                0x10009fe0       0x12 CMakeFiles/projecto_tp.dir/dd8c7786a820e656579efbb0d3f98f54/RTOS_y_arquitecturas/pico-sdk/src/rp2_common/pico_multicore/multicore.c.obj
 *fill*         0x10009ff2        0x2 
 .rodata.hard_assertion_failure.str1.4
                0x10009ff4        0xc CMakeFiles/projecto_tp.dir/dd8c7786a820e656579efbb0d3f98f54/RTOS_y_arquitecturas/pico-sdk/src/rp2_common/pico_runtime/runtime.c.obj
 .rodata.str1.4
                0x1000a000       0x40 CMakeFiles/projecto_tp.dir/804150199349899753a8711307edc92f/pico-sdk/src/rp2_common/pico_standard_binary_info/standard_binary_info.c.obj
 .rodata.__bi_26
                0x1000a040        0xc CMakeFiles/projecto_tp.dir/804150199349899753a8711307edc92f/pico-sdk/src/rp2_common/pico_standard_binary_info/standard_binary_info.c.obj
 .rodata.__bi_34
                0x1000a04c        0xc CMakeFiles/projecto_tp.dir/804150199349899753a8711307edc92f/pico-sdk/src/rp2_common/pico_standard_binary_info/standard_binary_info.c.obj
 .rodata.__bi_42