Archive member included to satisfy reference by file (symbol)

c:/progra~2/gnuarm~1/102021~1.10/bin/../lib/gcc/arm-none-eabi/10.3.1/../../../../arm-none-eabi/lib/thumb/v8-m.main+fp/softfp\libm.a(lib_a-wf_sqrt.o)
                              CMakeFiles/projecto_tp.dir/dd8c7786a820e656579efbb0d3f98f54/RTOS_y_arquitecturas/pico-sdk/src/rp2_common/pico_float/float_math.c.obj (sqrtf)
c:/progra~2/gnuarm~1/102021~1.10/bin/../lib/gcc/arm-none-eabi/10.3.1/../../../../arm-none-eabi/lib/thumb/v8-m.main+fp/softfp\libm.a(lib_a-ef_sqrt.o)
                              c:/progra~2/gnuarm~1/102021~1.10/bin/../lib/gcc/arm-none-eabi/10.3.1/../../../../arm-none-eabi/lib/thumb/v8-m.main+fp/softfp\libm.a(lib_a-wf_sqrt.o) (__ieee754_sqrtf)
c:/progra~2/gnuarm~1/102021~1.10/bin/../lib/gcc/arm-none-eabi/10.3.1/thumb/v8-m.main+fp/softfp\libgcc.a(_arm_addsubdf3.o)
                              CMakeFiles/projecto_tp.dir/dd8c7786a820e656579efbb0d3f98f54/RTOS_y_arquitecturas/pico-sdk/src/rp2_common/pico_float/float_math.c.obj (__aeabi_f2d)
c:/progra~2/gnuarm~1/102021~1.10/bin/../lib/gcc/arm-none-eabi/10.3.1/thumb/v8-m.main+fp/softfp\libgcc.a(_aeabi_ldivmod.o)
                              CMakeFiles/projecto_tp.dir/867b3657bfc328e555055c7423ee0319/Especialidad_SEMB/RTOS_y_arquitecturas/pico-sdk/src/common/pico_time/time.c.obj (__aeabi_ldivmod)
c:/progra~2/gnuarm~1/102021~1.10/bin/../lib/gcc/arm-none-eabi/10.3.1/thumb/v8-m.main+fp/softfp\libgcc.a(_aeabi_uldivmod.o)
                              CMakeFiles/projecto_tp.dir/dd8c7786a820e656579efbb0d3f98f54/RTOS_y_arquitecturas/pico-sdk/src/rp2_common/hardware_clocks/clocks.c.obj (__aeabi_uldivmod)
c:/progra~2/gnuarm~1/102021~1.10/bin/../lib/gcc/arm-none-eabi/10.3.1/thumb/v8-m.main+fp/softfp\libgcc.a(_udivmoddi4.o)
                              c:/progra~2/gnuarm~1/102021~1.10/bin/../lib/gcc/arm-none-eabi/10.3.1/thumb/v8-m.main+fp/softfp\libgcc.a(_aeabi_ldivmod.o) (__udivmoddi4)
c:/progra~2/gnuarm~1/102021~1.10/bin/../lib/gcc/arm-none-eabi/10.3.1/thumb/v8-m.main+fp/softfp\libgcc.a(_dvmd_tls.o)
                              c:/progra~2/gnuarm~1/102021~1.10/bin/../lib/gcc/arm-none-eabi/10.3.1/thumb/v8-m.main+fp/softfp\libgcc.a(_aeabi_ldivmod.o) (__aeabi_ldiv0)
c:/progra~2/gnuarm~1/102021~1.10/bin/../lib/gcc/arm-none-eabi/10.3.1/../../../../arm-none-eabi/lib/thumb/v8-m.main+fp/softfp\libg.a(lib_a-calloc.o)
                              CMakeFiles/projecto_tp.dir/dd8c7786a820e656579efbb0d3f98f54/RTOS_y_arquitecturas/pico-sdk/src/rp2_common/pico_malloc/malloc.c.obj (calloc)
c:/progra~2/gnuarm~1/102021~1.10/bin/../lib/gcc/arm-none-eabi/10.3.1/../../../../arm-none-eabi/lib/thumb/v8-m.main+fp/softfp\libg.a(lib_a-callocr.o)
                              c:/progra~2/gnuarm~1/102021~1.10/bin/../lib/gcc/arm-none-eabi/10.3.1/../../../../arm-none-eabi/lib/thumb/v8-m.main+fp/softfp\libg.a(lib_a-calloc.o) (_calloc_r)
c:/progra~2/gnuarm~1/102021~1.10/bin/../lib/gcc/arm-none-eabi/10.3.1/../../../../arm-none-eabi/lib/thumb/v8-m.main+fp/softfp\libg.a(lib_a-errno.o)
                              c:/progra~2/gnuarm~1/102021~1.10/bin/../lib/gcc/arm-none-eabi/10.3.1/../../../../arm-none-eabi/lib/thumb/v8-m.main+fp/softfp\libm.a(lib_a-wf_sqrt.o) (__errno)
c:/progra~2/gnuarm~1/102021~1.10/bin/../lib/gcc/arm-none-eabi/10.3.1/../../../../arm-none-eabi/lib/thumb/v8-m.main+fp/softfp\libg.a(lib_a-impure.o)
                              c:/progra~2/gnuarm~1/102021~1.10/bin/../lib/gcc/arm-none-eabi/10.3.1/../../../../arm-none-eabi/lib/thumb/v8-m.main+fp/softfp\libg.a(lib_a-calloc.o) (_impure_ptr)
c:/progra~2/gnuarm~1/102021~1.10/bin/../lib/gcc/arm-none-eabi/10.3.1/../../../../arm-none-eabi/lib/thumb/v8-m.main+fp/softfp\libg.a(lib_a-init.o)
                              c:/progra~2/gnuarm~1/102021~1.10/bin/../lib/gcc/arm-none-eabi/10.3.1/../../../../arm-none-eabi/lib/thumb/v8-m.main+fp/softfp/crt0.o (__libc_init_array)
c:/progra~2/gnuarm~1/102021~1.10/bin/../lib/gcc/arm-none-eabi/10.3.1/../../../../arm-none-eabi/lib/thumb/v8-m.main+fp/softfp\libg.a(lib_a-lcltime_r.o)
                              CMakeFiles/projecto_tp.dir/dd8c7786a820e656579efbb0d3f98f54/RTOS_y_arquitecturas/pico-sdk/src/common/pico_util/datetime.c.obj (localtime_r)
c:/progra~2/gnuarm~1/102021~1.10/bin/../lib/gcc/arm-none-eabi/10.3.1/../../../../arm-none-eabi/lib/thumb/v8-m.main+fp/softfp\libg.a(lib_a-malloc.o)
                              CMakeFiles/projecto_tp.dir/dd8c7786a820e656579efbb0d3f98f54/RTOS_y_arquitecturas/pico-sdk/src/rp2_common/pico_malloc/malloc.c.obj (malloc)
c:/progra~2/gnuarm~1/102021~1.10/bin/../lib/gcc/arm-none-eabi/10.3.1/../../../../arm-none-eabi/lib/thumb/v8-m.main+fp/softfp\libg.a(lib_a-mallocr.o)
                              c:/progra~2/gnuarm~1/102021~1.10/bin/../lib/gcc/arm-none-eabi/10.3.1/../../../../arm-none-eabi/lib/thumb/v8-m.main+fp/softfp\libg.a(lib_a-callocr.o) (_malloc_r)
[...]
Memory Configuration

Name             Origin             Length             Attributes
FLASH            0x10000000         0x00400000         xr
RAM              0x20000000         0x00080000         xrw
SCRATCH_X        0x20080000         0x00001000         xrw
SCRATCH_Y        0x20081000         0x00001000         xrw
*default*        0x00000000         0xffffffff

Linker script and memory map

LOAD c:/progra~2/gnuarm~1/102021~1.10/bin/../lib/gcc/arm-none-eabi/10.3.1/thumb/v8-m.main+fp/softfp/crti.o
LOAD c:/progra~2/gnuarm~1/102021~1.10/bin/../lib/gcc/arm-none-eabi/10.3.1/thumb/v8-m.main+fp/softfp/crtbegin.o
LOAD c:/progra~2/gnuarm~1/102021~1.10/bin/../lib/gcc/arm-none-eabi/10.3.1/../../../../arm-none-eabi/lib/thumb/v8-m.main+fp/softfp/crt0.o

.flash_begin    0x10000000        0x0
                0x10000000                __flash_binary_start = .

.text           0x10000000     0x9714
                0x10000000                __logical_binary_start = .
 *(.vectors)
 .vectors       0x10000000      0x124 CMakeFiles/projecto_tp.dir/dd8c7786a820e656579efbb0d3f98f54/RTOS_y_arquitecturas/pico-sdk/src/rp2_common/pico_crt0/crt0.S.obj
                0x10000000                __VECTOR_TABLE
                0x10000000                __vectors
                0x10000110                __unhandled_user_irq
                0x10000110                isr_irq49
                0x10000110                isr_irq13
                0x10000110                isr_irq43
                0x10000110                isr_irq45
                0x10000110                isr_irq27
                0x10000110                isr_irq32
                0x10000110                isr_irq31
                0x10000110                isr_irq12
                0x10000110                isr_irq5
                0x10000110                isr_irq11
                0x10000110                isr_irq3
                0x10000110                isr_irq23
                0x10000110                isr_usagefault
                0x10000110                isr_irq48
                0x10000110                isr_irq30
                0x10000110                isr_irq18
                0x10000110                isr_irq50
                0x10000110                isr_irq33
                0x10000110                isr_irq40
                0x10000110                isr_irq28
                0x10000110                isr_irq19
                0x10000110                isr_irq36
                0x10000110                isr_irq41
                0x10000110                isr_irq0
                0x10000110                isr_irq6
                0x10000110                isr_irq26
                0x10000110                isr_irq29
                0x10000110                isr_memmanage
                0x10000110                isr_irq37
                0x10000110                isr_irq42
                0x10000110                isr_irq22
                0x10000110                isr_irq35
                0x10000110                isr_irq17
                0x10000110                isr_irq38
                0x10000110                isr_irq14
                0x10000110                __vectors_end
                0x10000110                __default_isrs_start
                0x10000110                isr_irq2
                0x10000110                isr_irq10
                0x10000110                isr_irq8
                0x10000110                isr_debugmonitor
                0x10000110                isr_irq24
                0x10000110                isr_irq46
                0x10000110                isr_irq1
                0x10000110                isr_irq47
                0x10000110                isr_irq51
                0x10000110                isr_irq7
                0x10000110                isr_irq21
                0x10000110                isr_irq39
                0x10000110                isr_irq20
                0x10000110                isr_irq15
                0x10000110                isr_irq25
                0x10000110                isr_irq34
                0x10000110                isr_irq44
                0x10000110                isr_securefault
                0x10000110                isr_irq4
                0x10000110                isr_busfault
                0x10000110                isr_irq16
                0x10000110                isr_irq9
                0x10000116                unhandled_user_irq_num_in_r0
                0x10000118                isr_invalid
                0x1000011a                isr_nmi
                0x1000011c                isr_hardfault
                0x1000011e                isr_svcall
                0x10000120                isr_pendsv
                0x10000122                isr_systick
                0x10000124                __default_isrs_end
 *(.binary_info_header)
 .binary_info_header
                0x10000124       0x14 CMakeFiles/projecto_tp.dir/dd8c7786a820e656579efbb0d3f98f54/RTOS_y_arquitecturas/pico-sdk/src/rp2_common/pico_crt0/crt0.S.obj
                0x10000138                __binary_info_header_end = .
 *(.embedded_block)
 .embedded_block
                0x10000138       0x14 CMakeFiles/projecto_tp.dir/dd8c7786a820e656579efbb0d3f98f54/RTOS_y_arquitecturas/pico-sdk/src/rp2_common/pico_crt0/crt0.S.obj
                0x1000014c                __embedded_block_end = .
 *(.reset)
 .reset         0x1000014c       0x98 CMakeFiles/projecto_tp.dir/dd8c7786a820e656579efbb0d3f98f54/RTOS_y_arquitecturas/pico-sdk/src/rp2_common/pico_crt0/crt0.S.obj
                0x1000014c                _entry_point
 *(.init)
 .init          0x100001e4        0x4 c:/progra~2/gnuarm~1/102021~1.10/bin/../lib/gcc/arm-none-eabi/10.3.1/thumb/v8-m.main+fp/softfp/crti.o
                0x100001e4                _init
 *libgcc.a:cmse_nonsecure_call.o()
 *(EXCLUDE_FILE(*libm.a: *libc.a:*lib_a-mem*.o *libgcc.a:) .text*)
 .text          0x100001e8       0x40 c:/progra~2/gnuarm~1/102021~1.10/bin/../lib/gcc/arm-none-eabi/10.3.1/thumb/v8-m.main+fp/softfp/crtbegin.o
 .text.Filtrar_muestras
                0x10000228       0x34 CMakeFiles/projecto_tp.dir/projecto_tpc.c.obj
                0x10000228                Filtrar_muestras
 .text.max30100_read_fifo_data
                0x1000025c       0x8c CMakeFiles/projecto_tp.dir/projecto_tpc.c.obj
                0x1000025c                max30100_read_fifo_data
 .text.gpio_check
                0x100002e8       0x60 CMakeFiles/projecto_tp.dir/projecto_tpc.c.obj
                0x100002e8                gpio_check
 .text.init_queues_and_stuff
                0x10000348       0x60 CMakeFiles/projecto_tp.dir/projecto_tpc.c.obj
                0x10000348                init_queues_and_stuff
 .text.max30100_init_with_interrupts
                0x100003a8      0x220 CMakeFiles/projecto_tp.dir/projecto_tpc.c.obj
                0x100003a8                max30100_init_with_interrupts
 .text.startup.main
                0x100005c8       0xc0 CMakeFiles/projecto_tp.dir/projecto_tpc.c.obj
                0x100005c8                main
 .text.gpio_set_function
                0x10000688       0x3c CMakeFiles/projecto_tp.dir/dd8c7786a820e656579efbb0d3f98f54/RTOS_y_arquitecturas/pico-sdk/src/rp2_common/hardware_gpio/gpio.c.obj
                0x10000688                gpio_set_function
 .text.gpio_set_pulls
                0x100006c4       0x34 CMakeFiles/projecto_tp.dir/dd8c7786a820e656579efbb0d3f98f54/RTOS_y_arquitecturas/pico-sdk/src/rp2_common/hardware_gpio/gpio.c.obj
                0x100006c4                gpio_set_pulls
 .text.gpio_init
                0x100006f8       0x44 CMakeFiles/projecto_tp.dir/dd8c7786a820e656579efbb0d3f98f54/RTOS_y_arquitecturas/pico-sdk/src/rp2_common/hardware_gpio/gpio.c.obj
                0x100006f8                gpio_init
 .text.panic    0x1000073c       0x30 CMakeFiles/projecto_tp.dir/dd8c7786a820e656579efbb0d3f98f54/RTOS_y_arquitecturas/pico-sdk/src/rp2_common/pico_platform_panic/panic.c.obj
                0x1000073c                panic
 .text.hw_claim_lock
                0x1000076c       0x24 CMakeFiles/projecto_tp.dir/dd8c7786a820e656579efbb0d3f98f54/RTOS_y_arquitecturas/pico-sdk/src/common/hardware_claim/claim.c.obj
                0x1000076c                hw_claim_lock
 .text.hw_claim_unlock
                0x10000790       0x14 CMakeFiles/projecto_tp.dir/dd8c7786a820e656579efbb0d3f98f54/RTOS_y_arquitecturas/pico-sdk/src/common/hardware_claim/claim.c.obj
                0x10000790                hw_claim_unlock
 .text.hw_claim_or_assert
                0x100007a4       0x5c CMakeFiles/projecto_tp.dir/dd8c7786a820e656579efbb0d3f98f54/RTOS_y_arquitecturas/pico-sdk/src/common/hardware_claim/claim.c.obj
                0x100007a4                hw_claim_or_assert
 .text.hw_claim_unused_from_range
                0x10000800       0x9c CMakeFiles/projecto_tp.dir/dd8c7786a820e656579efbb0d3f98f54/RTOS_y_arquitecturas/pico-sdk/src/common/hardware_claim/claim.c.obj
                0x10000800                hw_claim_unused_from_range
 .text.next_striped_spin_lock_num
                0x1000089c       0x18 CMakeFiles/projecto_tp.dir/dd8c7786a820e656579efbb0d3f98f54/RTOS_y_arquitecturas/pico-sdk/src/rp2_common/hardware_sync/sync.c.obj
                0x1000089c                next_striped_spin_lock_num
 .text.spin_lock_claim
                0x100008b4       0x14 CMakeFiles/projecto_tp.dir/dd8c7786a820e656579efbb0d3f98f54/RTOS_y_arquitecturas/pico-sdk/src/rp2_common/hardware_sync/sync.c.obj
                0x100008b4                spin_lock_claim
 .text.spin_lock_claim_unused
                0x100008c8       0x20 CMakeFiles/projecto_tp.dir/dd8c7786a820e656579efbb0d3f98f54/RTOS_y_arquitecturas/pico-sdk/src/rp2_common/hardware_sync/sync.c.obj
                0x100008c8                spin_lock_claim_unused
 .text.spinlock_set_extexclall
                0x100008e8       0x10 CMakeFiles/projecto_tp.dir/804150199349899753a8711307edc92f/pico-sdk/src/rp2_common/hardware_sync_spin_lock/sync_spin_lock.c.obj
 .text.spin_locks_reset
                0x100008f8       0x18 CMakeFiles/projecto_tp.dir/804150199349899753a8711307edc92f/pico-sdk/src/rp2_common/hardware_sync_spin_lock/sync_spin_lock.c.obj
                0x100008f8                spin_locks_reset
 .text.runtime_init_per_core_irq_priorities
                0x10000910       0x40 CMakeFiles/projecto_tp.dir/dd8c7786a820e656579efbb0d3f98f54/RTOS_y_arquitecturas/pico-sdk/src/rp2_common/hardware_irq/irq.c.obj
                0x10000910                runtime_init_per_core_irq_priorities
 .text.irq_set_enabled
                0x10000950       0x2c CMakeFiles/projecto_tp.dir/dd8c7786a820e656579efbb0d3f98f54/RTOS_y_arquitecturas/pico-sdk/src/rp2_common/hardware_irq/irq.c.obj
                0x10000950                irq_set_enabled
 .text.irq_is_enabled
                0x1000097c       0x20 CMakeFiles/projecto_tp.dir/dd8c7786a820e656579efbb0d3f98f54/RTOS_y_arquitecturas/pico-sdk/src/rp2_common/hardware_irq/irq.c.obj
                0x1000097c                irq_is_enabled
 .text.irq_set_pending
                0x1000099c       0x1c CMakeFiles/projecto_tp.dir/dd8c7786a820e656579efbb0d3f98f54/RTOS_y_arquitecturas/pico-sdk/src/rp2_common/hardware_irq/irq.c.obj
                0x1000099c                irq_set_pending
 .text.irq_has_shared_handler
                0x100009b8       0x20 CMakeFiles/projecto_tp.dir/dd8c7786a820e656579efbb0d3f98f54/RTOS_y_arquitecturas/pico-sdk/src/rp2_common/hardware_irq/irq.c.obj
                0x100009b8                irq_has_shared_handler
 .text.irq_set_exclusive_handler
                0x100009d8       0x60 CMakeFiles/projecto_tp.dir/dd8c7786a820e656579efbb0d3f98f54/RTOS_y_arquitecturas/pico-sdk/src/rp2_common/hardware_irq/irq.c.obj
                0x100009d8                irq_set_exclusive_handler
 .text.irq_add_shared_handler
                0x10000a38      0x1e8 CMakeFiles/projecto_tp.dir/dd8c7786a820e656579efbb0d3f98f54/RTOS_y_arquitecturas/pico-sdk/src/rp2_common/hardware_irq/irq.c.obj
                0x10000a38                irq_add_shared_handler
 .text.irq_set_priority
                0x10000c20       0x28 CMakeFiles/projecto_tp.dir/dd8c7786a820e656579efbb0d3f98f54/RTOS_y_arquitecturas/pico-sdk/src/rp2_common/hardware_irq/irq.c.obj
                0x10000c20                irq_set_priority
 .text.irq_add_tail_to_free_list
                0x10000c48       0xbc CMakeFiles/projecto_tp.dir/dd8c7786a820e656579efbb0d3f98f54/RTOS_y_arquitecturas/pico-sdk/src/rp2_common/hardware_irq/irq.c.obj
                0x10000c48                irq_add_tail_to_free_list
 .text.user_irq_claim_unused
                0x10000d04       0x28 CMakeFiles/projecto_tp.dir/dd8c7786a820e656579efbb0d3f98f54/RTOS_y_arquitecturas/pico-sdk/src/rp2_common/hardware_irq/irq.c.obj
                0x10000d04                user_irq_claim_unused
 .text.lock_init
                0x10000d2c        0xc CMakeFiles/projecto_tp.dir/dd8c7786a820e656579efbb0d3f98f54/RTOS_y_arquitecturas/pico-sdk/src/common/pico_sync/lock_core.c.obj
                0x10000d2c                lock_init
 .text.runtime_init_mutex
                0x10000d38       0x64 CMakeFiles/projecto_tp.dir/dd8c7786a820e656579efbb0d3f98f54/RTOS_y_arquitecturas/pico-sdk/src/common/pico_sync/mutex.c.obj
                0x10000d38                runtime_init_mutex
 .text.mutex_init
                0x10000d9c       0x1c CMakeFiles/projecto_tp.dir/dd8c7786a820e656579efbb0d3f98f54/RTOS_y_arquitecturas/pico-sdk/src/common/pico_sync/mutex.c.obj
                0x10000d9c                mutex_init
 .text.critical_section_init
                0x10000db8       0x1c CMakeFiles/projecto_tp.dir/dd8c7786a820e656579efbb0d3f98f54/RTOS_y_arquitecturas/pico-sdk/src/common/pico_sync/critical_section.c.obj
                0x10000db8                critical_section_init
 .text.critical_section_init_with_lock_num
                0x10000dd4       0x10 CMakeFiles/projecto_tp.dir/dd8c7786a820e656579efbb0d3f98f54/RTOS_y_arquitecturas/pico-sdk/src/common/pico_sync/critical_section.c.obj
                0x10000dd4                critical_section_init_with_lock_num
 *fill*         0x10000de4        0x4 
 .text.alarm_pool_irq_handler
                0x10000de8      0x300 CMakeFiles/projecto_tp.dir/867b3657bfc328e555055c7423ee0319/Especialidad_SEMB/RTOS_y_arquitecturas/pico-sdk/src/common/pico_time/time.c.obj
 .text.sleep_until_callback
                0x100010e8       0x34 CMakeFiles/projecto_tp.dir/867b3657bfc328e555055c7423ee0319/Especialidad_SEMB/RTOS_y_arquitecturas/pico-sdk/src/common/pico_time/time.c.obj
 .text.runtime_init_default_alarm_pool
                0x1000111c      0x100 CMakeFiles/projecto_tp.dir/867b3657bfc328e555055c7423ee0319/Especialidad_SEMB/RTOS_y_arquitecturas/pico-sdk/src/common/pico_time/time.c.obj
                0x1000111c                runtime_init_default_alarm_pool
 .text.alarm_pool_get_default
                0x1000121c        0x8 CMakeFiles/projecto_tp.dir/867b3657bfc328e555055c7423ee0319/Especialidad_SEMB/RTOS_y_arquitecturas/pico-sdk/src/common/pico_time/time.c.obj
                0x1000121c                alarm_pool_get_default
 .text.alarm_pool_add_alarm_at
                0x10001224       0xdc CMakeFiles/projecto_tp.dir/867b3657bfc328e555055c7423ee0319/Especialidad_SEMB/RTOS_y_arquitecturas/pico-sdk/src/common/pico_time/time.c.obj
                0x10001224                alarm_pool_add_alarm_at
 .text.alarm_pool_add_alarm_at_force_in_context
                0x10001300       0xc4 CMakeFiles/projecto_tp.dir/867b3657bfc328e555055c7423ee0319/Especialidad_SEMB/RTOS_y_arquitecturas/pico-sdk/src/common/pico_time/time.c.obj
                0x10001300                alarm_pool_add_alarm_at_force_in_context
 .text.alarm_pool_cancel_alarm
                0x100013c4       0x80 CMakeFiles/projecto_tp.dir/867b3657bfc328e555055c7423ee0319/Especialidad_SEMB/RTOS_y_arquitecturas/pico-sdk/src/common/pico_time/time.c.obj
                0x100013c4                alarm_pool_cancel_alarm
 .text.alarm_pool_core_num
                0x10001444        0x4 CMakeFiles/projecto_tp.dir/867b3657bfc328e555055c7423ee0319/Especialidad_SEMB/RTOS_y_arquitecturas/pico-sdk/src/common/pico_time/time.c.obj
                0x10001444                alarm_pool_core_num
 .text.sleep_until
                0x10001448       0xb8 CMakeFiles/projecto_tp.dir/867b3657bfc328e555055c7423ee0319/Especialidad_SEMB/RTOS_y_arquitecturas/pico-sdk/src/common/pico_time/time.c.obj
                0x10001448                sleep_until
 .text.sleep_ms
                0x10001500       0x24 CMakeFiles/projecto_tp.dir/867b3657bfc328e555055c7423ee0319/Especialidad_SEMB/RTOS_y_arquitecturas/pico-sdk/src/common/pico_time/time.c.obj
                0x10001500                sleep_ms
 .text.best_effort_wfe_or_timeout
                0x10001524       0xdc CMakeFiles/projecto_tp.dir/867b3657bfc328e555055c7423ee0319/Especialidad_SEMB/RTOS_y_arquitecturas/pico-sdk/src/common/pico_time/time.c.obj
                0x10001524                best_effort_wfe_or_timeout
 .text.timer_hardware_alarm_claim
                0x10001600       0x24 CMakeFiles/projecto_tp.dir/dd8c7786a820e656579efbb0d3f98f54/RTOS_y_arquitecturas/pico-sdk/src/rp2_common/hardware_timer/timer.c.obj
                0x10001600                timer_hardware_alarm_claim
 .text.timer_time_us_64
                0x10001624       0x10 CMakeFiles/projecto_tp.dir/dd8c7786a820e656579efbb0d3f98f54/RTOS_y_arquitecturas/pico-sdk/src/rp2_common/hardware_timer/timer.c.obj
                0x10001624                timer_time_us_64
 .text.time_us_64
                0x10001634       0x14 CMakeFiles/projecto_tp.dir/dd8c7786a820e656579efbb0d3f98f54/RTOS_y_arquitecturas/pico-sdk/src/rp2_common/hardware_timer/timer.c.obj
                0x10001634                time_us_64
 .text.busy_wait_until
                0x10001648       0x24 CMakeFiles/projecto_tp.dir/dd8c7786a820e656579efbb0d3f98f54/RTOS_y_arquitecturas/pico-sdk/src/rp2_common/hardware_timer/timer.c.obj
                0x10001648                busy_wait_until
 .text.i2c_read_blocking_internal.constprop.0
                0x1000166c       0x88 CMakeFiles/projecto_tp.dir/dd8c7786a820e656579efbb0d3f98f54/RTOS_y_arquitecturas/pico-sdk/src/rp2_common/hardware_i2c/i2c.c.obj
 .text.i2c_write_blocking_internal.constprop.0
                0x100016f4       0xb8 CMakeFiles/projecto_tp.dir/dd8c7786a820e656579efbb0d3f98f54/RTOS_y_arquitecturas/pico-sdk/src/rp2_common/hardware_i2c/i2c.c.obj
 .text.i2c_set_baudrate
                0x100017ac       0xa8 CMakeFiles/projecto_tp.dir/dd8c7786a820e656579efbb0d3f98f54/RTOS_y_arquitecturas/pico-sdk/src/rp2_common/hardware_i2c/i2c.c.obj
                0x100017ac                i2c_set_baudrate
 .text.i2c_init
                0x10001854       0x4c CMakeFiles/projecto_tp.dir/dd8c7786a820e656579efbb0d3f98f54/RTOS_y_arquitecturas/pico-sdk/src/rp2_common/hardware_i2c/i2c.c.obj
                0x10001854                i2c_init
 .text.i2c_write_blocking
                0x100018a0       0x10 CMakeFiles/projecto_tp.dir/dd8c7786a820e656579efbb0d3f98f54/RTOS_y_arquitecturas/pico-sdk/src/rp2_common/hardware_i2c/i2c.c.obj
                0x100018a0                i2c_write_blocking
 .text.i2c_read_blocking
                0x100018b0       0x10 CMakeFiles/projecto_tp.dir/dd8c7786a820e656579efbb0d3f98f54/RTOS_y_arquitecturas/pico-sdk/src/rp2_common/hardware_i2c/i2c.c.obj
                0x100018b0                i2c_read_blocking
 .text.clock_configure_undivided
                0x100018c0       0xd0 CMakeFiles/projecto_tp.dir/dd8c7786a820e656579efbb0d3f98f54/RTOS_y_arquitecturas/pico-sdk/src/rp2_common/hardware_clocks/clocks.c.obj
                0x100018c0                clock_configure_undivided
 .text.clock_get_hz
                0x10001990        0xc CMakeFiles/projecto_tp.dir/dd8c7786a820e656579efbb0d3f98f54/RTOS_y_arquitecturas/pico-sdk/src/rp2_common/hardware_clocks/clocks.c.obj
                0x10001990                clock_get_hz
 .text.pll_init
                0x1000199c       0x8c CMakeFiles/projecto_tp.dir/dd8c7786a820e656579efbb0d3f98f54/RTOS_y_arquitecturas/pico-sdk/src/rp2_common/hardware_pll/pll.c.obj
                0x1000199c                pll_init
 .text.watchdog_reboot
                0x10001a28       0x9c CMakeFiles/projecto_tp.dir/dd8c7786a820e656579efbb0d3f98f54/RTOS_y_arquitecturas/pico-sdk/src/rp2_common/hardware_watchdog/watchdog.c.obj
                0x10001a28                watchdog_reboot
 .text.tick_start
                0x10001ac4       0x18 CMakeFiles/projecto_tp.dir/dd8c7786a820e656579efbb0d3f98f54/RTOS_y_arquitecturas/pico-sdk/src/rp2_common/hardware_ticks/ticks.c.obj
                0x10001ac4                tick_start
 .text.rom_reboot.constprop.0.isra.0
                0x10001adc       0x38 CMakeFiles/projecto_tp.dir/dd8c7786a820e656579efbb0d3f98f54/RTOS_y_arquitecturas/pico-sdk/src/rp2_common/pico_bootrom/bootrom.c.obj
 .text.rom_func_lookup
                0x10001b14       0x18 CMakeFiles/projecto_tp.dir/dd8c7786a820e656579efbb0d3f98f54/RTOS_y_arquitecturas/pico-sdk/src/rp2_common/pico_bootrom/bootrom.c.obj
                0x10001b14                rom_func_lookup
 .text.rom_reset_usb_boot_extra
                0x10001b2c       0x1c CMakeFiles/projecto_tp.dir/dd8c7786a820e656579efbb0d3f98f54/RTOS_y_arquitecturas/pico-sdk/src/rp2_common/pico_bootrom/bootrom.c.obj
                0x10001b2c                rom_reset_usb_boot_extra
 .text.runtime_init_bootrom_locking_enable
                0x10001b48       0x14 CMakeFiles/projecto_tp.dir/dd8c7786a820e656579efbb0d3f98f54/RTOS_y_arquitecturas/pico-sdk/src/rp2_common/pico_bootrom/bootrom_lock.c.obj
                0x10001b48                runtime_init_bootrom_locking_enable
 .text.runtime_init_boot_locks_reset
                0x10001b5c       0x1c CMakeFiles/projecto_tp.dir/dd8c7786a820e656579efbb0d3f98f54/RTOS_y_arquitecturas/pico-sdk/src/rp2_common/hardware_boot_lock/boot_lock.c.obj
                0x10001b5c                runtime_init_boot_locks_reset
 .text.xosc_init
                0x10001b78       0x30 CMakeFiles/projecto_tp.dir/dd8c7786a820e656579efbb0d3f98f54/RTOS_y_arquitecturas/pico-sdk/src/rp2_common/hardware_xosc/xosc.c.obj
                0x10001b78                xosc_init
 .text.pvPortMalloc
                0x10001ba8      0x108 CMakeFiles/projecto_tp.dir/dd8c7786a820e656579efbb0d3f98f54/RTOS_y_arquitecturas/FreeRTOS-Kernel/portable/MemMang/heap_4.c.obj
                0x10001ba8                pvPortMalloc
 .text.vPortFree
                0x10001cb0       0x94 CMakeFiles/projecto_tp.dir/dd8c7786a820e656579efbb0d3f98f54/RTOS_y_arquitecturas/FreeRTOS-Kernel/portable/MemMang/heap_4.c.obj
                0x10001cb0                vPortFree
 .text.prvDoorbellInterruptHandler
                0x10001d44       0x30 CMakeFiles/projecto_tp.dir/804150199349899753a8711307edc92f/FreeRTOS-Kernel/portable/ThirdParty/GCC/RP2350_ARM_NTZ/non_secure/port.c.obj
 .text.prvTaskExitError
                0x10001d74       0x18 CMakeFiles/projecto_tp.dir/804150199349899753a8711307edc92f/FreeRTOS-Kernel/portable/ThirdParty/GCC/RP2350_ARM_NTZ/non_secure/port.c.obj
 .text.SysTick_Handler
                0x10001d8c       0x24 CMakeFiles/projecto_tp.dir/804150199349899753a8711307edc92f/FreeRTOS-Kernel/portable/ThirdParty/GCC/RP2350_ARM_NTZ/non_secure/port.c.obj
                0x10001d8c                SysTick_Handler
 .text.vPortSetupTimerInterrupt
                0x10001db0       0x2c CMakeFiles/projecto_tp.dir/804150199349899753a8711307edc92f/FreeRTOS-Kernel/portable/ThirdParty/GCC/RP2350_ARM_NTZ/non_secure/port.c.obj
                0x10001db0                vPortSetupTimerInterrupt
 .text.xPortStartSchedulerOnCore.isra.0
                0x10001ddc      0x10c CMakeFiles/projecto_tp.dir/804150199349899753a8711307edc92f/FreeRTOS-Kernel/portable/ThirdParty/GCC/RP2350_ARM_NTZ/non_secure/port.c.obj
 .text.prvDisableInterruptsAndPortStartSchedulerOnCore
                0x10001ee8       0x10 CMakeFiles/projecto_tp.dir/804150199349899753a8711307edc92f/FreeRTOS-Kernel/portable/ThirdParty/GCC/RP2350_ARM_NTZ/non_secure/port.c.obj
 .text.vPortYield
                0x10001ef8       0x18 CMakeFiles/projecto_tp.dir/804150199349899753a8711307edc92f/FreeRTOS-Kernel/portable/ThirdParty/GCC/RP2350_ARM_NTZ/non_secure/port.c.obj
                0x10001ef8                vPortYield
 .text.vPortSVCHandler_C
                0x10001f10       0x2c CMakeFiles/projecto_tp.dir/804150199349899753a8711307edc92f/FreeRTOS-Kernel/portable/ThirdParty/GCC/RP2350_ARM_NTZ/non_secure/port.c.obj
                0x10001f10                vPortSVCHandler_C
 .text.pxPortInitialiseStack
                0x10001f3c       0x7c CMakeFiles/projecto_tp.dir/804150199349899753a8711307edc92f/FreeRTOS-Kernel/portable/ThirdParty/GCC/RP2350_ARM_NTZ/non_secure/port.c.obj
                0x10001f3c                pxPortInitialiseStack
 .text.xPortStartScheduler
                0x10001fb8       0x50 CMakeFiles/projecto_tp.dir/804150199349899753a8711307edc92f/FreeRTOS-Kernel/portable/ThirdParty/GCC/RP2350_ARM_NTZ/non_secure/port.c.obj
                0x10001fb8                xPortStartScheduler
 .text.vPortValidateInterruptPriority
                0x10002008       0x14 CMakeFiles/projecto_tp.dir/804150199349899753a8711307edc92f/FreeRTOS-Kernel/portable/ThirdParty/GCC/RP2350_ARM_NTZ/non_secure/port.c.obj
                0x10002008                vPortValidateInterruptPriority
 .text.ulPortLockGetCurrentOwnerId
                0x1000201c       0x2c CMakeFiles/projecto_tp.dir/804150199349899753a8711307edc92f/FreeRTOS-Kernel/portable/ThirdParty/GCC/RP2350_ARM_NTZ/non_secure/port.c.obj
                0x1000201c                ulPortLockGetCurrentOwnerId
 .text.vPortLockInternalSpinUnlockWithWait
                0x10002048       0x68 CMakeFiles/projecto_tp.dir/804150199349899753a8711307edc92f/FreeRTOS-Kernel/portable/ThirdParty/GCC/RP2350_ARM_NTZ/non_secure/port.c.obj
                0x10002048                vPortLockInternalSpinUnlockWithWait
 .text.vPortLockInternalSpinUnlockWithNotify
                0x100020b0       0x94 CMakeFiles/projecto_tp.dir/804150199349899753a8711307edc92f/FreeRTOS-Kernel/portable/ThirdParty/GCC/RP2350_ARM_NTZ/non_secure/port.c.obj
                0x100020b0                vPortLockInternalSpinUnlockWithNotify
 .text.xPortLockInternalSpinUnlockWithBestEffortWaitOrTimeout
                0x10002144       0xec CMakeFiles/projecto_tp.dir/804150199349899753a8711307edc92f/FreeRTOS-Kernel/portable/ThirdParty/GCC/RP2350_ARM_NTZ/non_secure/port.c.obj
                0x10002144                xPortLockInternalSpinUnlockWithBestEffortWaitOrTimeout
 .text.startup.prvRuntimeInitializer
                0x10002230       0x10 CMakeFiles/projecto_tp.dir/804150199349899753a8711307edc92f/FreeRTOS-Kernel/portable/ThirdParty/GCC/RP2350_ARM_NTZ/non_secure/port.c.obj
 .text.vYieldCore
                0x10002240       0x18 CMakeFiles/projecto_tp.dir/804150199349899753a8711307edc92f/FreeRTOS-Kernel/portable/ThirdParty/GCC/RP2350_ARM_NTZ/non_secure/port.c.obj
                0x10002240                vYieldCore
 *fill*         0x10002258        0x8 
 .text.vRestoreContextOfFirstTask
                0x10002260       0x38 CMakeFiles/projecto_tp.dir/804150199349899753a8711307edc92f/FreeRTOS-Kernel/portable/ThirdParty/GCC/RP2350_ARM_NTZ/non_secure/portasm.c.obj
                0x10002260                vRestoreContextOfFirstTask
 .text.vStartFirstTask
                0x10002298       0x10 CMakeFiles/projecto_tp.dir/804150199349899753a8711307edc92f/FreeRTOS-Kernel/portable/ThirdParty/GCC/RP2350_ARM_NTZ/non_secure/portasm.c.obj
                0x10002298                vStartFirstTask
 .text.ulSetInterruptMask
                0x100022a8       0x18 CMakeFiles/projecto_tp.dir/804150199349899753a8711307edc92f/FreeRTOS-Kernel/portable/ThirdParty/GCC/RP2350_ARM_NTZ/non_secure/portasm.c.obj
                0x100022a8                ulSetInterruptMask
 .text.vClearInterruptMask
                0x100022c0       0x10 CMakeFiles/projecto_tp.dir/804150199349899753a8711307edc92f/FreeRTOS-Kernel/portable/ThirdParty/GCC/RP2350_ARM_NTZ/non_secure/portasm.c.obj
                0x100022c0                vClearInterruptMask
 .text.PendSV_Handler
                0x100022d0       0x98 CMakeFiles/projecto_tp.dir/804150199349899753a8711307edc92f/FreeRTOS-Kernel/portable/ThirdParty/GCC/RP2350_ARM_NTZ/non_secure/portasm.c.obj
                0x100022d0                PendSV_Handler
 .text.SVC_Handler
                0x10002368       0x18 CMakeFiles/projecto_tp.dir/804150199349899753a8711307edc92f/FreeRTOS-Kernel/portable/ThirdParty/GCC/RP2350_ARM_NTZ/non_secure/portasm.c.obj
                0x10002368                SVC_Handler
 .text.vEventGroupSetBitsCallback
                0x10002380       0x64 CMakeFiles/projecto_tp.dir/867b3657bfc328e555055c7423ee0319/Especialidad_SEMB/RTOS_y_arquitecturas/FreeRTOS-Kernel/event_groups.c.obj
                0x10002380                vEventGroupSetBitsCallback
 .text.xEventGroupCreate
                0x100023e4       0x1c CMakeFiles/projecto_tp.dir/867b3657bfc328e555055c7423ee0319/Especialidad_SEMB/RTOS_y_arquitecturas/FreeRTOS-Kernel/event_groups.c.obj
                0x100023e4                xEventGroupCreate
 .text.xEventGroupWaitBits
                0x10002400       0xb4 CMakeFiles/projecto_tp.dir/867b3657bfc328e555055c7423ee0319/Especialidad_SEMB/RTOS_y_arquitecturas/FreeRTOS-Kernel/event_groups.c.obj
                0x10002400                xEventGroupWaitBits
 .text.xEventGroupSetBits
                0x100024b4       0x68 CMakeFiles/projecto_tp.dir/867b3657bfc328e555055c7423ee0319/Especialidad_SEMB/RTOS_y_arquitecturas/FreeRTOS-Kernel/event_groups.c.obj
                0x100024b4                xEventGroupSetBits
 .text.xEventGroupSetBitsFromISR
                0x1000251c       0x1c CMakeFiles/projecto_tp.dir/867b3657bfc328e555055c7423ee0319/Especialidad_SEMB/RTOS_y_arquitecturas/FreeRTOS-Kernel/event_groups.c.obj
                0x1000251c                xEventGroupSetBitsFromISR
 .text.vListInitialise
                0x10002538       0x18 CMakeFiles/projecto_tp.dir/C_/Users/Bangho/Desktop/Trabajos_material/Especialidad_SEMB/RTOS_y_arquitecturas/FreeRTOS-Kernel/list.c.obj
                0x10002538                vListInitialise
 .text.vListInitialiseItem
                0x10002550        0x8 CMakeFiles/projecto_tp.dir/C_/Users/Bangho/Desktop/Trabajos_material/Especialidad_SEMB/RTOS_y_arquitecturas/FreeRTOS-Kernel/list.c.obj
                0x10002550                vListInitialiseItem
 .text.vListInsertEnd
                0x10002558       0x20 CMakeFiles/projecto_tp.dir/C_/Users/Bangho/Desktop/Trabajos_material/Especialidad_SEMB/RTOS_y_arquitecturas/FreeRTOS-Kernel/list.c.obj
                0x10002558                vListInsertEnd
 .text.vListInsert
                0x10002578       0x30 CMakeFiles/projecto_tp.dir/C_/Users/Bangho/Desktop/Trabajos_material/Especialidad_SEMB/RTOS_y_arquitecturas/FreeRTOS-Kernel/list.c.obj
                0x10002578                vListInsert
 .text.uxListRemove
                0x100025a8       0x28 CMakeFiles/projecto_tp.dir/C_/Users/Bangho/Desktop/Trabajos_material/Especialidad_SEMB/RTOS_y_arquitecturas/FreeRTOS-Kernel/list.c.obj
                0x100025a8                uxListRemove
 .text.prvCopyDataToQueue
                0x100025d0       0x70 CMakeFiles/projecto_tp.dir/C_/Users/Bangho/Desktop/Trabajos_material/Especialidad_SEMB/RTOS_y_arquitecturas/FreeRTOS-Kernel/queue.c.obj
 .text.prvUnlockQueue
                0x10002640      0x140 CMakeFiles/projecto_tp.dir/C_/Users/Bangho/Desktop/Trabajos_material/Especialidad_SEMB/RTOS_y_arquitecturas/FreeRTOS-Kernel/queue.c.obj
 .text.prvNotifyQueueSetContainer
                0x10002780       0x8c CMakeFiles/projecto_tp.dir/C_/Users/Bangho/Desktop/Trabajos_material/Especialidad_SEMB/RTOS_y_arquitecturas/FreeRTOS-Kernel/queue.c.obj
 .text.xQueueGenericCreate
                0x1000280c       0x80 CMakeFiles/projecto_tp.dir/C_/Users/Bangho/Desktop/Trabajos_material/Especialidad_SEMB/RTOS_y_arquitecturas/FreeRTOS-Kernel/queue.c.obj
                0x1000280c                xQueueGenericCreate
 .text.xQueueGenericSend
                0x1000288c      0x120 CMakeFiles/projecto_tp.dir/C_/Users/Bangho/Desktop/Trabajos_material/Especialidad_SEMB/RTOS_y_arquitecturas/FreeRTOS-Kernel/queue.c.obj
                0x1000288c                xQueueGenericSend
 .text.xQueueGenericSendFromISR
                0x100029ac       0xac CMakeFiles/projecto_tp.dir/C_/Users/Bangho/Desktop/Trabajos_material/Especialidad_SEMB/RTOS_y_arquitecturas/FreeRTOS-Kernel/queue.c.obj
                0x100029ac                xQueueGenericSendFromISR
 .text.xQueueReceive
                0x10002a58      0x104 CMakeFiles/projecto_tp.dir/C_/Users/Bangho/Desktop/Trabajos_material/Especialidad_SEMB/RTOS_y_arquitecturas/FreeRTOS-Kernel/queue.c.obj
                0x10002a58                xQueueReceive
 .text.vQueueAddToRegistry
                0x10002b5c      0x120 CMakeFiles/projecto_tp.dir/C_/Users/Bangho/Desktop/Trabajos_material/Especialidad_SEMB/RTOS_y_arquitecturas/FreeRTOS-Kernel/queue.c.obj
                0x10002b5c                vQueueAddToRegistry
 .text.vQueueWaitForMessageRestricted
                0x10002c7c       0x50 CMakeFiles/projecto_tp.dir/C_/Users/Bangho/Desktop/Trabajos_material/Especialidad_SEMB/RTOS_y_arquitecturas/FreeRTOS-Kernel/queue.c.obj
                0x10002c7c                vQueueWaitForMessageRestricted
 .text.prvPassiveIdleTask
                0x10002ccc       0x20 CMakeFiles/projecto_tp.dir/C_/Users/Bangho/Desktop/Trabajos_material/Especialidad_SEMB/RTOS_y_arquitecturas/FreeRTOS-Kernel/tasks.c.obj
 .text.prvYieldForTask
                0x10002cec       0xcc CMakeFiles/projecto_tp.dir/C_/Users/Bangho/Desktop/Trabajos_material/Especialidad_SEMB/RTOS_y_arquitecturas/FreeRTOS-Kernel/tasks.c.obj
 .text.vTaskExitCritical.part.0
                0x10002db8       0x8c CMakeFiles/projecto_tp.dir/C_/Users/Bangho/Desktop/Trabajos_material/Especialidad_SEMB/RTOS_y_arquitecturas/FreeRTOS-Kernel/tasks.c.obj
 .text.prvCheckForRunStateChange
                0x10002e44      0x160 CMakeFiles/projecto_tp.dir/C_/Users/Bangho/Desktop/Trabajos_material/Especialidad_SEMB/RTOS_y_arquitecturas/FreeRTOS-Kernel/tasks.c.obj
 .text.vTaskSuspendAll.part.0
                0x10002fa4      0x104 CMakeFiles/projecto_tp.dir/C_/Users/Bangho/Desktop/Trabajos_material/Especialidad_SEMB/RTOS_y_arquitecturas/FreeRTOS-Kernel/tasks.c.obj
 .text.prvCheckTasksWaitingTermination
                0x100030a8      0x1a8 CMakeFiles/projecto_tp.dir/C_/Users/Bangho/Desktop/Trabajos_material/Especialidad_SEMB/RTOS_y_arquitecturas/FreeRTOS-Kernel/tasks.c.obj
 .text.prvIdleTask
                0x10003250       0x1c CMakeFiles/projecto_tp.dir/C_/Users/Bangho/Desktop/Trabajos_material/Especialidad_SEMB/RTOS_y_arquitecturas/FreeRTOS-Kernel/tasks.c.obj
 .text.prvAddCurrentTaskToDelayedList
                0x1000326c      0x13c CMakeFiles/projecto_tp.dir/C_/Users/Bangho/Desktop/Trabajos_material/Especialidad_SEMB/RTOS_y_arquitecturas/FreeRTOS-Kernel/tasks.c.obj
 .text.vTaskSuspendAll
                0x100033a8       0x10 CMakeFiles/projecto_tp.dir/C_/Users/Bangho/Desktop/Trabajos_material/Especialidad_SEMB/RTOS_y_arquitecturas/FreeRTOS-Kernel/tasks.c.obj
                0x100033a8                vTaskSuspendAll
 .text.xTaskGetTickCount
                0x100033b8        0xc CMakeFiles/projecto_tp.dir/C_/Users/Bangho/Desktop/Trabajos_material/Especialidad_SEMB/RTOS_y_arquitecturas/FreeRTOS-Kernel/tasks.c.obj
                0x100033b8                xTaskGetTickCount
 .text.uxTaskGetNumberOfTasks
                0x100033c4        0xc CMakeFiles/projecto_tp.dir/C_/Users/Bangho/Desktop/Trabajos_material/Especialidad_SEMB/RTOS_y_arquitecturas/FreeRTOS-Kernel/tasks.c.obj
                0x100033c4                uxTaskGetNumberOfTasks
 .text.xTaskIncrementTick
                0x100033d0      0x278 CMakeFiles/projecto_tp.dir/C_/Users/Bangho/Desktop/Trabajos_material/Especialidad_SEMB/RTOS_y_arquitecturas/FreeRTOS-Kernel/tasks.c.obj
                0x100033d0                xTaskIncrementTick
 .text.vTaskSwitchContext
                0x10003648      0x2f8 CMakeFiles/projecto_tp.dir/C_/Users/Bangho/Desktop/Trabajos_material/Especialidad_SEMB/RTOS_y_arquitecturas/FreeRTOS-Kernel/tasks.c.obj
                0x10003648                vTaskSwitchContext
 .text.vTaskPlaceOnEventList
                0x10003940       0x34 CMakeFiles/projecto_tp.dir/C_/Users/Bangho/Desktop/Trabajos_material/Especialidad_SEMB/RTOS_y_arquitecturas/FreeRTOS-Kernel/tasks.c.obj
                0x10003940                vTaskPlaceOnEventList
 .text.vTaskPlaceOnUnorderedEventList
                0x10003974       0xa0 CMakeFiles/projecto_tp.dir/C_/Users/Bangho/Desktop/Trabajos_material/Especialidad_SEMB/RTOS_y_arquitecturas/FreeRTOS-Kernel/tasks.c.obj
                0x10003974                vTaskPlaceOnUnorderedEventList
 .text.vTaskPlaceOnEventListRestricted
                0x10003a14       0x9c CMakeFiles/projecto_tp.dir/C_/Users/Bangho/Desktop/Trabajos_material/Especialidad_SEMB/RTOS_y_arquitecturas/FreeRTOS-Kernel/tasks.c.obj
                0x10003a14                vTaskPlaceOnEventListRestricted
 .text.xTaskRemoveFromEventList
                0x10003ab0       0xc8 CMakeFiles/projecto_tp.dir/C_/Users/Bangho/Desktop/Trabajos_material/Especialidad_SEMB/RTOS_y_arquitecturas/FreeRTOS-Kernel/tasks.c.obj
                0x10003ab0                xTaskRemoveFromEventList
 .text.vTaskInternalSetTimeOutState
                0x10003b78       0x18 CMakeFiles/projecto_tp.dir/C_/Users/Bangho/Desktop/Trabajos_material/Especialidad_SEMB/RTOS_y_arquitecturas/FreeRTOS-Kernel/tasks.c.obj
                0x10003b78                vTaskInternalSetTimeOutState
 .text.vTaskMissedYield
                0x10003b90       0x14 CMakeFiles/projecto_tp.dir/C_/Users/Bangho/Desktop/Trabajos_material/Especialidad_SEMB/RTOS_y_arquitecturas/FreeRTOS-Kernel/tasks.c.obj
                0x10003b90                vTaskMissedYield
 .text.xTaskGetCurrentTaskHandle
                0x10003ba4       0x20 CMakeFiles/projecto_tp.dir/C_/Users/Bangho/Desktop/Trabajos_material/Especialidad_SEMB/RTOS_y_arquitecturas/FreeRTOS-Kernel/tasks.c.obj
                0x10003ba4                xTaskGetCurrentTaskHandle
 .text.xTaskPriorityDisinherit
                0x10003bc4       0xc4 CMakeFiles/projecto_tp.dir/C_/Users/Bangho/Desktop/Trabajos_material/Especialidad_SEMB/RTOS_y_arquitecturas/FreeRTOS-Kernel/tasks.c.obj
                0x10003bc4                xTaskPriorityDisinherit
 .text.vTaskYieldWithinAPI
                0x10003c88       0x24 CMakeFiles/projecto_tp.dir/C_/Users/Bangho/Desktop/Trabajos_material/Especialidad_SEMB/RTOS_y_arquitecturas/FreeRTOS-Kernel/tasks.c.obj
                0x10003c88                vTaskYieldWithinAPI
 .text.vTaskEnterCritical
                0x10003cac      0x11c CMakeFiles/projecto_tp.dir/C_/Users/Bangho/Desktop/Trabajos_material/Especialidad_SEMB/RTOS_y_arquitecturas/FreeRTOS-Kernel/tasks.c.obj
                0x10003cac                vTaskEnterCritical
 .text.prvAddNewTaskToReadyList
                0x10003dc8       0xf4 CMakeFiles/projecto_tp.dir/C_/Users/Bangho/Desktop/Trabajos_material/Especialidad_SEMB/RTOS_y_arquitecturas/FreeRTOS-Kernel/tasks.c.obj
 .text.xTaskCreate
                0x10003ebc      0x180 CMakeFiles/projecto_tp.dir/C_/Users/Bangho/Desktop/Trabajos_material/Especialidad_SEMB/RTOS_y_arquitecturas/FreeRTOS-Kernel/tasks.c.obj
                0x10003ebc                xTaskCreate
 .text.xTaskCreateAffinitySet
                0x1000403c      0x17c CMakeFiles/projecto_tp.dir/C_/Users/Bangho/Desktop/Trabajos_material/Especialidad_SEMB/RTOS_y_arquitecturas/FreeRTOS-Kernel/tasks.c.obj
                0x1000403c                xTaskCreateAffinitySet
 .text.vTaskStartScheduler
                0x100041b8      0x14c CMakeFiles/projecto_tp.dir/C_/Users/Bangho/Desktop/Trabajos_material/Especialidad_SEMB/RTOS_y_arquitecturas/FreeRTOS-Kernel/tasks.c.obj
                0x100041b8                vTaskStartScheduler
 .text.xTaskResumeAll.part.0
                0x10004304      0x170 CMakeFiles/projecto_tp.dir/C_/Users/Bangho/Desktop/Trabajos_material/Especialidad_SEMB/RTOS_y_arquitecturas/FreeRTOS-Kernel/tasks.c.obj
 .text.xTaskResumeAll
                0x10004474       0x10 CMakeFiles/projecto_tp.dir/C_/Users/Bangho/Desktop/Trabajos_material/Especialidad_SEMB/RTOS_y_arquitecturas/FreeRTOS-Kernel/tasks.c.obj
                0x10004474                xTaskResumeAll
 .text.vTaskDelay
                0x10004484       0x68 CMakeFiles/projecto_tp.dir/C_/Users/Bangho/Desktop/Trabajos_material/Especialidad_SEMB/RTOS_y_arquitecturas/FreeRTOS-Kernel/tasks.c.obj
                0x10004484                vTaskDelay
 .text.vTaskRemoveFromUnorderedEventList
                0x100044ec       0x9c CMakeFiles/projecto_tp.dir/C_/Users/Bangho/Desktop/Trabajos_material/Especialidad_SEMB/RTOS_y_arquitecturas/FreeRTOS-Kernel/tasks.c.obj
                0x100044ec                vTaskRemoveFromUnorderedEventList
 .text.xTaskCheckForTimeOut
                0x10004588       0xa8 CMakeFiles/projecto_tp.dir/C_/Users/Bangho/Desktop/Trabajos_material/Especialidad_SEMB/RTOS_y_arquitecturas/FreeRTOS-Kernel/tasks.c.obj
                0x10004588                xTaskCheckForTimeOut
 .text.vTaskEnterCriticalFromISR
                0x10004630       0x94 CMakeFiles/projecto_tp.dir/C_/Users/Bangho/Desktop/Trabajos_material/Especialidad_SEMB/RTOS_y_arquitecturas/FreeRTOS-Kernel/tasks.c.obj
                0x10004630                vTaskEnterCriticalFromISR
 .text.vTaskExitCritical
                0x100046c4       0x98 CMakeFiles/projecto_tp.dir/C_/Users/Bangho/Desktop/Trabajos_material/Especialidad_SEMB/RTOS_y_arquitecturas/FreeRTOS-Kernel/tasks.c.obj
                0x100046c4                vTaskExitCritical
 .text.vTaskExitCriticalFromISR
                0x1000475c       0x64 CMakeFiles/projecto_tp.dir/C_/Users/Bangho/Desktop/Trabajos_material/Especialidad_SEMB/RTOS_y_arquitecturas/FreeRTOS-Kernel/tasks.c.obj
                0x1000475c                vTaskExitCriticalFromISR
 .text.uxTaskResetEventItemValue
                0x100047c0       0x44 CMakeFiles/projecto_tp.dir/C_/Users/Bangho/Desktop/Trabajos_material/Especialidad_SEMB/RTOS_y_arquitecturas/FreeRTOS-Kernel/tasks.c.obj
                0x100047c0                uxTaskResetEventItemValue
 .text.prvTimerTask
                0x10004804      0x36c CMakeFiles/projecto_tp.dir/C_/Users/Bangho/Desktop/Trabajos_material/Especialidad_SEMB/RTOS_y_arquitecturas/FreeRTOS-Kernel/timers.c.obj
 .text.xTimerCreateTimerTask
                0x10004b70       0x8c CMakeFiles/projecto_tp.dir/C_/Users/Bangho/Desktop/Trabajos_material/Especialidad_SEMB/RTOS_y_arquitecturas/FreeRTOS-Kernel/timers.c.obj
                0x10004b70                xTimerCreateTimerTask
 .text.xTimerPendFunctionCallFromISR
                0x10004bfc       0x30 CMakeFiles/projecto_tp.dir/C_/Users/Bangho/Desktop/Trabajos_material/Especialidad_SEMB/RTOS_y_arquitecturas/FreeRTOS-Kernel/timers.c.obj
                0x10004bfc                xTimerPendFunctionCallFromISR
 .text.exception_set_exclusive_handler
                0x10004c2c       0x4c CMakeFiles/projecto_tp.dir/dd8c7786a820e656579efbb0d3f98f54/RTOS_y_arquitecturas/pico-sdk/src/rp2_common/hardware_exception/exception.c.obj
                0x10004c2c                exception_set_exclusive_handler
 .text.core1_trampoline
                0x10004c78        0x4 CMakeFiles/projecto_tp.dir/dd8c7786a820e656579efbb0d3f98f54/RTOS_y_arquitecturas/pico-sdk/src/rp2_common/pico_multicore/multicore.c.obj
 .text.core1_wrapper
                0x10004c7c       0x10 CMakeFiles/projecto_tp.dir/dd8c7786a820e656579efbb0d3f98f54/RTOS_y_arquitecturas/pico-sdk/src/rp2_common/pico_multicore/multicore.c.obj
                0x10004c7c                core1_wrapper
 .text.multicore_launch_core1_raw
                0x10004c8c       0x88 CMakeFiles/projecto_tp.dir/dd8c7786a820e656579efbb0d3f98f54/RTOS_y_arquitecturas/pico-sdk/src/rp2_common/pico_multicore/multicore.c.obj
                0x10004c8c                multicore_launch_core1_raw
 .text.multicore_launch_core1
                0x10004d14       0x44 CMakeFiles/projecto_tp.dir/dd8c7786a820e656579efbb0d3f98f54/RTOS_y_arquitecturas/pico-sdk/src/rp2_common/pico_multicore/multicore.c.obj
                0x10004d14                multicore_launch_core1
 .text.multicore_doorbell_claim_unused
                0x10004d58       0xf8 CMakeFiles/projecto_tp.dir/dd8c7786a820e656579efbb0d3f98f54/RTOS_y_arquitecturas/pico-sdk/src/rp2_common/pico_multicore/multicore.c.obj
                0x10004d58                multicore_doorbell_claim_unused
 .text.first_per_core_initializer
                0x10004e50        0x4 CMakeFiles/projecto_tp.dir/dd8c7786a820e656579efbb0d3f98f54/RTOS_y_arquitecturas/pico-sdk/src/rp2_common/pico_runtime/runtime.c.obj
 .text.hard_assertion_failure
                0x10004e54        0xc CMakeFiles/projecto_tp.dir/dd8c7786a820e656579efbb0d3f98f54/RTOS_y_arquitecturas/pico-sdk/src/rp2_common/pico_runtime/runtime.c.obj
                0x10004e54                hard_assertion_failure
 .text.runtime_run_initializers
                0x10004e60       0x20 CMakeFiles/projecto_tp.dir/dd8c7786a820e656579efbb0d3f98f54/RTOS_y_arquitecturas/pico-sdk/src/rp2_common/pico_runtime/runtime.c.obj
                0x10004e60                runtime_run_initializers
 .text.runtime_run_per_core_initializers
                0x10004e80       0x20 CMakeFiles/projecto_tp.dir/dd8c7786a820e656579efbb0d3f98f54/RTOS_y_arquitecturas/pico-sdk/src/rp2_common/pico_runtime/runtime.c.obj
                0x10004e80                runtime_run_per_core_initializers
 .text.runtime_init_early_resets
                0x10004ea0       0x34 CMakeFiles/projecto_tp.dir/804150199349899753a8711307edc92f/pico-sdk/src/rp2_common/pico_runtime_init/runtime_init.c.obj
                0x10004ea0                runtime_init_early_resets
 .text.runtime_init_usb_power_down
                0x10004ed4       0x1c CMakeFiles/projecto_tp.dir/804150199349899753a8711307edc92f/pico-sdk/src/rp2_common/pico_runtime_init/runtime_init.c.obj
                0x10004ed4                runtime_init_usb_power_down
 .text.runtime_init_per_core_enable_coprocessors
                0x10004ef0       0x1c CMakeFiles/projecto_tp.dir/804150199349899753a8711307edc92f/pico-sdk/src/rp2_common/pico_runtime_init/runtime_init.c.obj
                0x10004ef0                runtime_init_per_core_enable_coprocessors
 .text.runtime_init_post_clock_resets
                0x10004f0c       0x20 CMakeFiles/projecto_tp.dir/804150199349899753a8711307edc92f/pico-sdk/src/rp2_common/pico_runtime_init/runtime_init.c.obj
                0x10004f0c                runtime_init_post_clock_resets
 .text.runtime_init_bootrom_reset
                0x10004f2c       0x14 CMakeFiles/projecto_tp.dir/804150199349899753a8711307edc92f/pico-sdk/src/rp2_common/pico_runtime_init/runtime_init.c.obj
                0x10004f2c                runtime_init_bootrom_reset
 .text.runtime_init_per_core_bootrom_reset
                0x10004f40       0x14 CMakeFiles/projecto_tp.dir/804150199349899753a8711307edc92f/pico-sdk/src/rp2_common/pico_runtime_init/runtime_init.c.obj
                0x10004f40                runtime_init_per_core_bootrom_reset
 .text.runtime_init_spin_locks_reset
                0x10004f54        0x4 CMakeFiles/projecto_tp.dir/804150199349899753a8711307edc92f/pico-sdk/src/rp2_common/pico_runtime_init/runtime_init.c.obj
                0x10004f54                runtime_init_spin_locks_reset
 .text.runtime_init_install_ram_vector_table
                0x10004f58       0xd0 CMakeFiles/projecto_tp.dir/804150199349899753a8711307edc92f/pico-sdk/src/rp2_common/pico_runtime_init/runtime_init.c.obj
                0x10004f58                runtime_init_install_ram_vector_table
 .text.runtime_init_clocks
                0x10005028       0xdc CMakeFiles/projecto_tp.dir/804150199349899753a8711307edc92f/pico-sdk/src/rp2_common/pico_runtime_init/runtime_init_clocks.c.obj
                0x10005028                runtime_init_clocks
 .text.__rp2350_dcp_engaged_state_save_restore
                0x10005104       0x3a CMakeFiles/projecto_tp.dir/dd8c7786a820e656579efbb0d3f98f54/RTOS_y_arquitecturas/pico-sdk/src/rp2_common/pico_double/double_aeabi_dcp.S.obj
 *fill*         0x1000513e        0x2 
 .text.__wrap___aeabi_dadd
                0x10005140       0x28 CMakeFiles/projecto_tp.dir/dd8c7786a820e656579efbb0d3f98f54/RTOS_y_arquitecturas/pico-sdk/src/rp2_common/pico_double/double_aeabi_dcp.S.obj
                0x10005148                __wrap___aeabi_dadd
 .text.__wrap___aeabi_dsub
                0x10005168       0x28 CMakeFiles/projecto_tp.dir/dd8c7786a820e656579efbb0d3f98f54/RTOS_y_arquitecturas/pico-sdk/src/rp2_common/pico_double/double_aeabi_dcp.S.obj
                0x10005170                __wrap___aeabi_dsub
 .text.__wrap___aeabi_dmul
                0x10005190       0x4c CMakeFiles/projecto_tp.dir/dd8c7786a820e656579efbb0d3f98f54/RTOS_y_arquitecturas/pico-sdk/src/rp2_common/pico_double/double_aeabi_dcp.S.obj
                0x10005198                __wrap___aeabi_dmul
 .text.__wrap___aeabi_ddiv
                0x100051dc       0x9c CMakeFiles/projecto_tp.dir/dd8c7786a820e656579efbb0d3f98f54/RTOS_y_arquitecturas/pico-sdk/src/rp2_common/pico_double/double_aeabi_dcp.S.obj
                0x100051e4                __wrap___aeabi_ddiv
 .text.__wrap___aeabi_i2d
                0x10005278       0x24 CMakeFiles/projecto_tp.dir/dd8c7786a820e656579efbb0d3f98f54/RTOS_y_arquitecturas/pico-sdk/src/rp2_common/pico_double/double_aeabi_dcp.S.obj
                0x10005280                int2double
                0x10005280                __wrap___aeabi_i2d
 .text.__wrap___aeabi_ui2d
                0x1000529c       0x24 CMakeFiles/projecto_tp.dir/dd8c7786a820e656579efbb0d3f98f54/RTOS_y_arquitecturas/pico-sdk/src/rp2_common/pico_double/double_aeabi_dcp.S.obj
                0x100052a4                uint2double
                0x100052a4                __wrap___aeabi_ui2d
 .text.__wrap___aeabi_d2iz
                0x100052c0       0x24 CMakeFiles/projecto_tp.dir/dd8c7786a820e656579efbb0d3f98f54/RTOS_y_arquitecturas/pico-sdk/src/rp2_common/pico_double/double_aeabi_dcp.S.obj
                0x100052c8                double2int_z
                0x100052c8                __wrap___aeabi_d2iz
 .text.__wrap___aeabi_d2uiz
                0x100052e4       0x24 CMakeFiles/projecto_tp.dir/dd8c7786a820e656579efbb0d3f98f54/RTOS_y_arquitecturas/pico-sdk/src/rp2_common/pico_double/double_aeabi_dcp.S.obj
                0x100052ec                double2uint
                0x100052ec                __wrap___aeabi_d2uiz
                0x100052ec                double2uint_z
 .text.__wrap___aeabi_dcmpun
                0x10005308       0x24 CMakeFiles/projecto_tp.dir/dd8c7786a820e656579efbb0d3f98f54/RTOS_y_arquitecturas/pico-sdk/src/rp2_common/pico_double/double_aeabi_dcp.S.obj
                0x10005310                __wrap___aeabi_dcmpun
 .text.__wrap___aeabi_dcmplt
                0x1000532c       0x28 CMakeFiles/projecto_tp.dir/dd8c7786a820e656579efbb0d3f98f54/RTOS_y_arquitecturas/pico-sdk/src/rp2_common/pico_double/double_aeabi_dcp.S.obj
                0x10005334                __wrap___aeabi_dcmplt
 .text.__wrap___aeabi_dcmple
                0x10005354       0x28 CMakeFiles/projecto_tp.dir/dd8c7786a820e656579efbb0d3f98f54/RTOS_y_arquitecturas/pico-sdk/src/rp2_common/pico_double/double_aeabi_dcp.S.obj
                0x1000535c                __wrap___aeabi_dcmple
 .text.__wrap___aeabi_dcmpge
                0x1000537c       0x28 CMakeFiles/projecto_tp.dir/dd8c7786a820e656579efbb0d3f98f54/RTOS_y_arquitecturas/pico-sdk/src/rp2_common/pico_double/double_aeabi_dcp.S.obj
                0x10005384                __wrap___aeabi_dcmpge
 .text.__wrap___aeabi_dcmpgt
                0x100053a4       0x28 CMakeFiles/projecto_tp.dir/dd8c7786a820e656579efbb0d3f98f54/RTOS_y_arquitecturas/pico-sdk/src/rp2_common/pico_double/double_aeabi_dcp.S.obj
                0x100053ac                __wrap___aeabi_dcmpgt
 .text._out_null
                0x100053cc        0x4 CMakeFiles/projecto_tp.dir/dd8c7786a820e656579efbb0d3f98f54/RTOS_y_arquitecturas/pico-sdk/src/rp2_common/pico_printf/printf.c.obj
 .text._out_rev
                0x100053d0       0x88 CMakeFiles/projecto_tp.dir/dd8c7786a820e656579efbb0d3f98f54/RTOS_y_arquitecturas/pico-sdk/src/rp2_common/pico_printf/printf.c.obj
 .text._ntoa_format
                0x10005458      0x1e8 CMakeFiles/projecto_tp.dir/dd8c7786a820e656579efbb0d3f98f54/RTOS_y_arquitecturas/pico-sdk/src/rp2_common/pico_printf/printf.c.obj
 .text._out_char
                0x10005640        0x8 CMakeFiles/projecto_tp.dir/dd8c7786a820e656579efbb0d3f98f54/RTOS_y_arquitecturas/pico-sdk/src/rp2_common/pico_printf/printf.c.obj
 .text._out_fct
                0x10005648        0xc CMakeFiles/projecto_tp.dir/dd8c7786a820e656579efbb0d3f98f54/RTOS_y_arquitecturas/pico-sdk/src/rp2_common/pico_printf/printf.c.obj
 *fill*         0x10005654        0x4 
 .text._etoa    0x10005658      0x460 CMakeFiles/projecto_tp.dir/dd8c7786a820e656579efbb0d3f98f54/RTOS_y_arquitecturas/pico-sdk/src/rp2_common/pico_printf/printf.c.obj
 .text._ftoa    0x10005ab8      0x3d8 CMakeFiles/projecto_tp.dir/dd8c7786a820e656579efbb0d3f98f54/RTOS_y_arquitecturas/pico-sdk/src/rp2_common/pico_printf/printf.c.obj
 .text._vsnprintf
                0x10005e90      0x9c8 CMakeFiles/projecto_tp.dir/dd8c7786a820e656579efbb0d3f98f54/RTOS_y_arquitecturas/pico-sdk/src/rp2_common/pico_printf/printf.c.obj
 .text.vfctprintf
                0x10006858       0x28 CMakeFiles/projecto_tp.dir/dd8c7786a820e656579efbb0d3f98f54/RTOS_y_arquitecturas/pico-sdk/src/rp2_common/pico_printf/printf.c.obj
                0x10006858                vfctprintf
 .text.weak_raw_vprintf
                0x10006880       0x30 CMakeFiles/projecto_tp.dir/dd8c7786a820e656579efbb0d3f98f54/RTOS_y_arquitecturas/pico-sdk/src/rp2_common/pico_printf/printf.c.obj
                0x10006880                weak_raw_vprintf
 .text._exit    0x100068b0        0x4 CMakeFiles/projecto_tp.dir/804150199349899753a8711307edc92f/pico-sdk/src/rp2_common/pico_clib_interface/newlib_interface.c.obj
                0x100068b0                _exit
 .text.exit     0x100068b4        0x8 CMakeFiles/projecto_tp.dir/804150199349899753a8711307edc92f/pico-sdk/src/rp2_common/pico_clib_interface/newlib_interface.c.obj
                0x100068b4                exit
 .text.runtime_init
                0x100068bc       0x24 CMakeFiles/projecto_tp.dir/804150199349899753a8711307edc92f/pico-sdk/src/rp2_common/pico_clib_interface/newlib_interface.c.obj
                0x100068bc                runtime_init
 .text.stdio_out_chars_no_crlf
                0x100068e0        0x8 CMakeFiles/projecto_tp.dir/dd8c7786a820e656579efbb0d3f98f54/RTOS_y_arquitecturas/pico-sdk/src/rp2_common/pico_stdio/stdio.c.obj
 .text.stdio_out_chars_crlf
                0x100068e8       0xac CMakeFiles/projecto_tp.dir/dd8c7786a820e656579efbb0d3f98f54/RTOS_y_arquitecturas/pico-sdk/src/rp2_common/pico_stdio/stdio.c.obj
 .text.stdio_buffered_printer
                0x10006994       0x60 CMakeFiles/projecto_tp.dir/dd8c7786a820e656579efbb0d3f98f54/RTOS_y_arquitecturas/pico-sdk/src/rp2_common/pico_stdio/stdio.c.obj
 .text.stdio_put_string
                0x100069f4       0xe8 CMakeFiles/projecto_tp.dir/dd8c7786a820e656579efbb0d3f98f54/RTOS_y_arquitecturas/pico-sdk/src/rp2_common/pico_stdio/stdio.c.obj
                0x100069f4                stdio_put_string
 .text.stdio_set_driver_enabled
                0x10006adc       0x28 CMakeFiles/projecto_tp.dir/dd8c7786a820e656579efbb0d3f98f54/RTOS_y_arquitecturas/pico-sdk/src/rp2_common/pico_stdio/stdio.c.obj
                0x10006adc                stdio_set_driver_enabled
 .text.stdio_init_all
                0x10006b04        0x4 CMakeFiles/projecto_tp.dir/dd8c7786a820e656579efbb0d3f98f54/RTOS_y_arquitecturas/pico-sdk/src/rp2_common/pico_stdio/stdio.c.obj
                0x10006b04                stdio_init_all
 .text.__wrap_putchar
                0x10006b08       0x7c CMakeFiles/projecto_tp.dir/dd8c7786a820e656579efbb0d3f98f54/RTOS_y_arquitecturas/pico-sdk/src/rp2_common/pico_stdio/stdio.c.obj
                0x10006b08                __wrap_putchar
                0x10006b08                stdio_putchar
 .text.__wrap_puts
                0x10006b84       0x3c CMakeFiles/projecto_tp.dir/dd8c7786a820e656579efbb0d3f98f54/RTOS_y_arquitecturas/pico-sdk/src/rp2_common/pico_stdio/stdio.c.obj
                0x10006b84                stdio_puts
                0x10006b84                __wrap_puts
 .text.__wrap_vprintf
                0x10006bc0       0xc0 CMakeFiles/projecto_tp.dir/dd8c7786a820e656579efbb0d3f98f54/RTOS_y_arquitecturas/pico-sdk/src/rp2_common/pico_stdio/stdio.c.obj
                0x10006bc0                stdio_vprintf
                0x10006bc0                __wrap_vprintf
 .text.__wrap_printf
                0x10006c80       0x1c CMakeFiles/projecto_tp.dir/dd8c7786a820e656579efbb0d3f98f54/RTOS_y_arquitecturas/pico-sdk/src/rp2_common/pico_stdio/stdio.c.obj
                0x10006c80                __wrap_printf
                0x10006c80                stdio_printf
 .text.resetd_init
                0x10006c9c        0x4 CMakeFiles/projecto_tp.dir/804150199349899753a8711307edc92f/pico-sdk/src/rp2_common/pico_stdio_usb/reset_interface.c.obj
 .text.resetd_reset
                0x10006ca0        0xc CMakeFiles/projecto_tp.dir/804150199349899753a8711307edc92f/pico-sdk/src/rp2_common/pico_stdio_usb/reset_interface.c.obj
 .text.resetd_open
                0x10006cac       0x28 CMakeFiles/projecto_tp.dir/804150199349899753a8711307edc92f/pico-sdk/src/rp2_common/pico_stdio_usb/reset_interface.c.obj
 .text.resetd_xfer_cb
                0x10006cd4        0x4 CMakeFiles/projecto_tp.dir/804150199349899753a8711307edc92f/pico-sdk/src/rp2_common/pico_stdio_usb/reset_interface.c.obj
 .text.resetd_control_xfer_cb
                0x10006cd8       0x54 CMakeFiles/projecto_tp.dir/804150199349899753a8711307edc92f/pico-sdk/src/rp2_common/pico_stdio_usb/reset_interface.c.obj
 .text.tud_descriptor_bos_cb
                0x10006d2c        0x8 CMakeFiles/projecto_tp.dir/804150199349899753a8711307edc92f/pico-sdk/src/rp2_common/pico_stdio_usb/reset_interface.c.obj
                0x10006d2c                tud_descriptor_bos_cb
 .text.tud_vendor_control_xfer_cb
                0x10006d34       0x28 CMakeFiles/projecto_tp.dir/804150199349899753a8711307edc92f/pico-sdk/src/rp2_common/pico_stdio_usb/reset_interface.c.obj
                0x10006d34                tud_vendor_control_xfer_cb
 .text.usbd_app_driver_get_cb
                0x10006d5c       0x10 CMakeFiles/projecto_tp.dir/804150199349899753a8711307edc92f/pico-sdk/src/rp2_common/pico_stdio_usb/reset_interface.c.obj
                0x10006d5c                usbd_app_driver_get_cb
 .text.tud_cdc_line_coding_cb
                0x10006d6c       0x18 CMakeFiles/projecto_tp.dir/804150199349899753a8711307edc92f/pico-sdk/src/rp2_common/pico_stdio_usb/reset_interface.c.obj
                0x10006d6c                tud_cdc_line_coding_cb
 .text.stdio_usb_set_chars_available_callback
                0x10006d84       0x14 CMakeFiles/projecto_tp.dir/dd8c7786a820e656579efbb0d3f98f54/RTOS_y_arquitecturas/pico-sdk/src/rp2_common/pico_stdio_usb/stdio_usb.c.obj
                0x10006d84                stdio_usb_set_chars_available_callback
 .text.timer_task
                0x10006d98       0x70 CMakeFiles/projecto_tp.dir/dd8c7786a820e656579efbb0d3f98f54/RTOS_y_arquitecturas/pico-sdk/src/rp2_common/pico_stdio_usb/stdio_usb.c.obj
 .text.usb_irq  0x10006e08        0xc CMakeFiles/projecto_tp.dir/dd8c7786a820e656579efbb0d3f98f54/RTOS_y_arquitecturas/pico-sdk/src/rp2_common/pico_stdio_usb/stdio_usb.c.obj
 .text.stdio_usb_in_chars
                0x10006e14       0x84 CMakeFiles/projecto_tp.dir/dd8c7786a820e656579efbb0d3f98f54/RTOS_y_arquitecturas/pico-sdk/src/rp2_common/pico_stdio_usb/stdio_usb.c.obj
                0x10006e14                stdio_usb_in_chars
 .text.stdio_usb_out_flush
                0x10006e98       0x4c CMakeFiles/projecto_tp.dir/dd8c7786a820e656579efbb0d3f98f54/RTOS_y_arquitecturas/pico-sdk/src/rp2_common/pico_stdio_usb/stdio_usb.c.obj
 .text.stdio_usb_out_chars
                0x10006ee4       0xf0 CMakeFiles/projecto_tp.dir/dd8c7786a820e656579efbb0d3f98f54/RTOS_y_arquitecturas/pico-sdk/src/rp2_common/pico_stdio_usb/stdio_usb.c.obj
 .text.low_priority_worker_irq
                0x10006fd4       0xc8 CMakeFiles/projecto_tp.dir/dd8c7786a820e656579efbb0d3f98f54/RTOS_y_arquitecturas/pico-sdk/src/rp2_common/pico_stdio_usb/stdio_usb.c.obj
 .text.stdio_usb_init
                0x1000709c       0xdc CMakeFiles/projecto_tp.dir/dd8c7786a820e656579efbb0d3f98f54/RTOS_y_arquitecturas/pico-sdk/src/rp2_common/pico_stdio_usb/stdio_usb.c.obj
                0x1000709c                stdio_usb_init
 .text.tud_descriptor_device_cb
                0x10007178        0x8 CMakeFiles/projecto_tp.dir/804150199349899753a8711307edc92f/pico-sdk/src/rp2_common/pico_stdio_usb/stdio_usb_descriptors.c.obj
                0x10007178                tud_descriptor_device_cb
 .text.tud_descriptor_configuration_cb
                0x10007180        0x8 CMakeFiles/projecto_tp.dir/804150199349899753a8711307edc92f/pico-sdk/src/rp2_common/pico_stdio_usb/stdio_usb_descriptors.c.obj
                0x10007180                tud_descriptor_configuration_cb
 .text.tud_descriptor_string_cb
                0x10007188       0x78 CMakeFiles/projecto_tp.dir/804150199349899753a8711307edc92f/pico-sdk/src/rp2_common/pico_stdio_usb/stdio_usb_descriptors.c.obj
                0x10007188                tud_descriptor_string_cb
 .text.startup._retrieve_unique_id_on_boot
                0x10007200       0x30 CMakeFiles/projecto_tp.dir/dd8c7786a820e656579efbb0d3f98f54/RTOS_y_arquitecturas/pico-sdk/src/rp2_common/pico_unique_id/unique_id.c.obj
 .text.pico_get_unique_board_id_string
                0x10007230      0x180 CMakeFiles/projecto_tp.dir/dd8c7786a820e656579efbb0d3f98f54/RTOS_y_arquitecturas/pico-sdk/src/rp2_common/pico_unique_id/unique_id.c.obj
                0x10007230                pico_get_unique_board_id_string
 .text.dcd_init
                0x100073b0       0x94 CMakeFiles/projecto_tp.dir/804150199349899753a8711307edc92f/pico-sdk/lib/tinyusb/src/portable/raspberrypi/rp2040/dcd_rp2040.c.obj
                0x100073b0                dcd_init
 .text.dcd_int_enable
                0x10007444        0x8 CMakeFiles/projecto_tp.dir/804150199349899753a8711307edc92f/pico-sdk/lib/tinyusb/src/portable/raspberrypi/rp2040/dcd_rp2040.c.obj
                0x10007444                dcd_int_enable
 .text.dcd_set_address
                0x1000744c       0x10 CMakeFiles/projecto_tp.dir/804150199349899753a8711307edc92f/pico-sdk/lib/tinyusb/src/portable/raspberrypi/rp2040/dcd_rp2040.c.obj
                0x1000744c                dcd_set_address
 .text.dcd_sof_enable
                0x1000745c       0x1c CMakeFiles/projecto_tp.dir/804150199349899753a8711307edc92f/pico-sdk/lib/tinyusb/src/portable/raspberrypi/rp2040/dcd_rp2040.c.obj
                0x1000745c                dcd_sof_enable
 .text.dcd_edpt0_status_complete
                0x10007478       0x1c CMakeFiles/projecto_tp.dir/804150199349899753a8711307edc92f/pico-sdk/lib/tinyusb/src/portable/raspberrypi/rp2040/dcd_rp2040.c.obj
                0x10007478                dcd_edpt0_status_complete
 .text.dcd_edpt_open
                0x10007494      0x110 CMakeFiles/projecto_tp.dir/804150199349899753a8711307edc92f/pico-sdk/lib/tinyusb/src/portable/raspberrypi/rp2040/dcd_rp2040.c.obj
                0x10007494                dcd_edpt_open
 .text.dcd_edpt_close_all
                0x100075a4        0x4 CMakeFiles/projecto_tp.dir/804150199349899753a8711307edc92f/pico-sdk/lib/tinyusb/src/portable/raspberrypi/rp2040/dcd_rp2040.c.obj
                0x100075a4                dcd_edpt_close_all
 .text.dcd_edpt_xfer
                0x100075a8       0x28 CMakeFiles/projecto_tp.dir/804150199349899753a8711307edc92f/pico-sdk/lib/tinyusb/src/portable/raspberrypi/rp2040/dcd_rp2040.c.obj
                0x100075a8                dcd_edpt_xfer
 .text.dcd_edpt_stall
                0x100075d0       0x30 CMakeFiles/projecto_tp.dir/804150199349899753a8711307edc92f/pico-sdk/lib/tinyusb/src/portable/raspberrypi/rp2040/dcd_rp2040.c.obj
                0x100075d0                dcd_edpt_stall
 .text.dcd_edpt_clear_stall
                0x10007600       0x2c CMakeFiles/projecto_tp.dir/804150199349899753a8711307edc92f/pico-sdk/lib/tinyusb/src/portable/raspberrypi/rp2040/dcd_rp2040.c.obj
                0x10007600                dcd_edpt_clear_stall
 .text.rp2040_usb_init
                0x1000762c       0x40 CMakeFiles/projecto_tp.dir/804150199349899753a8711307edc92f/pico-sdk/lib/tinyusb/src/portable/raspberrypi/rp2040/rp2040_usb.c.obj
                0x1000762c                rp2040_usb_init
 .text.hw_endpoint_xfer_start
                0x1000766c       0x4c CMakeFiles/projecto_tp.dir/804150199349899753a8711307edc92f/pico-sdk/lib/tinyusb/src/portable/raspberrypi/rp2040/rp2040_usb.c.obj
                0x1000766c                hw_endpoint_xfer_start
 .text.configuration_reset
                0x100076b8       0x8c CMakeFiles/projecto_tp.dir/dd8c7786a820e656579efbb0d3f98f54/RTOS_y_arquitecturas/pico-sdk/lib/tinyusb/src/device/usbd.c.obj
 .text.tud_event_hook_cb
                0x10007744        0x4 CMakeFiles/projecto_tp.dir/dd8c7786a820e656579efbb0d3f98f54/RTOS_y_arquitecturas/pico-sdk/lib/tinyusb/src/device/usbd.c.obj
                0x10007744                tud_event_hook_cb
 .text.tud_sof_cb
                0x10007748        0x4 CMakeFiles/projecto_tp.dir/dd8c7786a820e656579efbb0d3f98f54/RTOS_y_arquitecturas/pico-sdk/lib/tinyusb/src/device/usbd.c.obj
                0x10007748                tud_sof_cb
 .text.tud_descriptor_device_qualifier_cb
                0x1000774c        0x4 CMakeFiles/projecto_tp.dir/dd8c7786a820e656579efbb0d3f98f54/RTOS_y_arquitecturas/pico-sdk/lib/tinyusb/src/device/usbd.c.obj
                0x1000774c                tud_descriptor_device_qualifier_cb
 .text.tud_descriptor_other_speed_configuration_cb
                0x10007750        0x4 CMakeFiles/projecto_tp.dir/dd8c7786a820e656579efbb0d3f98f54/RTOS_y_arquitecturas/pico-sdk/lib/tinyusb/src/device/usbd.c.obj
                0x10007750                tud_descriptor_other_speed_configuration_cb
 .text.tud_mount_cb
                0x10007754        0x4 CMakeFiles/projecto_tp.dir/dd8c7786a820e656579efbb0d3f98f54/RTOS_y_arquitecturas/pico-sdk/lib/tinyusb/src/device/usbd.c.obj
                0x10007754                tud_mount_cb
 .text.tud_umount_cb
                0x10007758        0x4 CMakeFiles/projecto_tp.dir/dd8c7786a820e656579efbb0d3f98f54/RTOS_y_arquitecturas/pico-sdk/lib/tinyusb/src/device/usbd.c.obj
                0x10007758                tud_umount_cb
 .text.tud_suspend_cb
                0x1000775c        0x4 CMakeFiles/projecto_tp.dir/dd8c7786a820e656579efbb0d3f98f54/RTOS_y_arquitecturas/pico-sdk/lib/tinyusb/src/device/usbd.c.obj
                0x1000775c                tud_suspend_cb
 .text.tud_resume_cb
                0x10007760        0x4 CMakeFiles/projecto_tp.dir/dd8c7786a820e656579efbb0d3f98f54/RTOS_y_arquitecturas/pico-sdk/lib/tinyusb/src/device/usbd.c.obj
                0x10007760                tud_resume_cb
 .text.tud_mounted
                0x10007764       0x10 CMakeFiles/projecto_tp.dir/dd8c7786a820e656579efbb0d3f98f54/RTOS_y_arquitecturas/pico-sdk/lib/tinyusb/src/device/usbd.c.obj
                0x10007764                tud_mounted
 .text.tud_suspended
                0x10007774       0x10 CMakeFiles/projecto_tp.dir/dd8c7786a820e656579efbb0d3f98f54/RTOS_y_arquitecturas/pico-sdk/lib/tinyusb/src/device/usbd.c.obj
                0x10007774                tud_suspended
 .text.tud_rhport_init
                0x10007784      0x110 CMakeFiles/projecto_tp.dir/dd8c7786a820e656579efbb0d3f98f54/RTOS_y_arquitecturas/pico-sdk/lib/tinyusb/src/device/usbd.c.obj
                0x10007784                tud_rhport_init
 .text.tud_task_ext
                0x10007894      0x7a4 CMakeFiles/projecto_tp.dir/dd8c7786a820e656579efbb0d3f98f54/RTOS_y_arquitecturas/pico-sdk/lib/tinyusb/src/device/usbd.c.obj
                0x10007894                tud_task_ext
 .text.usbd_open_edpt_pair
                0x10008038       0x9c CMakeFiles/projecto_tp.dir/dd8c7786a820e656579efbb0d3f98f54/RTOS_y_arquitecturas/pico-sdk/lib/tinyusb/src/device/usbd.c.obj
                0x10008038                usbd_open_edpt_pair
 .text.usbd_edpt_open
                0x100080d4       0x44 CMakeFiles/projecto_tp.dir/dd8c7786a820e656579efbb0d3f98f54/RTOS_y_arquitecturas/pico-sdk/lib/tinyusb/src/device/usbd.c.obj
                0x100080d4                usbd_edpt_open
 .text.usbd_edpt_claim
                0x10008118       0x24 CMakeFiles/projecto_tp.dir/dd8c7786a820e656579efbb0d3f98f54/RTOS_y_arquitecturas/pico-sdk/lib/tinyusb/src/device/usbd.c.obj
                0x10008118                usbd_edpt_claim
 .text.usbd_edpt_release
                0x1000813c       0x24 CMakeFiles/projecto_tp.dir/dd8c7786a820e656579efbb0d3f98f54/RTOS_y_arquitecturas/pico-sdk/lib/tinyusb/src/device/usbd.c.obj
                0x1000813c                usbd_edpt_release
 .text.usbd_edpt_xfer
                0x10008160       0x70 CMakeFiles/projecto_tp.dir/dd8c7786a820e656579efbb0d3f98f54/RTOS_y_arquitecturas/pico-sdk/lib/tinyusb/src/device/usbd.c.obj
                0x10008160                usbd_edpt_xfer
 .text.tud_control_status
                0x100081d0       0x34 CMakeFiles/projecto_tp.dir/dd8c7786a820e656579efbb0d3f98f54/RTOS_y_arquitecturas/pico-sdk/lib/tinyusb/src/device/usbd_control.c.obj
                0x100081d0                tud_control_status
 .text.tud_control_xfer
                0x10008204       0xcc CMakeFiles/projecto_tp.dir/dd8c7786a820e656579efbb0d3f98f54/RTOS_y_arquitecturas/pico-sdk/lib/tinyusb/src/device/usbd_control.c.obj
                0x10008204                tud_control_xfer
 .text.usbd_control_reset
                0x100082d0       0x14 CMakeFiles/projecto_tp.dir/dd8c7786a820e656579efbb0d3f98f54/RTOS_y_arquitecturas/pico-sdk/lib/tinyusb/src/device/usbd_control.c.obj
                0x100082d0                usbd_control_reset
 .text.usbd_control_set_complete_callback
                0x100082e4        0xc CMakeFiles/projecto_tp.dir/dd8c7786a820e656579efbb0d3f98f54/RTOS_y_arquitecturas/pico-sdk/lib/tinyusb/src/device/usbd_control.c.obj
                0x100082e4                usbd_control_set_complete_callback
 .text.usbd_control_set_request
                0x100082f0       0x1c CMakeFiles/projecto_tp.dir/dd8c7786a820e656579efbb0d3f98f54/RTOS_y_arquitecturas/pico-sdk/lib/tinyusb/src/device/usbd_control.c.obj
                0x100082f0                usbd_control_set_request
 .text.usbd_control_xfer_cb
                0x1000830c      0x110 CMakeFiles/projecto_tp.dir/dd8c7786a820e656579efbb0d3f98f54/RTOS_y_arquitecturas/pico-sdk/lib/tinyusb/src/device/usbd_control.c.obj
                0x1000830c                usbd_control_xfer_cb
 .text._prep_out_transaction.isra.0
                0x1000841c       0x78 CMakeFiles/projecto_tp.dir/dd8c7786a820e656579efbb0d3f98f54/RTOS_y_arquitecturas/pico-sdk/lib/tinyusb/src/class/cdc/cdc_device.c.obj
 .text.tud_cdc_n_connected
                0x10008494       0x2c CMakeFiles/projecto_tp.dir/dd8c7786a820e656579efbb0d3f98f54/RTOS_y_arquitecturas/pico-sdk/lib/tinyusb/src/class/cdc/cdc_device.c.obj
                0x10008494                tud_cdc_n_connected
 .text.tud_cdc_n_available
                0x100084c0       0x18 CMakeFiles/projecto_tp.dir/dd8c7786a820e656579efbb0d3f98f54/RTOS_y_arquitecturas/pico-sdk/lib/tinyusb/src/class/cdc/cdc_device.c.obj
                0x100084c0                tud_cdc_n_available
 .text.tud_cdc_n_read
                0x100084d8       0x90 CMakeFiles/projecto_tp.dir/dd8c7786a820e656579efbb0d3f98f54/RTOS_y_arquitecturas/pico-sdk/lib/tinyusb/src/class/cdc/cdc_device.c.obj
                0x100084d8                tud_cdc_n_read
 .text.tud_cdc_n_write_flush
                0x10008568       0x88 CMakeFiles/projecto_tp.dir/dd8c7786a820e656579efbb0d3f98f54/RTOS_y_arquitecturas/pico-sdk/lib/tinyusb/src/class/cdc/cdc_device.c.obj
                0x10008568                tud_cdc_n_write_flush
 .text.tud_cdc_n_write
                0x100085f0       0x48 CMakeFiles/projecto_tp.dir/dd8c7786a820e656579efbb0d3f98f54/RTOS_y_arquitecturas/pico-sdk/lib/tinyusb/src/class/cdc/cdc_device.c.obj
                0x100085f0                tud_cdc_n_write
 .text.tud_cdc_n_write_available
                0x10008638       0x18 CMakeFiles/projecto_tp.dir/dd8c7786a820e656579efbb0d3f98f54/RTOS_y_arquitecturas/pico-sdk/lib/tinyusb/src/class/cdc/cdc_device.c.obj
                0x10008638                tud_cdc_n_write_available
 .text.cdcd_init
                0x10008650       0x70 CMakeFiles/projecto_tp.dir/dd8c7786a820e656579efbb0d3f98f54/RTOS_y_arquitecturas/pico-sdk/lib/tinyusb/src/class/cdc/cdc_device.c.obj
                0x10008650                cdcd_init
 .text.cdcd_deinit
                0x100086c0       0x20 CMakeFiles/projecto_tp.dir/dd8c7786a820e656579efbb0d3f98f54/RTOS_y_arquitecturas/pico-sdk/lib/tinyusb/src/class/cdc/cdc_device.c.obj
                0x100086c0                cdcd_deinit
 .text.cdcd_reset
                0x100086e0       0x4c CMakeFiles/projecto_tp.dir/dd8c7786a820e656579efbb0d3f98f54/RTOS_y_arquitecturas/pico-sdk/lib/tinyusb/src/class/cdc/cdc_device.c.obj
                0x100086e0                cdcd_reset
 .text.cdcd_open
                0x1000872c       0xbc CMakeFiles/projecto_tp.dir/dd8c7786a820e656579efbb0d3f98f54/RTOS_y_arquitecturas/pico-sdk/lib/tinyusb/src/class/cdc/cdc_device.c.obj
                0x1000872c                cdcd_open
 .text.cdcd_control_xfer_cb
                0x100087e8       0xc8 CMakeFiles/projecto_tp.dir/dd8c7786a820e656579efbb0d3f98f54/RTOS_y_arquitecturas/pico-sdk/lib/tinyusb/src/class/cdc/cdc_device.c.obj
                0x100087e8                cdcd_control_xfer_cb
 .text.cdcd_xfer_cb
                0x100088b0      0x100 CMakeFiles/projecto_tp.dir/dd8c7786a820e656579efbb0d3f98f54/RTOS_y_arquitecturas/pico-sdk/lib/tinyusb/src/class/cdc/cdc_device.c.obj
                0x100088b0                cdcd_xfer_cb
 .text.vendord_init
                0x100089b0       0x5c CMakeFiles/projecto_tp.dir/dd8c7786a820e656579efbb0d3f98f54/RTOS_y_arquitecturas/pico-sdk/lib/tinyusb/src/class/vendor/vendor_device.c.obj
                0x100089b0                vendord_init
 .text.vendord_deinit
                0x10008a0c       0x1c CMakeFiles/projecto_tp.dir/dd8c7786a820e656579efbb0d3f98f54/RTOS_y_arquitecturas/pico-sdk/lib/tinyusb/src/class/vendor/vendor_device.c.obj
                0x10008a0c                vendord_deinit
 .text.vendord_reset
                0x10008a28       0x24 CMakeFiles/projecto_tp.dir/dd8c7786a820e656579efbb0d3f98f54/RTOS_y_arquitecturas/pico-sdk/lib/tinyusb/src/class/vendor/vendor_device.c.obj
                0x10008a28                vendord_reset
 .text.vendord_open
                0x10008a4c       0xfc CMakeFiles/projecto_tp.dir/dd8c7786a820e656579efbb0d3f98f54/RTOS_y_arquitecturas/pico-sdk/lib/tinyusb/src/class/vendor/vendor_device.c.obj
                0x10008a4c                vendord_open
 .text.vendord_xfer_cb
                0x10008b48       0x8c CMakeFiles/projecto_tp.dir/dd8c7786a820e656579efbb0d3f98f54/RTOS_y_arquitecturas/pico-sdk/lib/tinyusb/src/class/vendor/vendor_device.c.obj
                0x10008b48                vendord_xfer_cb
 .text.tusb_rhport_init
                0x10008bd4       0x74 CMakeFiles/projecto_tp.dir/867b3657bfc328e555055c7423ee0319/Especialidad_SEMB/RTOS_y_arquitecturas/pico-sdk/lib/tinyusb/src/tusb.c.obj
                0x10008bd4                tusb_rhport_init
 .text.tu_edpt_claim
                0x10008c48       0x54 CMakeFiles/projecto_tp.dir/867b3657bfc328e555055c7423ee0319/Especialidad_SEMB/RTOS_y_arquitecturas/pico-sdk/lib/tinyusb/src/tusb.c.obj
                0x10008c48                tu_edpt_claim
 .text.tu_edpt_release
                0x10008c9c       0x38 CMakeFiles/projecto_tp.dir/867b3657bfc328e555055c7423ee0319/Especialidad_SEMB/RTOS_y_arquitecturas/pico-sdk/lib/tinyusb/src/tusb.c.obj
                0x10008c9c                tu_edpt_release
 .text.tu_edpt_validate
                0x10008cd4       0x68 CMakeFiles/projecto_tp.dir/867b3657bfc328e555055c7423ee0319/Especialidad_SEMB/RTOS_y_arquitecturas/pico-sdk/lib/tinyusb/src/tusb.c.obj
                0x10008cd4                tu_edpt_validate
 .text.tu_edpt_bind_driver
                0x10008d3c       0x58 CMakeFiles/projecto_tp.dir/867b3657bfc328e555055c7423ee0319/Especialidad_SEMB/RTOS_y_arquitecturas/pico-sdk/lib/tinyusb/src/tusb.c.obj
                0x10008d3c                tu_edpt_bind_driver
 .text.tu_edpt_stream_init
                0x10008d94       0x58 CMakeFiles/projecto_tp.dir/867b3657bfc328e555055c7423ee0319/Especialidad_SEMB/RTOS_y_arquitecturas/pico-sdk/lib/tinyusb/src/tusb.c.obj
                0x10008d94                tu_edpt_stream_init
 .text.tu_edpt_stream_deinit
                0x10008dec        0x4 CMakeFiles/projecto_tp.dir/867b3657bfc328e555055c7423ee0319/Especialidad_SEMB/RTOS_y_arquitecturas/pico-sdk/lib/tinyusb/src/tusb.c.obj
                0x10008dec                tu_edpt_stream_deinit
 .text.tu_edpt_stream_write_zlp_if_needed
                0x10008df0       0x68 CMakeFiles/projecto_tp.dir/867b3657bfc328e555055c7423ee0319/Especialidad_SEMB/RTOS_y_arquitecturas/pico-sdk/lib/tinyusb/src/tusb.c.obj
                0x10008df0                tu_edpt_stream_write_zlp_if_needed
 .text.tu_edpt_stream_write_xfer
                0x10008e58       0x74 CMakeFiles/projecto_tp.dir/867b3657bfc328e555055c7423ee0319/Especialidad_SEMB/RTOS_y_arquitecturas/pico-sdk/lib/tinyusb/src/tusb.c.obj
                0x10008e58                tu_edpt_stream_write_xfer
 .text.tu_edpt_stream_read_xfer
                0x10008ecc       0xd4 CMakeFiles/projecto_tp.dir/867b3657bfc328e555055c7423ee0319/Especialidad_SEMB/RTOS_y_arquitecturas/pico-sdk/lib/tinyusb/src/tusb.c.obj
                0x10008ecc                tu_edpt_stream_read_xfer
 .text.tu_fifo_config
                0x10008fa0       0x64 CMakeFiles/projecto_tp.dir/dd8c7786a820e656579efbb0d3f98f54/RTOS_y_arquitecturas/pico-sdk/lib/tinyusb/src/common/tusb_fifo.c.obj
                0x10008fa0                tu_fifo_config
 .text.tu_fifo_count
                0x10009004       0x20 CMakeFiles/projecto_tp.dir/dd8c7786a820e656579efbb0d3f98f54/RTOS_y_arquitecturas/pico-sdk/lib/tinyusb/src/common/tusb_fifo.c.obj
                0x10009004                tu_fifo_count
 .text.tu_fifo_empty
                0x10009024       0x14 CMakeFiles/projecto_tp.dir/dd8c7786a820e656579efbb0d3f98f54/RTOS_y_arquitecturas/pico-sdk/lib/tinyusb/src/common/tusb_fifo.c.obj
                0x10009024                tu_fifo_empty
 .text.tu_fifo_remaining
                0x10009038       0x24 CMakeFiles/projecto_tp.dir/dd8c7786a820e656579efbb0d3f98f54/RTOS_y_arquitecturas/pico-sdk/lib/tinyusb/src/common/tusb_fifo.c.obj
                0x10009038                tu_fifo_remaining
 .text.tu_fifo_read
                0x1000905c       0x94 CMakeFiles/projecto_tp.dir/dd8c7786a820e656579efbb0d3f98f54/RTOS_y_arquitecturas/pico-sdk/lib/tinyusb/src/common/tusb_fifo.c.obj
                0x1000905c                tu_fifo_read
 .text.tu_fifo_read_n
                0x100090f0       0xd4 CMakeFiles/projecto_tp.dir/dd8c7786a820e656579efbb0d3f98f54/RTOS_y_arquitecturas/pico-sdk/lib/tinyusb/src/common/tusb_fifo.c.obj
                0x100090f0                tu_fifo_read_n
 .text.tu_fifo_write
                0x100091c4       0x84 CMakeFiles/projecto_tp.dir/dd8c7786a820e656579efbb0d3f98f54/RTOS_y_arquitecturas/pico-sdk/lib/tinyusb/src/common/tusb_fifo.c.obj
                0x100091c4                tu_fifo_write
 .text.tu_fifo_write_n
                0x10009248      0x15c CMakeFiles/projecto_tp.dir/dd8c7786a820e656579efbb0d3f98f54/RTOS_y_arquitecturas/pico-sdk/lib/tinyusb/src/common/tusb_fifo.c.obj
                0x10009248                tu_fifo_write_n
 .text.tu_fifo_clear
                0x100093a4       0x38 CMakeFiles/projecto_tp.dir/dd8c7786a820e656579efbb0d3f98f54/RTOS_y_arquitecturas/pico-sdk/lib/tinyusb/src/common/tusb_fifo.c.obj
                0x100093a4                tu_fifo_clear
 .text.tu_fifo_set_overwritable
                0x100093dc       0x3c CMakeFiles/projecto_tp.dir/dd8c7786a820e656579efbb0d3f98f54/RTOS_y_arquitecturas/pico-sdk/lib/tinyusb/src/common/tusb_fifo.c.obj
                0x100093dc                tu_fifo_set_overwritable
 .text          0x10009418       0xec c:/progra~2/gnuarm~1/102021~1.10/bin/../lib/gcc/arm-none-eabi/10.3.1/../../../../arm-none-eabi/lib/thumb/v8-m.main+fp/softfp\libg.a(lib_a-memcpy.o)
                0x10009418                memcpy
 .text.memset   0x10009504       0xa4 c:/progra~2/gnuarm~1/102021~1.10/bin/../lib/gcc/arm-none-eabi/10.3.1/../../../../arm-none-eabi/lib/thumb/v8-m.main+fp/softfp\libg.a(lib_a-memset.o)
                0x10009504                memset
 .text.strlen   0x100095a8       0x5c c:/progra~2/gnuarm~1/102021~1.10/bin/../lib/gcc/arm-none-eabi/10.3.1/../../../../arm-none-eabi/lib/thumb/v8-m.main+fp/softfp\libg.a(lib_a-strlen-stub.o)
                0x100095a8                strlen
 *(.fini)
 .fini          0x10009604        0x4 c:/progra~2/gnuarm~1/102021~1.10/bin/../lib/gcc/arm-none-eabi/10.3.1/thumb/v8-m.main+fp/softfp/crti.o
                0x10009604                _fini
 .fini.__stub   0x10009608       0xc0 linker stubs
 *crtbegin.o(.ctors)
 *crtbegin?.o(.ctors)
 *(EXCLUDE_FILE(*crtend.o *crtend?.o) .ctors)
 *(SORT_BY_NAME(.ctors.*))
 *(.ctors)
 *crtbegin.o(.dtors)
 *crtbegin?.o(.dtors)
 *(EXCLUDE_FILE(*crtend.o *crtend?.o) .dtors)
 *(SORT_BY_NAME(.dtors.*))
 *(.dtors)
                0x100096c8                . = ALIGN (0x4)
                0x100096c8                PROVIDE (__preinit_array_start = .)
 *(SORT_BY_NAME(.preinit_array.*))
 .preinit_array.00050
                0x100096c8        0x4 CMakeFiles/projecto_tp.dir/804150199349899753a8711307edc92f/pico-sdk/src/rp2_common/pico_runtime_init/runtime_init.c.obj
                0x100096c8                __pre_init_runtime_init_bootrom_reset
 .preinit_array.00100
                0x100096cc        0x4 CMakeFiles/projecto_tp.dir/804150199349899753a8711307edc92f/pico-sdk/src/rp2_common/pico_runtime_init/runtime_init.c.obj
                0x100096cc                __pre_init_runtime_init_early_resets
 .preinit_array.00101
                0x100096d0        0x4 CMakeFiles/projecto_tp.dir/804150199349899753a8711307edc92f/pico-sdk/src/rp2_common/pico_runtime_init/runtime_init.c.obj
                0x100096d0                __pre_init_runtime_init_usb_power_down
 .preinit_array.00500
                0x100096d4        0x4 CMakeFiles/projecto_tp.dir/804150199349899753a8711307edc92f/pico-sdk/src/rp2_common/pico_runtime_init/runtime_init.c.obj
                0x100096d4                __pre_init_runtime_init_clocks
 .preinit_array.00600
                0x100096d8        0x4 CMakeFiles/projecto_tp.dir/804150199349899753a8711307edc92f/pico-sdk/src/rp2_common/pico_runtime_init/runtime_init.c.obj
                0x100096d8                __pre_init_runtime_init_post_clock_resets
 .preinit_array.01000
                0x100096dc        0x4 CMakeFiles/projecto_tp.dir/dd8c7786a820e656579efbb0d3f98f54/RTOS_y_arquitecturas/pico-sdk/src/rp2_common/hardware_boot_lock/boot_lock.c.obj
                0x100096dc                __pre_init_runtime_init_boot_locks_reset
 .preinit_array.01000
                0x100096e0        0x4 CMakeFiles/projecto_tp.dir/804150199349899753a8711307edc92f/pico-sdk/src/rp2_common/pico_runtime_init/runtime_init.c.obj
                0x100096e0                __pre_init_runtime_init_spin_locks_reset
 .preinit_array.01010
                0x100096e4        0x4 CMakeFiles/projecto_tp.dir/dd8c7786a820e656579efbb0d3f98f54/RTOS_y_arquitecturas/pico-sdk/src/rp2_common/pico_bootrom/bootrom_lock.c.obj
                0x100096e4                __pre_init_runtime_init_bootrom_locking_enable
 .preinit_array.01100
                0x100096e8        0x4 CMakeFiles/projecto_tp.dir/dd8c7786a820e656579efbb0d3f98f54/RTOS_y_arquitecturas/pico-sdk/src/common/pico_sync/mutex.c.obj
                0x100096e8                __pre_init_runtime_init_mutex
 .preinit_array.10080
                0x100096ec        0x4 CMakeFiles/projecto_tp.dir/804150199349899753a8711307edc92f/pico-sdk/src/rp2_common/pico_runtime_init/runtime_init.c.obj
                0x100096ec                __pre_init_runtime_init_install_ram_vector_table
 .preinit_array.11000
                0x100096f0        0x4 CMakeFiles/projecto_tp.dir/867b3657bfc328e555055c7423ee0319/Especialidad_SEMB/RTOS_y_arquitecturas/pico-sdk/src/common/pico_time/time.c.obj
                0x100096f0                __pre_init_runtime_init_default_alarm_pool
 .preinit_array.YYYYY
                0x100096f4        0x4 CMakeFiles/projecto_tp.dir/dd8c7786a820e656579efbb0d3f98f54/RTOS_y_arquitecturas/pico-sdk/src/rp2_common/pico_runtime/runtime.c.obj
                0x100096f4                __pre_init_first_per_core_initializer
 .preinit_array.ZZZZZ.00051
                0x100096f8        0x4 CMakeFiles/projecto_tp.dir/804150199349899753a8711307edc92f/pico-sdk/src/rp2_common/pico_runtime_init/runtime_init.c.obj
                0x100096f8                __pre_init_runtime_init_per_core_bootrom_reset
 .preinit_array.ZZZZZ.00200
                0x100096fc        0x4 CMakeFiles/projecto_tp.dir/804150199349899753a8711307edc92f/pico-sdk/src/rp2_common/pico_runtime_init/runtime_init.c.obj
                0x100096fc                __pre_init_runtime_init_per_core_enable_coprocessors
 .preinit_array.ZZZZZ.01000
                0x10009700        0x4 CMakeFiles/projecto_tp.dir/804150199349899753a8711307edc92f/pico-sdk/src/rp2_common/hardware_sync_spin_lock/sync_spin_lock.c.obj
                0x10009700                __pre_init_spinlock_set_extexclall
 .preinit_array.ZZZZZ.01200
                0x10009704        0x4 CMakeFiles/projecto_tp.dir/dd8c7786a820e656579efbb0d3f98f54/RTOS_y_arquitecturas/pico-sdk/src/rp2_common/hardware_irq/irq.c.obj
                0x10009704                __pre_init_runtime_init_per_core_irq_priorities
 *(.preinit_array)
                0x10009708                PROVIDE (__preinit_array_end = .)
                0x10009708                . = ALIGN (0x4)
                0x10009708                PROVIDE (__init_array_start = .)
 *(SORT_BY_NAME(.init_array.*))
 .init_array.01000
                0x10009708        0x4 CMakeFiles/projecto_tp.dir/dd8c7786a820e656579efbb0d3f98f54/RTOS_y_arquitecturas/pico-sdk/src/rp2_common/pico_unique_id/unique_id.c.obj
 *(.init_array)
 .init_array    0x1000970c        0x4 c:/progra~2/gnuarm~1/102021~1.10/bin/../lib/gcc/arm-none-eabi/10.3.1/thumb/v8-m.main+fp/softfp/crtbegin.o
 .init_array    0x10009710        0x4 CMakeFiles/projecto_tp.dir/804150199349899753a8711307edc92f/FreeRTOS-Kernel/portable/ThirdParty/GCC/RP2350_ARM_NTZ/non_secure/port.c.obj
                0x10009714                PROVIDE (__init_array_end = .)
                0x10009714                . = ALIGN (0x4)
                [!provide]                PROVIDE (__fini_array_start = .)
 *(SORT_BY_NAME(.fini_array.*))
 *(.fini_array)
                [!provide]                PROVIDE (__fini_array_end = .)
 *(.eh_frame*)
 .eh_frame      0x10009714        0x0 c:/progra~2/gnuarm~1/102021~1.10/bin/../lib/gcc/arm-none-eabi/10.3.1/thumb/v8-m.main+fp/softfp/crtbegin.o
                0x10009714                . = ALIGN (0x4)

.glue_7         0x10009714        0x0
 .glue_7        0x10009714        0x0 linker stubs

.glue_7t        0x10009714        0x0
 .glue_7t       0x10009714        0x0 linker stubs

.vfp11_veneer   0x10009714        0x0
 .vfp11_veneer  0x10009714        0x0 linker stubs

.v4_bx          0x10009714        0x0
 .v4_bx         0x10009714        0x0 linker stubs

.iplt           0x10009714        0x0
 .iplt          0x10009714        0x0 c:/progra~2/gnuarm~1/102021~1.10/bin/../lib/gcc/arm-none-eabi/10.3.1/thumb/v8-m.main+fp/softfp/crtbegin.o

.boot2          0x10009714        0x0
                0x10009714                __boot2_start__ = .
 *(.boot2)
                0x10009714                __boot2_end__ = .
                0x00000001                ASSERT (((__boot2_end__ - __boot2_start__) <= 0x100), ERROR: Pico second stage bootloader must be no more than 256 bytes in size)

.rodata         0x10009718      0x650
 *(EXCLUDE_FILE(*libm.a: *libc.a:*lib_a-mem*.o *libgcc.a:) .rodata*)
 .rodata.Filtrar_muestras.str1.4
                0x10009718       0x73 CMakeFiles/projecto_tp.dir/projecto_tpc.c.obj
 *fill*         0x1000978b        0x1 
 .rodata.max30100_read_fifo_data.str1.4
                0x1000978c       0x5d CMakeFiles/projecto_tp.dir/projecto_tpc.c.obj
 *fill*         0x100097e9        0x3 
 .rodata.max30100_init_with_interrupts.str1.4
                0x100097ec      0x136 CMakeFiles/projecto_tp.dir/projecto_tpc.c.obj
 *fill*         0x10009922        0x2 
 .rodata.main.str1.4
                0x10009924       0x24 CMakeFiles/projecto_tp.dir/projecto_tpc.c.obj
 .rodata.__bi_120.0
                0x10009948        0x8 CMakeFiles/projecto_tp.dir/projecto_tpc.c.obj
 .rodata.panic.str1.4
                0x10009950       0x12 CMakeFiles/projecto_tp.dir/dd8c7786a820e656579efbb0d3f98f54/RTOS_y_arquitecturas/pico-sdk/src/rp2_common/pico_platform_panic/panic.c.obj
 *fill*         0x10009962        0x2 
 .rodata.spin_lock_claim.str1.4
                0x10009964       0x1f CMakeFiles/projecto_tp.dir/dd8c7786a820e656579efbb0d3f98f54/RTOS_y_arquitecturas/pico-sdk/src/rp2_common/hardware_sync/sync.c.obj
 *fill*         0x10009983        0x1 
 .rodata.spin_lock_claim_unused.str1.4
                0x10009984       0x1b CMakeFiles/projecto_tp.dir/dd8c7786a820e656579efbb0d3f98f54/RTOS_y_arquitecturas/pico-sdk/src/rp2_common/hardware_sync/sync.c.obj
 *fill*         0x1000999f        0x1 
 .rodata.user_irq_claim_unused.str1.4
                0x100099a0       0x1b CMakeFiles/projecto_tp.dir/dd8c7786a820e656579efbb0d3f98f54/RTOS_y_arquitecturas/pico-sdk/src/rp2_common/hardware_irq/irq.c.obj
 *fill*         0x100099bb        0x1 
 .rodata.timer_hardware_alarm_claim.str1.4
                0x100099bc       0x22 CMakeFiles/projecto_tp.dir/dd8c7786a820e656579efbb0d3f98f54/RTOS_y_arquitecturas/pico-sdk/src/rp2_common/hardware_timer/timer.c.obj
 *fill*         0x100099de        0x2 
 .rodata.xTimerCreateTimerTask.str1.4
                0x100099e0       0x10 CMakeFiles/projecto_tp.dir/C_/Users/Bangho/Desktop/Trabajos_material/Especialidad_SEMB/RTOS_y_arquitecturas/FreeRTOS-Kernel/timers.c.obj
 .rodata.multicore_doorbell_claim_unused.str1.4
                0x100099f0       0x12 CMakeFiles/projecto_tp.dir/dd8c7786a820e656579efbb0d3f98f54/RTOS_y_arquitecturas/pico-sdk/src/rp2_common/pico_multicore/multicore.c.obj
 *fill*         0x10009a02        0x2 
 .rodata.hard_assertion_failure.str1.4
                0x10009a04        0xc CMakeFiles/projecto_tp.dir/dd8c7786a820e656579efbb0d3f98f54/RTOS_y_arquitecturas/pico-sdk/src/rp2_common/pico_runtime/runtime.c.obj
 .rodata.str1.4
                0x10009a10       0x40 CMakeFiles/projecto_tp.dir/804150199349899753a8711307edc92f/pico-sdk/src/rp2_common/pico_standard_binary_info/standard_binary_info.c.obj
 .rodata.__bi_26
                0x10009a50        0xc CMakeFiles/projecto_tp.dir/804150199349899753a8711307edc92f/pico-sdk/src/rp2_common/pico_standard_binary_info/standard_binary_info.c.obj
 .rodata.__bi_34
                0x10009a5c        0xc CMakeFiles/projecto_tp.dir/804150199349899753a8711307edc92f/pico-sdk/src/rp2_common/pico_standard_binary_info/standard_binary_info.c.obj
 .rodata.__bi_42
                0x10009a68        0xc CMakeFiles/projecto_tp.dir/804150199349899753a8711307edc92f/pico-sdk/src/rp2_common/pico_standard_binary_info/standard_binary_info.c.obj
 .rodata.__bi_48
                0x10009a74        0xc CMakeFiles/projecto_tp.dir/804150199349899753a8711307edc92f/pico-sdk/src/rp2_common/pico_standard_binary_info/standard_binary_info.c.obj
 .rodata.__bi_54
                0x10009a80        0xc CMakeFiles/projecto_tp.dir/804150199349899753a8711307edc92f/pico-sdk/src/rp2_common/pico_standard_binary_info/standard_binary_info.c.obj
 .rodata.__bi_78
                0x10009a8c        0xc CMakeFiles/projecto_tp.dir/804150199349899753a8711307edc92f/pico-sdk/src/rp2_common/pico_standard_binary_info/standard_binary_info.c.obj
 .rodata.__bi_84
                0x10009a98        0xc CMakeFiles/projecto_tp.dir/804150199349899753a8711307edc92f/pico-sdk/src/rp2_common/pico_standard_binary_info/standard_binary_info.c.obj
 .rodata._ftoa.str1.4
                0x10009aa4       0x15 CMakeFiles/projecto_tp.dir/dd8c7786a820e656579efbb0d3f98f54/RTOS_y_arquitecturas/pico-sdk/src/rp2_common/pico_printf/printf.c.obj
 *fill*         0x10009ab9        0x7 
 .rodata.pow10.0
                0x10009ac0       0x50 CMakeFiles/projecto_tp.dir/dd8c7786a820e656579efbb0d3f98f54/RTOS_y_arquitecturas/pico-sdk/src/rp2_common/pico_printf/printf.c.obj
 .rodata.crlf_str.0
                0x10009b10        0x2 CMakeFiles/projecto_tp.dir/dd8c7786a820e656579efbb0d3f98f54/RTOS_y_arquitecturas/pico-sdk/src/rp2_common/pico_stdio/stdio.c.obj
 *fill*         0x10009b12        0x2 
 .rodata._resetd_driver
                0x10009b14       0x20 CMakeFiles/projecto_tp.dir/804150199349899753a8711307edc92f/pico-sdk/src/rp2_common/pico_stdio_usb/reset_interface.c.obj
 .rodata.desc_bos
                0x10009b34       0x21 CMakeFiles/projecto_tp.dir/804150199349899753a8711307edc92f/pico-sdk/src/rp2_common/pico_stdio_usb/reset_interface.c.obj
                0x10009b34                desc_bos
 *fill*         0x10009b55        0x3 
 .rodata.desc_ms_os_20
                0x10009b58       0xa6 CMakeFiles/projecto_tp.dir/804150199349899753a8711307edc92f/pico-sdk/src/rp2_common/pico_stdio_usb/reset_interface.c.obj
 *fill*         0x10009bfe        0x2 
 .rodata.str1.4
                0x10009c00       0x13 CMakeFiles/projecto_tp.dir/dd8c7786a820e656579efbb0d3f98f54/RTOS_y_arquitecturas/pico-sdk/src/rp2_common/pico_stdio_usb/stdio_usb.c.obj
 *fill*         0x10009c13        0x1 
 .rodata.__bi_202.0